

================================================================
== Vivado HLS Report for 'decimation2'
================================================================
* Date:           Tue Apr 28 18:38:14 2020

* Version:        2019.2 (Build 2704478 on Wed Nov 06 22:10:23 MST 2019)
* Project:        demodulationFM
* Solution:       solution2
* Product family: kintex7
* Target device:  xc7k70t-fbv676-1


================================================================
== Performance Estimates
================================================================
+ Timing: 
    * Summary: 
    +--------+----------+----------+------------+
    |  Clock |  Target  | Estimated| Uncertainty|
    +--------+----------+----------+------------+
    |ap_clk  | 10.00 ns | 5.480 ns |   1.25 ns  |
    +--------+----------+----------+------------+

+ Latency: 
    * Summary: 
    +---------+---------+----------+----------+-------+-------+---------+
    |  Latency (cycles) |  Latency (absolute) |    Interval   | Pipeline|
    |   min   |   max   |    min   |    max   |  min  |  max  |   Type  |
    +---------+---------+----------+----------+-------+-------+---------+
    |    25001|    25001| 0.250 ms | 0.250 ms |  25001|  25001|   none  |
    +---------+---------+----------+----------+-------+-------+---------+

    + Detail: 
        * Instance: 
        N/A

        * Loop: 
        +----------+---------+---------+----------+-----------+-----------+-------+----------+
        |          |  Latency (cycles) | Iteration|  Initiation Interval  |  Trip |          |
        | Loop Name|   min   |   max   |  Latency |  achieved |   target  | Count | Pipelined|
        +----------+---------+---------+----------+-----------+-----------+-------+----------+
        |- Loop 1  |    25000|    25000|         2|          -|          -|  12500|    no    |
        +----------+---------+---------+----------+-----------+-----------+-------+----------+



================================================================
== Utilization Estimates
================================================================
* Summary: 
+-----------------+---------+-------+-------+-------+-----+
|       Name      | BRAM_18K| DSP48E|   FF  |  LUT  | URAM|
+-----------------+---------+-------+-------+-------+-----+
|DSP              |        -|      -|      -|      -|    -|
|Expression       |        -|      -|      0|     97|    -|
|FIFO             |        -|      -|      -|      -|    -|
|Instance         |        -|      -|      -|      -|    -|
|Memory           |        -|      -|      -|      -|    -|
|Multiplexer      |        -|      -|      -|     48|    -|
|Register         |        -|      -|     45|      -|    -|
+-----------------+---------+-------+-------+-------+-----+
|Total            |        0|      0|     45|    145|    0|
+-----------------+---------+-------+-------+-------+-----+
|Available        |      270|    240|  82000|  41000|    0|
+-----------------+---------+-------+-------+-------+-----+
|Utilization (%)  |        0|      0|   ~0  |   ~0  |    0|
+-----------------+---------+-------+-------+-------+-----+

+ Detail: 
    * Instance: 
    N/A

    * DSP48E: 
    N/A

    * Memory: 
    N/A

    * FIFO: 
    N/A

    * Expression: 
    +------------------------+----------+-------+---+----+------------+------------+
    |      Variable Name     | Operation| DSP48E| FF| LUT| Bitwidth P0| Bitwidth P1|
    +------------------------+----------+-------+---+----+------------+------------+
    |add_ln230_1_fu_101_p2   |     +    |      0|  0|  21|          14|           1|
    |n_fu_80_p2              |     +    |      0|  0|  21|          14|           1|
    |ap_block_state3         |    and   |      0|  0|   6|           1|           1|
    |icmp_ln230_1_fu_107_p2  |   icmp   |      0|  0|  13|          14|           4|
    |icmp_ln230_fu_74_p2     |   icmp   |      0|  0|  13|          14|          13|
    |icmp_ln233_fu_95_p2     |   icmp   |      0|  0|   9|           4|           1|
    |select_ln230_fu_113_p3  |  select  |      0|  0|  14|           1|          14|
    +------------------------+----------+-------+---+----+------------+------------+
    |Total                   |          |      0|  0|  97|          62|          35|
    +------------------------+----------+-------+---+----+------------+------------+

    * Multiplexer: 
    +-----------------+----+-----------+-----+-----------+
    |       Name      | LUT| Input Size| Bits| Total Bits|
    +-----------------+----+-----------+-----+-----------+
    |ap_NS_fsm        |  21|          4|    1|          4|
    |n_0_reg_51       |   9|          2|   14|         28|
    |new_ary_V_blk_n  |   9|          2|    1|          2|
    |phi_urem_reg_62  |   9|          2|   14|         28|
    +-----------------+----+-----------+-----+-----------+
    |Total            |  48|         10|   30|         62|
    +-----------------+----+-----------+-----+-----------+

    * Register: 
    +-----------------+----+----+-----+-----------+
    |       Name      | FF | LUT| Bits| Const Bits|
    +-----------------+----+----+-----+-----------+
    |ap_CS_fsm        |   3|   0|    3|          0|
    |n_0_reg_51       |  14|   0|   14|          0|
    |n_reg_124        |  14|   0|   14|          0|
    |phi_urem_reg_62  |  14|   0|   14|          0|
    +-----------------+----+----+-----+-----------+
    |Total            |  45|   0|   45|          0|
    +-----------------+----+----+-----+-----------+



================================================================
== Interface
================================================================
* Summary: 
+------------------+-----+-----+------------+--------------+--------------+
|     RTL Ports    | Dir | Bits|  Protocol  | Source Object|    C Type    |
+------------------+-----+-----+------------+--------------+--------------+
|ap_clk            |  in |    1| ap_ctrl_hs |  decimation2 | return value |
|ap_rst            |  in |    1| ap_ctrl_hs |  decimation2 | return value |
|ap_start          |  in |    1| ap_ctrl_hs |  decimation2 | return value |
|ap_done           | out |    1| ap_ctrl_hs |  decimation2 | return value |
|ap_idle           | out |    1| ap_ctrl_hs |  decimation2 | return value |
|ap_ready          | out |    1| ap_ctrl_hs |  decimation2 | return value |
|ary_V_address0    | out |   14|  ap_memory |     ary_V    |     array    |
|ary_V_ce0         | out |    1|  ap_memory |     ary_V    |     array    |
|ary_V_q0          |  in |   32|  ap_memory |     ary_V    |     array    |
|new_ary_V_din     | out |   32|   ap_fifo  |   new_ary_V  |    pointer   |
|new_ary_V_full_n  |  in |    1|   ap_fifo  |   new_ary_V  |    pointer   |
|new_ary_V_write   | out |    1|   ap_fifo  |   new_ary_V  |    pointer   |
+------------------+-----+-----+------------+--------------+--------------+

