

================================================================
== Vivado HLS Report for 'fir'
================================================================
* Date:           Tue Apr 28 18:38:13 2020

* Version:        2019.2 (Build 2704478 on Wed Nov 06 22:10:23 MST 2019)
* Project:        demodulationFM
* Solution:       solution2
* Product family: kintex7
* Target device:  xc7k70t-fbv676-1


================================================================
== Performance Estimates
================================================================
+ Timing: 
    * Summary: 
    +--------+----------+----------+------------+
    |  Clock |  Target  | Estimated| Uncertainty|
    +--------+----------+----------+------------+
    |ap_clk  | 10.00 ns | 8.367 ns |   1.25 ns  |
    +--------+----------+----------+------------+

+ Latency: 
    * Summary: 
    +---------+---------+-----------+-----------+---------+---------+---------+
    |  Latency (cycles) |   Latency (absolute)  |      Interval     | Pipeline|
    |   min   |   max   |    min    |    max    |   min   |   max   |   Type  |
    +---------+---------+-----------+-----------+---------+---------+---------+
    |  9597088|  9597088| 95.971 ms | 95.971 ms |  9597088|  9597088|   none  |
    +---------+---------+-----------+-----------+---------+---------+---------+

    + Detail: 
        * Instance: 
        N/A

        * Loop: 
        +----------+---------+---------+----------+-----------+-----------+-------+----------+
        |          |  Latency (cycles) | Iteration|  Initiation Interval  |  Trip |          |
        | Loop Name|   min   |   max   |  Latency |  achieved |   target  | Count | Pipelined|
        +----------+---------+---------+----------+-----------+-----------+-------+----------+
        |- Loop 1  |       62|       62|         2|          -|          -|     31|    no    |
        |- Loop 2  |  9597024|  9597024|        96|          -|          -|  99969|    no    |
        | + HConv  |       93|       93|         3|          -|          -|     31|    no    |
        +----------+---------+---------+----------+-----------+-----------+-------+----------+



================================================================
== Utilization Estimates
================================================================
* Summary: 
+-----------------+---------+-------+-------+-------+-----+
|       Name      | BRAM_18K| DSP48E|   FF  |  LUT  | URAM|
+-----------------+---------+-------+-------+-------+-----+
|DSP              |        -|      -|      -|      -|    -|
|Expression       |        -|      2|      0|    213|    -|
|FIFO             |        -|      -|      -|      -|    -|
|Instance         |        -|      -|      -|      -|    -|
|Memory           |        0|      -|     76|     22|    0|
|Multiplexer      |        -|      -|      -|    161|    -|
|Register         |        -|      -|    181|      -|    -|
+-----------------+---------+-------+-------+-------+-----+
|Total            |        0|      2|    257|    396|    0|
+-----------------+---------+-------+-------+-------+-----+
|Available        |      270|    240|  82000|  41000|    0|
+-----------------+---------+-------+-------+-------+-----+
|Utilization (%)  |        0|   ~0  |   ~0  |   ~0  |    0|
+-----------------+---------+-------+-------+-------+-----+

+ Detail: 
    * Instance: 
    N/A

    * DSP48E: 
    N/A

    * Memory: 
    +----------+------------+---------+----+----+-----+------+-----+------+-------------+
    |  Memory  |   Module   | BRAM_18K| FF | LUT| URAM| Words| Bits| Banks| W*Bits*Banks|
    +----------+------------+---------+----+----+-----+------+-----+------+-------------+
    |coef_U    |fir_coef    |        0|  12|   6|    0|    31|   12|     1|          372|
    |hwin_V_U  |fir_hwin_V  |        0|  64|  16|    0|    31|   32|     1|          992|
    +----------+------------+---------+----+----+-----+------+-----+------+-------------+
    |Total     |            |        0|  76|  22|    0|    62|   44|     2|         1364|
    +----------+------------+---------+----+----+-----+------+-----+------+-------------+

    * FIFO: 
    N/A

    * Expression: 
    +-----------------------+----------+-------+---+----+------------+------------+
    |     Variable Name     | Operation| DSP48E| FF| LUT| Bitwidth P0| Bitwidth P1|
    +-----------------------+----------+-------+---+----+------------+------------+
    |r_V_fu_255_p2          |     *    |      2|  0|  21|          12|          32|
    |i_fu_214_p2            |     +    |      0|  0|  15|           5|           1|
    |j_fu_186_p2            |     +    |      0|  0|  15|           5|           1|
    |l_fu_236_p2            |     +    |      0|  0|  24|          17|           1|
    |ret_V_fu_273_p2        |     +    |      0|  0|  55|          48|          48|
    |icmp_ln39_fu_180_p2    |   icmp   |      0|  0|  11|           5|           2|
    |icmp_ln44_fu_197_p2    |   icmp   |      0|  0|  18|          17|          16|
    |icmp_ln48_fu_208_p2    |   icmp   |      0|  0|  11|           5|           2|
    |icmp_ln49_fu_225_p2    |   icmp   |      0|  0|  11|           5|           3|
    |select_ln49_fu_242_p3  |  select  |      0|  0|  32|           1|          32|
    +-----------------------+----------+-------+---+----+------------+------------+
    |Total                  |          |      2|  0| 213|         120|         138|
    +-----------------------+----------+-------+---+----+------------+------------+

    * Multiplexer: 
    +------------------+----+-----------+-----+-----------+
    |       Name       | LUT| Input Size| Bits| Total Bits|
    +------------------+----+-----------+-----+-----------+
    |ap_NS_fsm         |  44|          9|    1|          9|
    |hwin_V_address0   |  21|          4|    5|         20|
    |hwin_V_d0         |  15|          3|   32|         96|
    |i_0_reg_169       |   9|          2|    5|         10|
    |j_0_reg_133       |   9|          2|    5|         10|
    |l_0_reg_144       |   9|          2|   17|         34|
    |p_Val2_s_reg_156  |   9|          2|   32|         64|
    |x_V_address0      |  15|          3|   17|         51|
    |y_V_address0      |  15|          3|   17|         51|
    |y_V_d0            |  15|          3|   32|         96|
    +------------------+----+-----------+-----+-----------+
    |Total             | 161|         33|  163|        441|
    +------------------+----+-----------+-----+-----------+

    * Register: 
    +---------------------+----+----+-----+-----------+
    |         Name        | FF | LUT| Bits| Const Bits|
    +---------------------+----+----+-----+-----------+
    |ap_CS_fsm            |   8|   0|    8|          0|
    |coef_load_reg_364    |  12|   0|   12|          0|
    |i_0_reg_169          |   5|   0|    5|          0|
    |i_reg_329            |   5|   0|    5|          0|
    |icmp_ln49_reg_339    |   1|   0|    1|          0|
    |in_val_V_reg_321     |  32|   0|   32|          0|
    |j_0_reg_133          |   5|   0|    5|          0|
    |j_reg_292            |   5|   0|    5|          0|
    |l_0_reg_144          |  17|   0|   17|          0|
    |p_Val2_s_reg_156     |  32|   0|   32|          0|
    |select_ln49_reg_359  |  32|   0|   32|          0|
    |zext_ln41_reg_297    |   5|   0|   64|         59|
    |zext_ln46_reg_311    |  17|   0|   64|         47|
    |zext_ln49_reg_334    |   5|   0|   64|         59|
    +---------------------+----+----+-----+-----------+
    |Total                | 181|   0|  346|        165|
    +---------------------+----+----+-----+-----------+



================================================================
== Interface
================================================================
* Summary: 
+--------------+-----+-----+------------+--------------+--------------+
|   RTL Ports  | Dir | Bits|  Protocol  | Source Object|    C Type    |
+--------------+-----+-----+------------+--------------+--------------+
|ap_clk        |  in |    1| ap_ctrl_hs |      fir     | return value |
|ap_rst        |  in |    1| ap_ctrl_hs |      fir     | return value |
|ap_start      |  in |    1| ap_ctrl_hs |      fir     | return value |
|ap_done       | out |    1| ap_ctrl_hs |      fir     | return value |
|ap_idle       | out |    1| ap_ctrl_hs |      fir     | return value |
|ap_ready      | out |    1| ap_ctrl_hs |      fir     | return value |
|x_V_address0  | out |   17|  ap_memory |      x_V     |     array    |
|x_V_ce0       | out |    1|  ap_memory |      x_V     |     array    |
|x_V_q0        |  in |   32|  ap_memory |      x_V     |     array    |
|y_V_address0  | out |   17|  ap_memory |      y_V     |     array    |
|y_V_ce0       | out |    1|  ap_memory |      y_V     |     array    |
|y_V_we0       | out |    1|  ap_memory |      y_V     |     array    |
|y_V_d0        | out |   32|  ap_memory |      y_V     |     array    |
+--------------+-----+-----+------------+--------------+--------------+

