

================================================================
== Vivado HLS Report for 'shift'
================================================================
* Date:           Tue Apr 28 18:38:13 2020

* Version:        2019.2 (Build 2704478 on Wed Nov 06 22:10:23 MST 2019)
* Project:        demodulationFM
* Solution:       solution2
* Product family: kintex7
* Target device:  xc7k70t-fbv676-1


================================================================
== Performance Estimates
================================================================
+ Timing: 
    * Summary: 
    +--------+----------+----------+------------+
    |  Clock |  Target  | Estimated| Uncertainty|
    +--------+----------+----------+------------+
    |ap_clk  | 10.00 ns | 8.270 ns |   1.25 ns  |
    +--------+----------+----------+------------+

+ Latency: 
    * Summary: 
    +---------+---------+----------+----------+--------+--------+---------+
    |  Latency (cycles) |  Latency (absolute) |     Interval    | Pipeline|
    |   min   |   max   |    min   |    max   |   min  |   max  |   Type  |
    +---------+---------+----------+----------+--------+--------+---------+
    |   600001|   600001| 6.000 ms | 6.000 ms |  600001|  600001|   none  |
    +---------+---------+----------+----------+--------+--------+---------+

    + Detail: 
        * Instance: 
        N/A

        * Loop: 
        +----------+---------+---------+----------+-----------+-----------+--------+----------+
        |          |  Latency (cycles) | Iteration|  Initiation Interval  |  Trip  |          |
        | Loop Name|   min   |   max   |  Latency |  achieved |   target  |  Count | Pipelined|
        +----------+---------+---------+----------+-----------+-----------+--------+----------+
        |- Loop 1  |   600000|   600000|         6|          -|          -|  100000|    no    |
        +----------+---------+---------+----------+-----------+-----------+--------+----------+



================================================================
== Utilization Estimates
================================================================
* Summary: 
+-----------------+---------+-------+-------+-------+-----+
|       Name      | BRAM_18K| DSP48E|   FF  |  LUT  | URAM|
+-----------------+---------+-------+-------+-------+-----+
|DSP              |        -|      -|      -|      -|    -|
|Expression       |        -|      8|      0|    869|    -|
|FIFO             |        -|      -|      -|      -|    -|
|Instance         |        -|      -|      -|      -|    -|
|Memory           |        0|      -|     18|     20|    -|
|Multiplexer      |        -|      -|      -|    215|    -|
|Register         |        -|      -|    366|      -|    -|
+-----------------+---------+-------+-------+-------+-----+
|Total            |        0|      8|    384|   1104|    0|
+-----------------+---------+-------+-------+-------+-----+
|Available        |      270|    240|  82000|  41000|    0|
+-----------------+---------+-------+-------+-------+-----+
|Utilization (%)  |        0|      3|   ~0  |      2|    0|
+-----------------+---------+-------+-------+-------+-----+

+ Detail: 
    * Instance: 
    N/A

    * DSP48E: 
    N/A

    * Memory: 
    +-------------+-----------------+---------+---+----+-----+------+-----+------+-------------+
    |    Memory   |      Module     | BRAM_18K| FF| LUT| URAM| Words| Bits| Banks| W*Bits*Banks|
    +-------------+-----------------+---------+---+----+-----+------+-----+------+-------------+
    |cos_table_U  |shift_cos_table  |        0|  9|  10|    0|    65|    9|     1|          585|
    |sin_table_U  |shift_sin_table  |        0|  9|  10|    0|    65|    9|     1|          585|
    +-------------+-----------------+---------+---+----+-----+------+-----+------+-------------+
    |Total        |                 |        0| 18|  20|    0|   130|   18|     2|         1170|
    +-------------+-----------------+---------+---+----+-----+------+-----+------+-------------+

    * FIFO: 
    N/A

    * Expression: 
    +------------------------+----------+-------+---+----+------------+------------+
    |      Variable Name     | Operation| DSP48E| FF| LUT| Bitwidth P0| Bitwidth P1|
    +------------------------+----------+-------+---+----+------------+------------+
    |mul_ln1192_fu_742_p2    |     *    |      2|  0|  21|          32|           9|
    |mul_ln1193_fu_769_p2    |     *    |      2|  0|  21|          32|           9|
    |mul_ln700_1_fu_764_p2   |     *    |      2|  0|  21|          32|           9|
    |mul_ln700_fu_738_p2     |     *    |      2|  0|  21|          32|           9|
    |add_ln1192_fu_402_p2    |     +    |      0|  0|  48|          29|          41|
    |m_fu_384_p2             |     +    |      0|  0|  24|          17|           1|
    |ret_V_1_fu_466_p2       |     +    |      0|  0|  23|           1|          16|
    |ret_V_4_fu_748_p2       |     +    |      0|  0|  47|          40|          40|
    |value_V_fu_424_p2       |     +    |      0|  0|  39|          26|          32|
    |grp_fu_366_p2           |     -    |      0|  0|  39|           1|          32|
    |grp_fu_372_p2           |     -    |      0|  0|  39|           1|          32|
    |idx_2_fu_565_p2         |     -    |      0|  0|  15|           8|           7|
    |idx_3_fu_702_p2         |     -    |      0|  0|  15|           8|           7|
    |idx_4_fu_684_p2         |     -    |      0|  0|  15|           8|           7|
    |idx_fu_583_p2           |     -    |      0|  0|  15|           8|           7|
    |ret_V_5_fu_774_p2       |     -    |      0|  0|  47|          40|          40|
    |sub_ln113_1_fu_544_p2   |     -    |      0|  0|  15|           1|           7|
    |sub_ln113_fu_530_p2     |     -    |      0|  0|  15|           1|           6|
    |sub_ln703_4_fu_599_p2   |     -    |      0|  0|  16|           1|           9|
    |sub_ln703_5_fu_718_p2   |     -    |      0|  0|  16|           1|           9|
    |sub_ln78_1_fu_663_p2    |     -    |      0|  0|  15|           1|           7|
    |sub_ln78_fu_649_p2      |     -    |      0|  0|  15|           1|           6|
    |and_ln100_fu_514_p2     |    and   |      0|  0|   6|           1|           1|
    |and_ln65_fu_633_p2      |    and   |      0|  0|   6|           1|           1|
    |ap_condition_159        |    and   |      0|  0|   6|           1|           1|
    |ap_condition_167        |    and   |      0|  0|   6|           1|           1|
    |ap_condition_172        |    and   |      0|  0|   6|           1|           1|
    |ap_condition_195        |    and   |      0|  0|   6|           1|           1|
    |ap_condition_199        |    and   |      0|  0|   6|           1|           1|
    |ap_condition_202        |    and   |      0|  0|   6|           1|           1|
    |grp_fu_334_p2           |    and   |      0|  0|   6|           1|           1|
    |grp_fu_360_p2           |    and   |      0|  0|   6|           1|           1|
    |grp_fu_299_p2           |   icmp   |      0|  0|  13|          16|           7|
    |grp_fu_313_p2           |   icmp   |      0|  0|  13|          10|           1|
    |grp_fu_328_p2           |   icmp   |      0|  0|  13|           9|           1|
    |grp_fu_349_p2           |   icmp   |      0|  0|  13|           9|           1|
    |grp_fu_355_p2           |   icmp   |      0|  0|  13|          16|           8|
    |icmp_ln1494_fu_418_p2   |   icmp   |      0|  0|  18|          32|          25|
    |icmp_ln161_fu_378_p2    |   icmp   |      0|  0|  18|          17|          16|
    |icmp_ln193_fu_790_p2    |   icmp   |      0|  0|  13|          16|           1|
    |icmp_ln198_fu_795_p2    |   icmp   |      0|  0|  13|          16|           7|
    |icmp_ln851_fu_460_p2    |   icmp   |      0|  0|  13|          16|           1|
    |icmp_ln96_fu_496_p2     |   icmp   |      0|  0|  13|          16|           9|
    |ap_block_state3         |    or    |      0|  0|   6|           1|           1|
    |p_Val2_4_fu_605_p3      |  select  |      0|  0|   9|           1|           9|
    |p_Val2_6_fu_724_p3      |  select  |      0|  0|   9|           1|           9|
    |select_ln113_fu_557_p3  |  select  |      0|  0|   7|           1|           7|
    |select_ln78_fu_676_p3   |  select  |      0|  0|   7|           1|           7|
    |select_ln850_fu_480_p3  |  select  |      0|  0|  16|           1|          16|
    |select_ln851_fu_472_p3  |  select  |      0|  0|  16|           1|          16|
    |value_V_4_fu_430_p3     |  select  |      0|  0|  32|           1|          32|
    |xor_ln100_fu_508_p2     |    xor   |      0|  0|   6|           1|           2|
    |xor_ln65_fu_627_p2      |    xor   |      0|  0|   6|           1|           2|
    +------------------------+----------+-------+---+----+------------+------------+
    |Total                   |          |      8|  0| 869|         514|         530|
    +------------------------+----------+-------+---+----+------------+------------+

    * Multiplexer: 
    +------------------------------------+----+-----------+-----+-----------+
    |                Name                | LUT| Input Size| Bits| Total Bits|
    +------------------------------------+----+-----------+-----+-----------+
    |ap_NS_fsm                           |  41|          8|    1|          8|
    |ap_phi_mux_idx_3_i2_phi_fu_264_p10  |  33|          6|   16|         96|
    |ap_phi_mux_idx_3_i_phi_fu_226_p10   |  33|          6|   16|         96|
    |ary_i_V_blk_n                       |   9|          2|    1|          2|
    |ary_i_s_V_address0                  |  21|          4|   17|         68|
    |ary_i_s_V_d0                        |  15|          3|   32|         96|
    |ary_r_V_blk_n                       |   9|          2|    1|          2|
    |ary_r_s_V_address0                  |  21|          4|   17|         68|
    |ary_r_s_V_d0                        |  15|          3|   32|         96|
    |m_0_reg_211                         |   9|          2|   17|         34|
    |p_Val2_s_reg_200                    |   9|          2|   32|         64|
    +------------------------------------+----+-----------+-----+-----------+
    |Total                               | 215|         42|  182|        630|
    +------------------------------------+----+-----------+-----+-----------+

    * Register: 
    +-----------------------+----+----+-----+-----------+
    |          Name         | FF | LUT| Bits| Const Bits|
    +-----------------------+----+----+-----+-----------+
    |ap_CS_fsm              |   7|   0|    7|          0|
    |icmp_ln193_reg_924     |   1|   0|    1|          0|
    |icmp_ln198_reg_928     |   1|   0|    1|          0|
    |icmp_ln96_reg_863      |   1|   0|    1|          0|
    |idx_1_reg_833          |   6|   0|    6|          0|
    |imag_V_reg_918         |  32|   0|   32|          0|
    |m_0_reg_211            |  17|   0|   17|          0|
    |m_reg_803              |  17|   0|   17|          0|
    |p_Val2_6_reg_907       |   9|   0|    9|          0|
    |p_Val2_s_reg_200       |  32|   0|   32|          0|
    |real_V_reg_912         |  32|   0|   32|          0|
    |select_ln850_reg_813   |  16|   0|   16|          0|
    |sext_ln1118_1_reg_887  |  40|   0|   40|          0|
    |sext_ln1118_reg_881    |  40|   0|   40|          0|
    |sign_3_i3_reg_277      |   1|   0|    1|          0|
    |sign_3_i_reg_239       |   1|   0|    1|          0|
    |value_V_4_reg_808      |  32|   0|   32|          0|
    |value_i_V_reg_858      |  32|   0|   32|          0|
    |value_r_V_reg_853      |  32|   0|   32|          0|
    |zext_ln189_reg_843     |  17|   0|   64|         47|
    +-----------------------+----+----+-----+-----------+
    |Total                  | 366|   0|  413|         47|
    +-----------------------+----+----+-----+-----------+



================================================================
== Interface
================================================================
* Summary: 
+--------------------+-----+-----+------------+--------------+--------------+
|      RTL Ports     | Dir | Bits|  Protocol  | Source Object|    C Type    |
+--------------------+-----+-----+------------+--------------+--------------+
|ap_clk              |  in |    1| ap_ctrl_hs |     shift    | return value |
|ap_rst              |  in |    1| ap_ctrl_hs |     shift    | return value |
|ap_start            |  in |    1| ap_ctrl_hs |     shift    | return value |
|ap_done             | out |    1| ap_ctrl_hs |     shift    | return value |
|ap_idle             | out |    1| ap_ctrl_hs |     shift    | return value |
|ap_ready            | out |    1| ap_ctrl_hs |     shift    | return value |
|ary_r_V_dout        |  in |   32|   ap_fifo  |    ary_r_V   |    pointer   |
|ary_r_V_empty_n     |  in |    1|   ap_fifo  |    ary_r_V   |    pointer   |
|ary_r_V_read        | out |    1|   ap_fifo  |    ary_r_V   |    pointer   |
|ary_i_V_dout        |  in |   32|   ap_fifo  |    ary_i_V   |    pointer   |
|ary_i_V_empty_n     |  in |    1|   ap_fifo  |    ary_i_V   |    pointer   |
|ary_i_V_read        | out |    1|   ap_fifo  |    ary_i_V   |    pointer   |
|ary_r_s_V_address0  | out |   17|  ap_memory |   ary_r_s_V  |     array    |
|ary_r_s_V_ce0       | out |    1|  ap_memory |   ary_r_s_V  |     array    |
|ary_r_s_V_we0       | out |    1|  ap_memory |   ary_r_s_V  |     array    |
|ary_r_s_V_d0        | out |   32|  ap_memory |   ary_r_s_V  |     array    |
|ary_i_s_V_address0  | out |   17|  ap_memory |   ary_i_s_V  |     array    |
|ary_i_s_V_ce0       | out |    1|  ap_memory |   ary_i_s_V  |     array    |
|ary_i_s_V_we0       | out |    1|  ap_memory |   ary_i_s_V  |     array    |
|ary_i_s_V_d0        | out |   32|  ap_memory |   ary_i_s_V  |     array    |
+--------------------+-----+-----+------------+--------------+--------------+

