

================================================================
== Vivado HLS Report for 'shift'
================================================================
* Date:           Sat Mar 28 17:54:10 2020

* Version:        2019.2 (Build 2704478 on Wed Nov 06 22:10:23 MST 2019)
* Project:        demodulation_FM1
* Solution:       solution1
* Product family: kintex7
* Target device:  xc7k70t-fbv676-1


================================================================
== Performance Estimates
================================================================
+ Timing: 
    * Summary: 
    +--------+----------+----------+------------+
    |  Clock |  Target  | Estimated| Uncertainty|
    +--------+----------+----------+------------+
    |ap_clk  | 10.00 ns | 8.270 ns |   1.25 ns  |
    +--------+----------+----------+------------+

+ Latency: 
    * Summary: 
    +---------+---------+----------+----------+--------+--------+---------+
    |  Latency (cycles) |  Latency (absolute) |     Interval    | Pipeline|
    |   min   |   max   |    min   |    max   |   min  |   max  |   Type  |
    +---------+---------+----------+----------+--------+--------+---------+
    |   200001|   200001| 2.000 ms | 2.000 ms |  200001|  200001|   none  |
    +---------+---------+----------+----------+--------+--------+---------+

    + Detail: 
        * Instance: 
        N/A

        * Loop: 
        +----------+---------+---------+----------+-----------+-----------+-------+----------+
        |          |  Latency (cycles) | Iteration|  Initiation Interval  |  Trip |          |
        | Loop Name|   min   |   max   |  Latency |  achieved |   target  | Count | Pipelined|
        +----------+---------+---------+----------+-----------+-----------+-------+----------+
        |- Loop 1  |   200000|   200000|         5|          -|          -|  40000|    no    |
        +----------+---------+---------+----------+-----------+-----------+-------+----------+



================================================================
== Utilization Estimates
================================================================
* Summary: 
+-----------------+---------+-------+-------+-------+-----+
|       Name      | BRAM_18K| DSP48E|   FF  |  LUT  | URAM|
+-----------------+---------+-------+-------+-------+-----+
|DSP              |        -|      -|      -|      -|    -|
|Expression       |        -|     12|      0|    505|    -|
|FIFO             |        -|      -|      -|      -|    -|
|Instance         |        -|      -|      -|      -|    -|
|Memory           |        0|      -|     18|     20|    -|
|Multiplexer      |        -|      -|      -|    116|    -|
|Register         |        -|      -|    336|      -|    -|
+-----------------+---------+-------+-------+-------+-----+
|Total            |        0|     12|    354|    641|    0|
+-----------------+---------+-------+-------+-------+-----+
|Available        |      270|    240|  82000|  41000|    0|
+-----------------+---------+-------+-------+-------+-----+
|Utilization (%)  |        0|      5|   ~0  |      1|    0|
+-----------------+---------+-------+-------+-------+-----+

+ Detail: 
    * Instance: 
    N/A

    * DSP48E: 
    N/A

    * Memory: 
    +-------------+-----------------+---------+---+----+-----+------+-----+------+-------------+
    |    Memory   |      Module     | BRAM_18K| FF| LUT| URAM| Words| Bits| Banks| W*Bits*Banks|
    +-------------+-----------------+---------+---+----+-----+------+-----+------+-------------+
    |cos_table_U  |shift_cos_table  |        0|  9|  10|    0|    65|    9|     1|          585|
    |sin_table_U  |shift_sin_table  |        0|  9|  10|    0|    65|    9|     1|          585|
    +-------------+-----------------+---------+---+----+-----+------+-----+------+-------------+
    |Total        |                 |        0| 18|  20|    0|   130|   18|     2|         1170|
    +-------------+-----------------+---------+---+----+-----+------+-----+------+-------------+

    * FIFO: 
    N/A

    * Expression: 
    +-----------------------+----------+-------+---+----+------------+------------+
    |     Variable Name     | Operation| DSP48E| FF| LUT| Bitwidth P0| Bitwidth P1|
    +-----------------------+----------+-------+---+----+------------+------------+
    |mul_ln1192_fu_384_p2   |     *    |      2|  0|  21|           9|          32|
    |mul_ln1193_fu_412_p2   |     *    |      2|  0|  21|           9|          32|
    |mul_ln128_fu_205_p2    |     *    |      4|  0|  21|          32|          31|
    |mul_ln700_1_fu_406_p2  |     *    |      2|  0|  21|           9|          32|
    |mul_ln700_fu_378_p2    |     *    |      2|  0|  21|           9|          32|
    |add_ln128_fu_195_p2    |     +    |      0|  0|  38|          16|          31|
    |m_fu_189_p2            |     +    |      0|  0|  23|          16|           1|
    |ret_V_fu_390_p2        |     +    |      0|  0|  47|          40|          40|
    |idx_1_fu_269_p2        |     -    |      0|  0|  15|           8|           7|
    |ret_V_1_fu_418_p2      |     -    |      0|  0|  47|          40|          40|
    |sub_ln703_1_fu_440_p2  |     -    |      0|  0|  39|           1|          32|
    |sub_ln703_2_fu_333_p2  |     -    |      0|  0|  16|           1|           9|
    |sub_ln703_3_fu_352_p2  |     -    |      0|  0|  16|           1|           9|
    |sub_ln703_fu_434_p2    |     -    |      0|  0|  39|           1|          32|
    |and_ln100_fu_316_p2    |    and   |      0|  0|   6|           1|           1|
    |and_ln104_fu_275_p2    |    and   |      0|  0|   6|           1|           1|
    |and_ln60_fu_347_p2     |    and   |      0|  0|   6|           1|           1|
    |and_ln96_fu_327_p2     |    and   |      0|  0|   6|           1|           1|
    |icmp_ln104_fu_245_p2   |   icmp   |      0|  0|  11|           8|           8|
    |icmp_ln126_fu_183_p2   |   icmp   |      0|  0|  13|          16|          16|
    |icmp_ln132_fu_251_p2   |   icmp   |      0|  0|  11|           8|           1|
    |icmp_ln96_fu_231_p2    |   icmp   |      0|  0|  11|           8|           7|
    |or_ln104_fu_322_p2     |    or    |      0|  0|   6|           1|           1|
    |idx_2_fu_279_p3        |  select  |      0|  0|   7|           1|           7|
    |idx_3_fu_287_p3        |  select  |      0|  0|   7|           1|           7|
    |p_Val2_1_fu_339_p3     |  select  |      0|  0|   9|           1|           9|
    |p_Val2_3_fu_358_p3     |  select  |      0|  0|   9|           1|           9|
    |xor_ln100_fu_306_p2    |    xor   |      0|  0|   6|           1|           2|
    |xor_ln96_fu_311_p2     |    xor   |      0|  0|   6|           1|           2|
    +-----------------------+----------+-------+---+----+------------+------------+
    |Total                  |          |     12|  0| 505|         243|         433|
    +-----------------------+----------+-------+---+----+------------+------------+

    * Multiplexer: 
    +--------------------+----+-----------+-----+-----------+
    |        Name        | LUT| Input Size| Bits| Total Bits|
    +--------------------+----+-----------+-----+-----------+
    |ap_NS_fsm           |  38|          7|    1|          7|
    |ary_i_s_V_address0  |  15|          3|   16|         48|
    |ary_i_s_V_d0        |  15|          3|   32|         96|
    |ary_r_s_V_address0  |  15|          3|   16|         48|
    |ary_r_s_V_d0        |  15|          3|   32|         96|
    |m_0_reg_160         |   9|          2|   16|         32|
    |phi_mul_reg_172     |   9|          2|   31|         62|
    +--------------------+----+-----------+-----+-----------+
    |Total               | 116|         23|  144|        389|
    +--------------------+----+-----------+-----+-----------+

    * Register: 
    +----------------------+----+----+-----+-----------+
    |         Name         | FF | LUT| Bits| Const Bits|
    +----------------------+----+----+-----+-----------+
    |add_ln128_reg_454     |  31|   0|   31|          0|
    |and_ln104_reg_491     |   1|   0|    1|          0|
    |ap_CS_fsm             |   6|   0|    6|          0|
    |ary_i_V_load_reg_539  |  32|   0|   32|          0|
    |ary_r_V_load_reg_529  |  32|   0|   32|          0|
    |icmp_ln104_reg_482    |   1|   0|    1|          0|
    |icmp_ln132_reg_487    |   1|   0|    1|          0|
    |icmp_ln96_reg_469     |   1|   0|    1|          0|
    |idx_reg_464           |   6|   0|    6|          0|
    |imag_V_reg_550        |  32|   0|   32|          0|
    |m_0_reg_160           |  16|   0|   16|          0|
    |m_reg_449             |  16|   0|   16|          0|
    |mul_ln128_reg_459     |  63|   0|   63|          0|
    |p_Val2_1_reg_524      |   9|   0|    9|          0|
    |p_Val2_3_reg_534      |   9|   0|    9|          0|
    |phi_mul_reg_172       |  31|   0|   31|          0|
    |real_V_reg_544        |  32|   0|   32|          0|
    |tmp_reg_475           |   1|   0|    1|          0|
    |zext_ln130_reg_501    |  16|   0|   64|         48|
    +----------------------+----+----+-----+-----------+
    |Total                 | 336|   0|  384|         48|
    +----------------------+----+----+-----+-----------+



================================================================
== Interface
================================================================
* Summary: 
+--------------------+-----+-----+------------+--------------+--------------+
|      RTL Ports     | Dir | Bits|  Protocol  | Source Object|    C Type    |
+--------------------+-----+-----+------------+--------------+--------------+
|ap_clk              |  in |    1| ap_ctrl_hs |     shift    | return value |
|ap_rst              |  in |    1| ap_ctrl_hs |     shift    | return value |
|ap_start            |  in |    1| ap_ctrl_hs |     shift    | return value |
|ap_done             | out |    1| ap_ctrl_hs |     shift    | return value |
|ap_idle             | out |    1| ap_ctrl_hs |     shift    | return value |
|ap_ready            | out |    1| ap_ctrl_hs |     shift    | return value |
|ary_r_V_address0    | out |   16|  ap_memory |    ary_r_V   |     array    |
|ary_r_V_ce0         | out |    1|  ap_memory |    ary_r_V   |     array    |
|ary_r_V_q0          |  in |   32|  ap_memory |    ary_r_V   |     array    |
|ary_i_V_address0    | out |   16|  ap_memory |    ary_i_V   |     array    |
|ary_i_V_ce0         | out |    1|  ap_memory |    ary_i_V   |     array    |
|ary_i_V_q0          |  in |   32|  ap_memory |    ary_i_V   |     array    |
|ary_r_s_V_address0  | out |   16|  ap_memory |   ary_r_s_V  |     array    |
|ary_r_s_V_ce0       | out |    1|  ap_memory |   ary_r_s_V  |     array    |
|ary_r_s_V_we0       | out |    1|  ap_memory |   ary_r_s_V  |     array    |
|ary_r_s_V_d0        | out |   32|  ap_memory |   ary_r_s_V  |     array    |
|ary_i_s_V_address0  | out |   16|  ap_memory |   ary_i_s_V  |     array    |
|ary_i_s_V_ce0       | out |    1|  ap_memory |   ary_i_s_V  |     array    |
|ary_i_s_V_we0       | out |    1|  ap_memory |   ary_i_s_V  |     array    |
|ary_i_s_V_d0        | out |   32|  ap_memory |   ary_i_s_V  |     array    |
+--------------------+-----+-----+------------+--------------+--------------+

