

================================================================
== Vivado HLS Report for 'demodulationFM'
================================================================
* Date:           Wed Apr 29 16:20:07 2020

* Version:        2019.2 (Build 2704478 on Wed Nov 06 22:10:23 MST 2019)
* Project:        demodulationFM
* Solution:       solution3
* Product family: kintex7
* Target device:  xc7k70t-fbv676-1


================================================================
== Performance Estimates
================================================================
+ Timing: 
    * Summary: 
    +--------+----------+----------+------------+
    |  Clock |  Target  | Estimated| Uncertainty|
    +--------+----------+----------+------------+
    |ap_clk  | 10.00 ns | 8.566 ns |   1.25 ns  |
    +--------+----------+----------+------------+

+ Latency: 
    * Summary: 
    +----------+----------+-----------+-----------+----------+----------+---------+
    |   Latency (cycles)  |   Latency (absolute)  |       Interval      | Pipeline|
    |    min   |    max   |    min    |    max    |    min   |    max   |   Type  |
    +----------+----------+-----------+-----------+----------+----------+---------+
    |  10797088|  22696969| 0.108 sec | 0.227 sec |  10797088|  22696969|   none  |
    +----------+----------+-----------+-----------+----------+----------+---------+

    + Detail: 
        * Instance: 
        N/A

        * Loop: 
        +----------+---------+----------+----------+-----------+-----------+--------+----------+
        |          |  Latency (cycles)  | Iteration|  Initiation Interval  |  Trip  |          |
        | Loop Name|   min   |    max   |  Latency |  achieved |   target  |  Count | Pipelined|
        +----------+---------+----------+----------+-----------+-----------+--------+----------+
        |- Loop 1  |   900000|    900000|         9|          -|          -|  100000|    no    |
        |- Loop 2  |       62|        62|         2|          -|          -|      31|    no    |
        |- Loop 3  |  9597024|   9597024|        96|          -|          -|   99969|    no    |
        | + HConv  |       93|        93|         3|          -|          -|      31|    no    |
        |- Loop 4  |   299997|  12199878|  3 ~ 122 |          -|          -|   99999|    no    |
        +----------+---------+----------+----------+-----------+-----------+--------+----------+



================================================================
== Utilization Estimates
================================================================
* Summary: 
+-----------------+---------+-------+-------+-------+-----+
|       Name      | BRAM_18K| DSP48E|   FF  |  LUT  | URAM|
+-----------------+---------+-------+-------+-------+-----+
|DSP              |        -|      -|      -|      -|    -|
|Expression       |        -|     28|      0|   1590|    -|
|FIFO             |        -|      -|      -|      -|    -|
|Instance         |        -|      -|    993|    602|    -|
|Memory           |        0|      -|    158|     58|    0|
|Multiplexer      |        -|      -|      -|   1019|    -|
|Register         |        -|      -|   1110|      -|    -|
+-----------------+---------+-------+-------+-------+-----+
|Total            |        0|     28|   2261|   3269|    0|
+-----------------+---------+-------+-------+-------+-----+
|Available        |      270|    240|  82000|  41000|    0|
+-----------------+---------+-------+-------+-------+-----+
|Utilization (%)  |        0|     11|      2|      7|    0|
+-----------------+---------+-------+-------+-------+-----+

+ Detail: 
    * Instance: 
    +-------------------------+----------------------+---------+-------+-----+-----+-----+
    |         Instance        |        Module        | BRAM_18K| DSP48E|  FF | LUT | URAM|
    +-------------------------+----------------------+---------+-------+-----+-----+-----+
    |demodulationFM_sdhbi_U2  |demodulationFM_sdhbi  |        0|      0|  779|  469|    0|
    |demodulationFM_urg8j_U1  |demodulationFM_urg8j  |        0|      0|  214|  133|    0|
    +-------------------------+----------------------+---------+-------+-----+-----+-----+
    |Total                    |                      |        0|      0|  993|  602|    0|
    +-------------------------+----------------------+---------+-------+-----+-----+-----+

    * DSP48E: 
    N/A

    * Memory: 
    +-------------+----------------------+---------+----+----+-----+------+-----+------+-------------+
    |    Memory   |        Module        | BRAM_18K| FF | LUT| URAM| Words| Bits| Banks| W*Bits*Banks|
    +-------------+----------------------+---------+----+----+-----+------+-----+------+-------------+
    |cos_table_U  |demodulationFM_cobkb  |        0|   9|  10|    0|    65|    9|     1|          585|
    |coef_V_U     |demodulationFM_codEe  |        0|  12|   6|    0|    31|   12|     1|          372|
    |hwin_I_V_U   |demodulationFM_hweOg  |        0|  64|  16|    0|    31|   32|     1|          992|
    |hwin_Q_V_U   |demodulationFM_hweOg  |        0|  64|  16|    0|    31|   32|     1|          992|
    |sin_table_U  |demodulationFM_sicud  |        0|   9|  10|    0|    65|    9|     1|          585|
    +-------------+----------------------+---------+----+----+-----+------+-----+------+-------------+
    |Total        |                      |        0| 158|  58|    0|   223|   94|     5|         3526|
    +-------------+----------------------+---------+----+----+-----+------+-----+------+-------------+

    * FIFO: 
    N/A

    * Expression: 
    +---------------------------+----------+-------+---+----+------------+------------+
    |       Variable Name       | Operation| DSP48E| FF| LUT| Bitwidth P0| Bitwidth P1|
    +---------------------------+----------+-------+---+----+------------+------------+
    |mul_ln1192_fu_997_p2       |     *    |      2|  0|  21|          32|           9|
    |mul_ln1193_fu_1024_p2      |     *    |      2|  0|  21|          32|           9|
    |mul_ln700_1_fu_1019_p2     |     *    |      2|  0|  21|          32|           9|
    |mul_ln700_fu_993_p2        |     *    |      2|  0|  21|          32|           9|
    |r_V_10_fu_1302_p2          |     *    |      4|  0|  21|          32|          32|
    |r_V_11_fu_1316_p2          |     *    |      4|  0|  21|          32|          32|
    |r_V_12_fu_1322_p2          |     *    |      4|  0|  21|          32|          32|
    |r_V_13_fu_1328_p2          |     *    |      4|  0|  21|          32|          32|
    |r_V_8_fu_1147_p2           |     *    |      2|  0|  21|          12|          32|
    |r_V_9_fu_1184_p2           |     *    |      2|  0|  21|          12|          32|
    |add_ln1192_fu_659_p2       |     +    |      0|  0|  48|          29|          41|
    |i_fu_1096_p2               |     +    |      0|  0|  15|           5|           1|
    |j_fu_1061_p2               |     +    |      0|  0|  15|           5|           1|
    |l_fu_1119_p2               |     +    |      0|  0|  24|          17|           1|
    |m_1_fu_1372_p2             |     +    |      0|  0|  39|          32|           1|
    |m_2_fu_641_p2              |     +    |      0|  0|  24|          17|           1|
    |n_fu_1399_p2               |     +    |      0|  0|  24|          17|           1|
    |ret_V_10_fu_1165_p2        |     +    |      0|  0|  55|          48|          48|
    |ret_V_11_fu_1202_p2        |     +    |      0|  0|  55|          48|          48|
    |ret_V_1_fu_723_p2          |     +    |      0|  0|  23|           1|          16|
    |ret_V_5_fu_1342_p2         |     +    |      0|  0|  72|          65|          65|
    |ret_V_8_fu_1003_p2         |     +    |      0|  0|  47|          40|          40|
    |value_V_fu_681_p2          |     +    |      0|  0|  39|          26|          32|
    |dii_V_fu_1262_p2           |     -    |      0|  0|  39|          32|          32|
    |dqq_V_fu_1268_p2           |     -    |      0|  0|  39|          32|          32|
    |grp_fu_616_p2              |     -    |      0|  0|  39|           1|          32|
    |grp_fu_622_p2              |     -    |      0|  0|  39|           1|          32|
    |idx_2_fu_824_p2            |     -    |      0|  0|  15|           8|           7|
    |idx_3_fu_957_p2            |     -    |      0|  0|  15|           8|           7|
    |idx_4_fu_941_p2            |     -    |      0|  0|  15|           8|           7|
    |idx_fu_840_p2              |     -    |      0|  0|  15|           8|           7|
    |ret_V_12_fu_1348_p2        |     -    |      0|  0|  71|          64|          64|
    |ret_V_9_fu_1029_p2         |     -    |      0|  0|  47|          40|          40|
    |sub_ln24_1_fu_920_p2       |     -    |      0|  0|  15|           1|           7|
    |sub_ln24_fu_906_p2         |     -    |      0|  0|  15|           1|           6|
    |sub_ln59_1_fu_803_p2       |     -    |      0|  0|  15|           1|           7|
    |sub_ln59_fu_789_p2         |     -    |      0|  0|  15|           1|           6|
    |sub_ln703_4_fu_855_p2      |     -    |      0|  0|  16|           1|           9|
    |sub_ln703_7_fu_972_p2      |     -    |      0|  0|  16|           1|           9|
    |and_ln11_fu_890_p2         |    and   |      0|  0|   6|           1|           1|
    |and_ln46_fu_773_p2         |    and   |      0|  0|   6|           1|           1|
    |ap_condition_268           |    and   |      0|  0|   6|           1|           1|
    |ap_condition_274           |    and   |      0|  0|   6|           1|           1|
    |ap_condition_279           |    and   |      0|  0|   6|           1|           1|
    |ap_condition_304           |    and   |      0|  0|   6|           1|           1|
    |ap_condition_308           |    and   |      0|  0|   6|           1|           1|
    |ap_condition_312           |    and   |      0|  0|   6|           1|           1|
    |grp_fu_584_p2              |    and   |      0|  0|   6|           1|           1|
    |grp_fu_610_p2              |    and   |      0|  0|   6|           1|           1|
    |grp_fu_549_p2              |   icmp   |      0|  0|  13|          16|           7|
    |grp_fu_563_p2              |   icmp   |      0|  0|  13|          10|           1|
    |grp_fu_578_p2              |   icmp   |      0|  0|  13|           9|           1|
    |grp_fu_599_p2              |   icmp   |      0|  0|  13|           9|           1|
    |grp_fu_605_p2              |   icmp   |      0|  0|  13|          16|           8|
    |icmp_ln103_fu_1050_p2      |   icmp   |      0|  0|  13|          16|           7|
    |icmp_ln1494_fu_675_p2      |   icmp   |      0|  0|  18|          32|          25|
    |icmp_ln153_fu_1055_p2      |   icmp   |      0|  0|  11|           5|           2|
    |icmp_ln158_fu_1073_p2      |   icmp   |      0|  0|  18|          17|          16|
    |icmp_ln164_fu_1090_p2      |   icmp   |      0|  0|  11|           5|           2|
    |icmp_ln165_fu_1107_p2      |   icmp   |      0|  0|  11|           5|           3|
    |icmp_ln185_fu_1228_p2      |   icmp   |      0|  0|  18|          17|          16|
    |icmp_ln189_fu_1244_p2      |   icmp   |      0|  0|   9|           3|           1|
    |icmp_ln195_fu_1278_p2      |   icmp   |      0|  0|  11|           7|           1|
    |icmp_ln42_fu_755_p2        |   icmp   |      0|  0|  13|          16|           9|
    |icmp_ln851_fu_717_p2       |   icmp   |      0|  0|  13|          16|           1|
    |icmp_ln86_fu_635_p2        |   icmp   |      0|  0|  18|          17|          16|
    |icmp_ln98_fu_1045_p2       |   icmp   |      0|  0|  13|          16|           1|
    |p_Val2_10_fu_861_p3        |  select  |      0|  0|   9|           1|           9|
    |p_Val2_25_fu_978_p3        |  select  |      0|  0|   9|           1|           9|
    |select_ln165_1_fu_1133_p3  |  select  |      0|  0|  32|           1|          32|
    |select_ln165_fu_1125_p3    |  select  |      0|  0|  32|           1|          32|
    |select_ln24_fu_933_p3      |  select  |      0|  0|   7|           1|           7|
    |select_ln59_fu_816_p3      |  select  |      0|  0|   7|           1|           7|
    |select_ln850_fu_737_p3     |  select  |      0|  0|  16|           1|          16|
    |select_ln851_fu_729_p3     |  select  |      0|  0|  16|           1|          16|
    |value_V_4_fu_687_p3        |  select  |      0|  0|  32|           1|          32|
    |xor_ln11_fu_884_p2         |    xor   |      0|  0|   6|           1|           2|
    |xor_ln46_fu_767_p2         |    xor   |      0|  0|   6|           1|           2|
    +---------------------------+----------+-------+---+----+------------+------------+
    |Total                      |          |     28|  0|1590|        1091|        1120|
    +---------------------------+----------+-------+---+----+------------+------------+

    * Multiplexer: 
    +------------------------+-----+-----------+-----+-----------+
    |          Name          | LUT | Input Size| Bits| Total Bits|
    +------------------------+-----+-----------+-----+-----------+
    |ap_NS_fsm               |  637|        143|    1|        143|
    |hwin_I_V_address0       |   21|          4|    5|         20|
    |hwin_I_V_d0             |   15|          3|   32|         96|
    |hwin_Q_V_address0       |   21|          4|    5|         20|
    |hwin_Q_V_d0             |   15|          3|   32|         96|
    |i_0_reg_526             |    9|          2|    5|         10|
    |idx_3_i2_reg_426        |   27|          5|   16|         80|
    |idx_3_i_reg_387         |   27|          5|   16|         80|
    |j_0_reg_477             |    9|          2|    5|         10|
    |l_0_reg_488             |    9|          2|   17|         34|
    |m_0_reg_376             |    9|          2|   17|         34|
    |m_fu_148                |    9|          2|   32|         64|
    |n3_0_reg_537            |    9|          2|   17|         34|
    |p_Val2_5_reg_500        |    9|          2|   32|         64|
    |p_Val2_6_fu_152         |    9|          2|   32|         64|
    |p_Val2_7_fu_156         |    9|          2|   32|         64|
    |p_Val2_8_reg_513        |    9|          2|   32|         64|
    |p_Val2_s_reg_365        |    9|          2|   32|         64|
    |storemerge1771_reg_465  |    9|          2|   32|         64|
    |y_I_V_address0          |   41|          8|   17|        136|
    |y_I_V_d0                |   21|          4|   32|        128|
    |y_Q_V_address0          |   41|          8|   17|        136|
    |y_Q_V_d0                |   15|          3|   32|         96|
    |y_demod_d_V_address0    |   15|          3|   11|         33|
    |y_demod_d_V_d0          |   15|          3|   32|         96|
    +------------------------+-----+-----------+-----+-----------+
    |Total                   | 1019|        220|  533|       1730|
    +------------------------+-----+-----------+-----+-----------+

    * Register: 
    +-------------------------+-----+----+-----+-----------+
    |           Name          |  FF | LUT| Bits| Const Bits|
    +-------------------------+-----+----+-----+-----------+
    |ap_CS_fsm                |  142|   0|  142|          0|
    |coef_V_load_reg_1683     |   12|   0|   12|          0|
    |i_0_reg_526              |    5|   0|    5|          0|
    |i_reg_1641               |    5|   0|    5|          0|
    |icmp_ln165_reg_1652      |    1|   0|    1|          0|
    |icmp_ln189_reg_1716      |    1|   0|    1|          0|
    |icmp_ln195_reg_1720      |    1|   0|    1|          0|
    |icmp_ln42_reg_1473       |    1|   0|    1|          0|
    |idx_1_reg_1453           |    6|   0|    6|          0|
    |idx_3_i2_reg_426         |   16|   0|   16|          0|
    |idx_3_i_reg_387          |   16|   0|   16|          0|
    |imag_V_reg_1558          |   32|   0|   32|          0|
    |j_0_reg_477              |    5|   0|    5|          0|
    |j_reg_1583               |    5|   0|    5|          0|
    |l_0_reg_488              |   17|   0|   17|          0|
    |m_0_reg_376              |   17|   0|   17|          0|
    |m_2_reg_1423             |   17|   0|   17|          0|
    |m_fu_148                 |   32|   0|   32|          0|
    |n3_0_reg_537             |   17|   0|   17|          0|
    |p_Val2_25_reg_1547       |    9|   0|    9|          0|
    |p_Val2_5_reg_500         |   32|   0|   32|          0|
    |p_Val2_6_fu_152          |   32|   0|   32|          0|
    |p_Val2_7_fu_156          |   32|   0|   32|          0|
    |p_Val2_8_reg_513         |   32|   0|   32|          0|
    |p_Val2_s_reg_365         |   32|   0|   32|          0|
    |r_V_10_reg_1724          |   64|   0|   64|          0|
    |r_V_11_reg_1729          |   64|   0|   64|          0|
    |real_V_reg_1552          |   32|   0|   32|          0|
    |reg_627                  |   32|   0|   32|          0|
    |reg_631                  |   32|   0|   32|          0|
    |ret_V_5_reg_1734         |   65|   0|   65|          0|
    |select_ln165_1_reg_1688  |   32|   0|   32|          0|
    |select_ln165_reg_1678    |   32|   0|   32|          0|
    |select_ln850_reg_1433    |   16|   0|   16|          0|
    |sext_ln1118_1_reg_1512   |   40|   0|   40|          0|
    |sext_ln1118_reg_1506     |   40|   0|   40|          0|
    |sign_3_i3_reg_443        |    1|   0|    1|          0|
    |sign_3_i_reg_404         |    1|   0|    1|          0|
    |storemerge1771_reg_465   |   32|   0|   32|          0|
    |value_V_4_reg_1428       |   32|   0|   32|          0|
    |y_I_V_addr_2_reg_1463    |   17|   0|   17|          0|
    |y_I_V_addr_3_reg_1607    |   17|   0|   17|          0|
    |y_Q_V_addr_2_reg_1468    |   17|   0|   17|          0|
    |y_Q_V_addr_3_reg_1612    |   17|   0|   17|          0|
    |zext_ln155_reg_1588      |    5|   0|   64|         59|
    |zext_ln165_reg_1646      |    5|   0|   64|         59|
    +-------------------------+-----+----+-----+-----------+
    |Total                    | 1110|   0| 1228|        118|
    +-------------------------+-----+----+-----+-----------+



================================================================
== Interface
================================================================
* Summary: 
+----------------------+-----+-----+------------+----------------+--------------+
|       RTL Ports      | Dir | Bits|  Protocol  |  Source Object |    C Type    |
+----------------------+-----+-----+------------+----------------+--------------+
|ap_clk                |  in |    1| ap_ctrl_hs | demodulationFM | return value |
|ap_rst                |  in |    1| ap_ctrl_hs | demodulationFM | return value |
|ap_start              |  in |    1| ap_ctrl_hs | demodulationFM | return value |
|ap_done               | out |    1| ap_ctrl_hs | demodulationFM | return value |
|ap_idle               | out |    1| ap_ctrl_hs | demodulationFM | return value |
|ap_ready              | out |    1| ap_ctrl_hs | demodulationFM | return value |
|ap_return             | out |   32| ap_ctrl_hs | demodulationFM | return value |
|y_I_V_address0        | out |   17|  ap_memory |      y_I_V     |     array    |
|y_I_V_ce0             | out |    1|  ap_memory |      y_I_V     |     array    |
|y_I_V_we0             | out |    1|  ap_memory |      y_I_V     |     array    |
|y_I_V_d0              | out |   32|  ap_memory |      y_I_V     |     array    |
|y_I_V_q0              |  in |   32|  ap_memory |      y_I_V     |     array    |
|y_Q_V_address0        | out |   17|  ap_memory |      y_Q_V     |     array    |
|y_Q_V_ce0             | out |    1|  ap_memory |      y_Q_V     |     array    |
|y_Q_V_we0             | out |    1|  ap_memory |      y_Q_V     |     array    |
|y_Q_V_d0              | out |   32|  ap_memory |      y_Q_V     |     array    |
|y_Q_V_q0              |  in |   32|  ap_memory |      y_Q_V     |     array    |
|y_demod_d_V_address0  | out |   11|  ap_memory |   y_demod_d_V  |     array    |
|y_demod_d_V_ce0       | out |    1|  ap_memory |   y_demod_d_V  |     array    |
|y_demod_d_V_we0       | out |    1|  ap_memory |   y_demod_d_V  |     array    |
|y_demod_d_V_d0        | out |   32|  ap_memory |   y_demod_d_V  |     array    |
+----------------------+-----+-----+------------+----------------+--------------+

