

================================================================
== Vivado HLS Report for 'demodulationFM'
================================================================
* Date:           Tue Apr 28 17:38:41 2020

* Version:        2019.2 (Build 2704478 on Wed Nov 06 22:10:23 MST 2019)
* Project:        demodulationFM
* Solution:       solution1
* Product family: kintex7
* Target device:  xc7k70t-fbv676-1


================================================================
== Performance Estimates
================================================================
+ Timing: 
    * Summary: 
    +--------+----------+----------+------------+
    |  Clock |  Target  | Estimated| Uncertainty|
    +--------+----------+----------+------------+
    |ap_clk  | 10.00 ns | 8.566 ns |   1.25 ns  |
    +--------+----------+----------+------------+

+ Latency: 
    * Summary: 
    +----------+----------+-----------+-----------+----------+----------+---------+
    |   Latency (cycles)  |   Latency (absolute)  |       Interval      | Pipeline|
    |    min   |    max   |    min    |    max    |    min   |    max   |   Type  |
    +----------+----------+-----------+-----------+----------+----------+---------+
    |  21306586|  21306586| 0.213 sec | 0.213 sec |  21306586|  21306586|   none  |
    +----------+----------+-----------+-----------+----------+----------+---------+

    + Detail: 
        * Instance: 
        N/A

        * Loop: 
        +----------+---------+---------+----------+-----------+-----------+-------+----------+
        |          |  Latency (cycles) | Iteration|  Initiation Interval  |  Trip |          |
        | Loop Name|   min   |   max   |  Latency |  achieved |   target  | Count | Pipelined|
        +----------+---------+---------+----------+-----------+-----------+-------+----------+
        |- Loop 1  |  1287397|  1287397|       103|          -|          -|  12499|    no    |
        |- Loop 2  |    25000|    25000|         2|          -|          -|  12500|    no    |
        +----------+---------+---------+----------+-----------+-----------+-------+----------+

============================================================
+ Verbose Summary: Synthesis Manager
============================================================
InlineROM: 1
ExposeGlobal: 0
============================================================
+ Verbose Summary: CDFG Model
============================================================
IsTopModel: 1
ResetActiveHigh: 1
IsCombinational: 0
IsDatapathOnly: 0
HasWiredReturn: 1
HasMFsm: 0
HasVarLatency: 1
IsPipeline: 0
IsRtlPipelined: 0
IsInstanceOverlapped: 0
IsDontTouch: 0
HasImplIP: 0
IsGatedGlobalClock: 0


============================================================
+ Verbose Summary: Schedule
============================================================
* Number of FSM states : 115
* Pipeline : 0
* Dataflow Pipeline: 0

* FSM state transitions: 
1 --> 2 
2 --> 3 
3 --> 4 
4 --> 5 
5 --> 6 
6 --> 7 
7 --> 8 
8 --> 9 
9 --> 10 
10 --> 11 
11 --> 12 114 
12 --> 13 
13 --> 14 
14 --> 15 
15 --> 16 
16 --> 17 
17 --> 18 
18 --> 19 
19 --> 20 
20 --> 21 
21 --> 22 
22 --> 23 
23 --> 24 
24 --> 25 
25 --> 26 
26 --> 27 
27 --> 28 
28 --> 29 
29 --> 30 
30 --> 31 
31 --> 32 
32 --> 33 
33 --> 34 
34 --> 35 
35 --> 36 
36 --> 37 
37 --> 38 
38 --> 39 
39 --> 40 
40 --> 41 
41 --> 42 
42 --> 43 
43 --> 44 
44 --> 45 
45 --> 46 
46 --> 47 
47 --> 48 
48 --> 49 
49 --> 50 
50 --> 51 
51 --> 52 
52 --> 53 
53 --> 54 
54 --> 55 
55 --> 56 
56 --> 57 
57 --> 58 
58 --> 59 
59 --> 60 
60 --> 61 
61 --> 62 
62 --> 63 
63 --> 64 
64 --> 65 
65 --> 66 
66 --> 67 
67 --> 68 
68 --> 69 
69 --> 70 
70 --> 71 
71 --> 72 
72 --> 73 
73 --> 74 
74 --> 75 
75 --> 76 
76 --> 77 
77 --> 78 
78 --> 79 
79 --> 80 
80 --> 81 
81 --> 82 
82 --> 83 
83 --> 84 
84 --> 85 
85 --> 86 
86 --> 87 
87 --> 88 
88 --> 89 
89 --> 90 
90 --> 91 
91 --> 92 
92 --> 93 
93 --> 94 
94 --> 95 
95 --> 96 
96 --> 97 
97 --> 98 
98 --> 99 
99 --> 100 
100 --> 101 
101 --> 102 
102 --> 103 
103 --> 104 
104 --> 105 
105 --> 106 
106 --> 107 
107 --> 108 
108 --> 109 
109 --> 110 
110 --> 111 
111 --> 112 
112 --> 113 
113 --> 11 
114 --> 115 
115 --> 114 

* FSM state operations: 

State 1 <SV = 0> <Delay = 0.00>
ST_1 : Operation 116 [1/1] (0.00ns)   --->   "%y_I_s_V = alloca [100000 x i32], align 4" [demodulation_FM.cpp:316]   --->   Operation 116 'alloca' 'y_I_s_V' <Predicate = true> <Delay = 0.00>
ST_1 : Operation 117 [1/1] (0.00ns)   --->   "%y_Q_s_V = alloca [100000 x i32], align 4" [demodulation_FM.cpp:317]   --->   Operation 117 'alloca' 'y_Q_s_V' <Predicate = true> <Delay = 0.00>
ST_1 : Operation 118 [1/1] (0.00ns)   --->   "%y_I_fpb_V = alloca [100000 x i32], align 4" [demodulation_FM.cpp:354]   --->   Operation 118 'alloca' 'y_I_fpb_V' <Predicate = true> <Delay = 0.00>
ST_1 : Operation 119 [1/1] (0.00ns)   --->   "%y_Q_fpb_V = alloca [100000 x i32], align 4" [demodulation_FM.cpp:355]   --->   Operation 119 'alloca' 'y_Q_fpb_V' <Predicate = true> <Delay = 0.00>
ST_1 : Operation 120 [1/1] (0.00ns)   --->   "%y_I_d_V = alloca [12500 x i32], align 4"   --->   Operation 120 'alloca' 'y_I_d_V' <Predicate = true> <Delay = 0.00> <Core = "RAM">   --->   Core 37 'RAM' <Latency = 1> <II = 1> <Delay = 2.66> <Storage> <Opcode : 'load' 'store'> <Ports = 2> <Width = 32> <Depth = 1250> <RAM>
ST_1 : Operation 121 [1/1] (0.00ns)   --->   "%y_Q_d_V = alloca [12500 x i32], align 4"   --->   Operation 121 'alloca' 'y_Q_d_V' <Predicate = true> <Delay = 0.00> <Core = "RAM">   --->   Core 37 'RAM' <Latency = 1> <II = 1> <Delay = 2.66> <Storage> <Opcode : 'load' 'store'> <Ports = 2> <Width = 32> <Depth = 1250> <RAM>
ST_1 : Operation 122 [1/1] (0.00ns)   --->   "%y_demod_nd_V = alloca [12500 x i32], align 4" [demodulation_FM.cpp:428]   --->   Operation 122 'alloca' 'y_demod_nd_V' <Predicate = true> <Delay = 0.00> <Core = "RAM">   --->   Core 37 'RAM' <Latency = 1> <II = 1> <Delay = 2.66> <Storage> <Opcode : 'load' 'store'> <Ports = 2> <Width = 32> <Depth = 1250> <RAM>
ST_1 : Operation 123 [2/2] (0.00ns)   --->   "call fastcc void @shift([100000 x i32]* %y_I_V, [100000 x i32]* %y_Q_V, [100000 x i32]* %y_I_s_V, [100000 x i32]* %y_Q_s_V)" [demodulation_FM.cpp:319]   --->   Operation 123 'call' <Predicate = true> <Delay = 0.00> <CoreType = "Generic">   --->   Core 0 '' <Latency = 0> <II = 1> <Delay = 1.00> <Generic> <Opcode : >

State 2 <SV = 1> <Delay = 0.00>
ST_2 : Operation 124 [1/2] (0.00ns)   --->   "call fastcc void @shift([100000 x i32]* %y_I_V, [100000 x i32]* %y_Q_V, [100000 x i32]* %y_I_s_V, [100000 x i32]* %y_Q_s_V)" [demodulation_FM.cpp:319]   --->   Operation 124 'call' <Predicate = true> <Delay = 0.00> <CoreType = "Generic">   --->   Core 0 '' <Latency = 0> <II = 1> <Delay = 1.00> <Generic> <Opcode : >

State 3 <SV = 2> <Delay = 1.06>
ST_3 : Operation 125 [2/2] (1.06ns)   --->   "call fastcc void @fir([100000 x i32]* %y_I_s_V, [100000 x i32]* %y_I_fpb_V)" [demodulation_FM.cpp:357]   --->   Operation 125 'call' <Predicate = true> <Delay = 1.06> <CoreType = "Generic">   --->   Core 0 '' <Latency = 0> <II = 1> <Delay = 1.00> <Generic> <Opcode : >

State 4 <SV = 3> <Delay = 0.00>
ST_4 : Operation 126 [1/2] (0.00ns)   --->   "call fastcc void @fir([100000 x i32]* %y_I_s_V, [100000 x i32]* %y_I_fpb_V)" [demodulation_FM.cpp:357]   --->   Operation 126 'call' <Predicate = true> <Delay = 0.00> <CoreType = "Generic">   --->   Core 0 '' <Latency = 0> <II = 1> <Delay = 1.00> <Generic> <Opcode : >

State 5 <SV = 4> <Delay = 1.06>
ST_5 : Operation 127 [2/2] (1.06ns)   --->   "call fastcc void @fir([100000 x i32]* %y_Q_s_V, [100000 x i32]* %y_Q_fpb_V)" [demodulation_FM.cpp:358]   --->   Operation 127 'call' <Predicate = true> <Delay = 1.06> <CoreType = "Generic">   --->   Core 0 '' <Latency = 0> <II = 1> <Delay = 1.00> <Generic> <Opcode : >
ST_5 : Operation 128 [2/2] (1.06ns)   --->   "call fastcc void @decimation1([100000 x i32]* %y_I_fpb_V, [12500 x i32]* %y_I_d_V)" [demodulation_FM.cpp:393]   --->   Operation 128 'call' <Predicate = true> <Delay = 1.06> <CoreType = "Generic">   --->   Core 0 '' <Latency = 0> <II = 1> <Delay = 1.00> <Generic> <Opcode : >

State 6 <SV = 5> <Delay = 0.00>
ST_6 : Operation 129 [1/2] (0.00ns)   --->   "call fastcc void @fir([100000 x i32]* %y_Q_s_V, [100000 x i32]* %y_Q_fpb_V)" [demodulation_FM.cpp:358]   --->   Operation 129 'call' <Predicate = true> <Delay = 0.00> <CoreType = "Generic">   --->   Core 0 '' <Latency = 0> <II = 1> <Delay = 1.00> <Generic> <Opcode : >
ST_6 : Operation 130 [1/2] (0.00ns)   --->   "call fastcc void @decimation1([100000 x i32]* %y_I_fpb_V, [12500 x i32]* %y_I_d_V)" [demodulation_FM.cpp:393]   --->   Operation 130 'call' <Predicate = true> <Delay = 0.00> <CoreType = "Generic">   --->   Core 0 '' <Latency = 0> <II = 1> <Delay = 1.00> <Generic> <Opcode : >

State 7 <SV = 6> <Delay = 1.06>
ST_7 : Operation 131 [2/2] (1.06ns)   --->   "call fastcc void @decimation1([100000 x i32]* %y_Q_fpb_V, [12500 x i32]* %y_Q_d_V)" [demodulation_FM.cpp:394]   --->   Operation 131 'call' <Predicate = true> <Delay = 1.06> <CoreType = "Generic">   --->   Core 0 '' <Latency = 0> <II = 1> <Delay = 1.00> <Generic> <Opcode : >

State 8 <SV = 7> <Delay = 0.00>
ST_8 : Operation 132 [1/2] (0.00ns)   --->   "call fastcc void @decimation1([100000 x i32]* %y_Q_fpb_V, [12500 x i32]* %y_Q_d_V)" [demodulation_FM.cpp:394]   --->   Operation 132 'call' <Predicate = true> <Delay = 0.00> <CoreType = "Generic">   --->   Core 0 '' <Latency = 0> <II = 1> <Delay = 1.00> <Generic> <Opcode : >

State 9 <SV = 8> <Delay = 2.66>
ST_9 : Operation 133 [1/1] (0.00ns)   --->   "%y_Q_d_V_addr = getelementptr [12500 x i32]* %y_Q_d_V, i64 0, i64 0" [demodulation_FM.cpp:243->demodulation_FM.cpp:429]   --->   Operation 133 'getelementptr' 'y_Q_d_V_addr' <Predicate = true> <Delay = 0.00>
ST_9 : Operation 134 [1/1] (0.00ns)   --->   "%y_I_d_V_addr = getelementptr [12500 x i32]* %y_I_d_V, i64 0, i64 0" [demodulation_FM.cpp:243->demodulation_FM.cpp:429]   --->   Operation 134 'getelementptr' 'y_I_d_V_addr' <Predicate = true> <Delay = 0.00>
ST_9 : Operation 135 [2/2] (2.66ns)   --->   "%ary_r_value_0_V = load i32* %y_I_d_V_addr, align 4" [demodulation_FM.cpp:248->demodulation_FM.cpp:429]   --->   Operation 135 'load' 'ary_r_value_0_V' <Predicate = true> <Delay = 2.66> <Core = "RAM">   --->   Core 37 'RAM' <Latency = 1> <II = 1> <Delay = 2.66> <Storage> <Opcode : 'load' 'store'> <Ports = 2> <Width = 32> <Depth = 1250> <RAM>
ST_9 : Operation 136 [2/2] (2.66ns)   --->   "%ary_i_value_0_V = load i32* %y_Q_d_V_addr, align 4" [demodulation_FM.cpp:249->demodulation_FM.cpp:429]   --->   Operation 136 'load' 'ary_i_value_0_V' <Predicate = true> <Delay = 2.66> <Core = "RAM">   --->   Core 37 'RAM' <Latency = 1> <II = 1> <Delay = 2.66> <Storage> <Opcode : 'load' 'store'> <Ports = 2> <Width = 32> <Depth = 1250> <RAM>

State 10 <SV = 9> <Delay = 2.66>
ST_10 : Operation 137 [1/1] (0.00ns)   --->   "call void (...)* @_ssdm_op_SpecBitsMap([100000 x i32]* %y_I_V), !map !114"   --->   Operation 137 'specbitsmap' <Predicate = true> <Delay = 0.00>
ST_10 : Operation 138 [1/1] (0.00ns)   --->   "call void (...)* @_ssdm_op_SpecBitsMap([100000 x i32]* %y_Q_V), !map !120"   --->   Operation 138 'specbitsmap' <Predicate = true> <Delay = 0.00>
ST_10 : Operation 139 [1/1] (0.00ns)   --->   "call void (...)* @_ssdm_op_SpecBitsMap([1250 x i32]* %y_demod_d_V), !map !124"   --->   Operation 139 'specbitsmap' <Predicate = true> <Delay = 0.00>
ST_10 : Operation 140 [1/1] (0.00ns)   --->   "call void (...)* @_ssdm_op_SpecBitsMap(i32 0) nounwind, !map !130"   --->   Operation 140 'specbitsmap' <Predicate = true> <Delay = 0.00>
ST_10 : Operation 141 [1/1] (0.00ns)   --->   "call void (...)* @_ssdm_op_SpecTopModule([15 x i8]* @demodulationFM_str) nounwind"   --->   Operation 141 'spectopmodule' <Predicate = true> <Delay = 0.00>
ST_10 : Operation 142 [1/1] (0.00ns)   --->   "%y_demod_nd_V_addr = getelementptr [12500 x i32]* %y_demod_nd_V, i64 0, i64 0" [demodulation_FM.cpp:243->demodulation_FM.cpp:429]   --->   Operation 142 'getelementptr' 'y_demod_nd_V_addr' <Predicate = true> <Delay = 0.00>
ST_10 : Operation 143 [1/1] (2.66ns)   --->   "store i32 0, i32* %y_demod_nd_V_addr, align 4" [demodulation_FM.cpp:247->demodulation_FM.cpp:429]   --->   Operation 143 'store' <Predicate = true> <Delay = 2.66> <Core = "RAM">   --->   Core 37 'RAM' <Latency = 1> <II = 1> <Delay = 2.66> <Storage> <Opcode : 'load' 'store'> <Ports = 2> <Width = 32> <Depth = 1250> <RAM>
ST_10 : Operation 144 [1/2] (2.66ns)   --->   "%ary_r_value_0_V = load i32* %y_I_d_V_addr, align 4" [demodulation_FM.cpp:248->demodulation_FM.cpp:429]   --->   Operation 144 'load' 'ary_r_value_0_V' <Predicate = true> <Delay = 2.66> <Core = "RAM">   --->   Core 37 'RAM' <Latency = 1> <II = 1> <Delay = 2.66> <Storage> <Opcode : 'load' 'store'> <Ports = 2> <Width = 32> <Depth = 1250> <RAM>
ST_10 : Operation 145 [1/2] (2.66ns)   --->   "%ary_i_value_0_V = load i32* %y_Q_d_V_addr, align 4" [demodulation_FM.cpp:249->demodulation_FM.cpp:429]   --->   Operation 145 'load' 'ary_i_value_0_V' <Predicate = true> <Delay = 2.66> <Core = "RAM">   --->   Core 37 'RAM' <Latency = 1> <II = 1> <Delay = 2.66> <Storage> <Opcode : 'load' 'store'> <Ports = 2> <Width = 32> <Depth = 1250> <RAM>
ST_10 : Operation 146 [1/1] (1.06ns)   --->   "br label %0" [demodulation_FM.cpp:252->demodulation_FM.cpp:429]   --->   Operation 146 'br' <Predicate = true> <Delay = 1.06>

State 11 <SV = 10> <Delay = 2.66>
ST_11 : Operation 147 [1/1] (0.00ns)   --->   "%p_Val2_13 = phi i32 [ %ary_r_value_0_V, %arrayctor.loop1.preheader ], [ %ary_r_value_1_V, %_ZN13ap_fixed_baseILi33ELi17ELb1EL9ap_q_mode5EL9ap_o_mode3ELi0EEC1ILi32ELi16ELb1ELS0_5ELS1_3ELi0EEERKS_IXT_EXT0_EXT1_EXT2_EXT3_EXT4_EE.exit9.i101.i ]"   --->   Operation 147 'phi' 'p_Val2_13' <Predicate = true> <Delay = 0.00>
ST_11 : Operation 148 [1/1] (0.00ns)   --->   "%p_Val2_15 = phi i32 [ %ary_i_value_0_V, %arrayctor.loop1.preheader ], [ %ary_i_value_1_V, %_ZN13ap_fixed_baseILi33ELi17ELb1EL9ap_q_mode5EL9ap_o_mode3ELi0EEC1ILi32ELi16ELb1ELS0_5ELS1_3ELi0EEERKS_IXT_EXT0_EXT1_EXT2_EXT3_EXT4_EE.exit9.i101.i ]"   --->   Operation 148 'phi' 'p_Val2_15' <Predicate = true> <Delay = 0.00>
ST_11 : Operation 149 [1/1] (0.00ns)   --->   "%q_0_i = phi i14 [ 1, %arrayctor.loop1.preheader ], [ %q, %_ZN13ap_fixed_baseILi33ELi17ELb1EL9ap_q_mode5EL9ap_o_mode3ELi0EEC1ILi32ELi16ELb1ELS0_5ELS1_3ELi0EEERKS_IXT_EXT0_EXT1_EXT2_EXT3_EXT4_EE.exit9.i101.i ]"   --->   Operation 149 'phi' 'q_0_i' <Predicate = true> <Delay = 0.00>
ST_11 : Operation 150 [1/1] (1.42ns)   --->   "%icmp_ln252 = icmp eq i14 %q_0_i, -3884" [demodulation_FM.cpp:252->demodulation_FM.cpp:429]   --->   Operation 150 'icmp' 'icmp_ln252' <Predicate = true> <Delay = 1.42> <Core = "Cmp">   --->   Core 25 'Cmp' <Latency = 0> <II = 1> <Delay = 1.42> <FuncUnit> <Opcode : 'icmp'> <InPorts = 2> <OutPorts = 1>
ST_11 : Operation 151 [1/1] (0.00ns)   --->   "%empty = call i32 (...)* @_ssdm_op_SpecLoopTripCount(i64 12499, i64 12499, i64 12499)"   --->   Operation 151 'speclooptripcount' 'empty' <Predicate = true> <Delay = 0.00>
ST_11 : Operation 152 [1/1] (0.00ns)   --->   "br i1 %icmp_ln252, label %demodulation.exit.preheader, label %_ZN13ap_fixed_baseILi33ELi17ELb1EL9ap_q_mode5EL9ap_o_mode3ELi0EEC1ILi32ELi16ELb1ELS0_5ELS1_3ELi0EEERKS_IXT_EXT0_EXT1_EXT2_EXT3_EXT4_EE.exit9.i101.i" [demodulation_FM.cpp:252->demodulation_FM.cpp:429]   --->   Operation 152 'br' <Predicate = true> <Delay = 0.00>
ST_11 : Operation 153 [1/1] (0.00ns)   --->   "%zext_ln255 = zext i14 %q_0_i to i64" [demodulation_FM.cpp:255->demodulation_FM.cpp:429]   --->   Operation 153 'zext' 'zext_ln255' <Predicate = (!icmp_ln252)> <Delay = 0.00>
ST_11 : Operation 154 [1/1] (0.00ns)   --->   "%y_I_d_V_addr_1 = getelementptr [12500 x i32]* %y_I_d_V, i64 0, i64 %zext_ln255" [demodulation_FM.cpp:255->demodulation_FM.cpp:429]   --->   Operation 154 'getelementptr' 'y_I_d_V_addr_1' <Predicate = (!icmp_ln252)> <Delay = 0.00>
ST_11 : Operation 155 [2/2] (2.66ns)   --->   "%ary_r_value_1_V = load i32* %y_I_d_V_addr_1, align 4" [demodulation_FM.cpp:255->demodulation_FM.cpp:429]   --->   Operation 155 'load' 'ary_r_value_1_V' <Predicate = (!icmp_ln252)> <Delay = 2.66> <Core = "RAM">   --->   Core 37 'RAM' <Latency = 1> <II = 1> <Delay = 2.66> <Storage> <Opcode : 'load' 'store'> <Ports = 2> <Width = 32> <Depth = 1250> <RAM>
ST_11 : Operation 156 [1/1] (0.00ns)   --->   "%y_Q_d_V_addr_1 = getelementptr [12500 x i32]* %y_Q_d_V, i64 0, i64 %zext_ln255" [demodulation_FM.cpp:256->demodulation_FM.cpp:429]   --->   Operation 156 'getelementptr' 'y_Q_d_V_addr_1' <Predicate = (!icmp_ln252)> <Delay = 0.00>
ST_11 : Operation 157 [2/2] (2.66ns)   --->   "%ary_i_value_1_V = load i32* %y_Q_d_V_addr_1, align 4" [demodulation_FM.cpp:256->demodulation_FM.cpp:429]   --->   Operation 157 'load' 'ary_i_value_1_V' <Predicate = (!icmp_ln252)> <Delay = 2.66> <Core = "RAM">   --->   Core 37 'RAM' <Latency = 1> <II = 1> <Delay = 2.66> <Storage> <Opcode : 'load' 'store'> <Ports = 2> <Width = 32> <Depth = 1250> <RAM>
ST_11 : Operation 158 [1/1] (1.46ns)   --->   "%q = add i14 %q_0_i, 1" [demodulation_FM.cpp:252->demodulation_FM.cpp:429]   --->   Operation 158 'add' 'q' <Predicate = (!icmp_ln252)> <Delay = 1.46> <Core = "AddSub">   --->   Core 14 'AddSub' <Latency = 0> <II = 1> <Delay = 1.46> <FuncUnit> <Opcode : 'add' 'sub'> <InPorts = 2> <OutPorts = 1>
ST_11 : Operation 159 [1/1] (1.06ns)   --->   "br label %demodulation.exit" [demodulation_FM.cpp:230->demodulation_FM.cpp:460]   --->   Operation 159 'br' <Predicate = (icmp_ln252)> <Delay = 1.06>

State 12 <SV = 11> <Delay = 4.44>
ST_12 : Operation 160 [1/2] (2.66ns)   --->   "%ary_r_value_1_V = load i32* %y_I_d_V_addr_1, align 4" [demodulation_FM.cpp:255->demodulation_FM.cpp:429]   --->   Operation 160 'load' 'ary_r_value_1_V' <Predicate = true> <Delay = 2.66> <Core = "RAM">   --->   Core 37 'RAM' <Latency = 1> <II = 1> <Delay = 2.66> <Storage> <Opcode : 'load' 'store'> <Ports = 2> <Width = 32> <Depth = 1250> <RAM>
ST_12 : Operation 161 [1/2] (2.66ns)   --->   "%ary_i_value_1_V = load i32* %y_Q_d_V_addr_1, align 4" [demodulation_FM.cpp:256->demodulation_FM.cpp:429]   --->   Operation 161 'load' 'ary_i_value_1_V' <Predicate = true> <Delay = 2.66> <Core = "RAM">   --->   Core 37 'RAM' <Latency = 1> <II = 1> <Delay = 2.66> <Storage> <Opcode : 'load' 'store'> <Ports = 2> <Width = 32> <Depth = 1250> <RAM>
ST_12 : Operation 162 [1/1] (1.78ns)   --->   "%dii_V = sub i32 %ary_r_value_1_V, %p_Val2_13" [demodulation_FM.cpp:257->demodulation_FM.cpp:429]   --->   Operation 162 'sub' 'dii_V' <Predicate = true> <Delay = 1.78> <Core = "AddSub">   --->   Core 14 'AddSub' <Latency = 0> <II = 1> <Delay = 1.46> <FuncUnit> <Opcode : 'add' 'sub'> <InPorts = 2> <OutPorts = 1>
ST_12 : Operation 163 [1/1] (1.78ns)   --->   "%dqq_V = sub i32 %ary_i_value_1_V, %p_Val2_15" [demodulation_FM.cpp:258->demodulation_FM.cpp:429]   --->   Operation 163 'sub' 'dqq_V' <Predicate = true> <Delay = 1.78> <Core = "AddSub">   --->   Core 14 'AddSub' <Latency = 0> <II = 1> <Delay = 1.46> <FuncUnit> <Opcode : 'add' 'sub'> <InPorts = 2> <OutPorts = 1>

State 13 <SV = 12> <Delay = 8.56>
ST_13 : Operation 164 [1/1] (0.00ns)   --->   "%r_V = sext i32 %ary_r_value_1_V to i64" [demodulation_FM.cpp:259->demodulation_FM.cpp:429]   --->   Operation 164 'sext' 'r_V' <Predicate = true> <Delay = 0.00>
ST_13 : Operation 165 [1/1] (0.00ns)   --->   "%sext_ln1118 = sext i32 %dqq_V to i64" [demodulation_FM.cpp:259->demodulation_FM.cpp:429]   --->   Operation 165 'sext' 'sext_ln1118' <Predicate = true> <Delay = 0.00>
ST_13 : Operation 166 [1/1] (6.58ns)   --->   "%r_V_6 = mul nsw i64 %sext_ln1118, %r_V" [demodulation_FM.cpp:259->demodulation_FM.cpp:429]   --->   Operation 166 'mul' 'r_V_6' <Predicate = true> <Delay = 6.58> <Core = "Mul">   --->   Core 16 'Mul' <Latency = 0> <II = 1> <Delay = 6.58> <FuncUnit> <Opcode : 'mul'> <InPorts = 2> <OutPorts = 1>
ST_13 : Operation 167 [1/1] (0.00ns)   --->   "%r_V_2 = sext i32 %ary_i_value_1_V to i64" [demodulation_FM.cpp:259->demodulation_FM.cpp:429]   --->   Operation 167 'sext' 'r_V_2' <Predicate = true> <Delay = 0.00>
ST_13 : Operation 168 [1/1] (0.00ns)   --->   "%sext_ln1118_2 = sext i32 %dii_V to i64" [demodulation_FM.cpp:259->demodulation_FM.cpp:429]   --->   Operation 168 'sext' 'sext_ln1118_2' <Predicate = true> <Delay = 0.00>
ST_13 : Operation 169 [1/1] (6.58ns)   --->   "%r_V_7 = mul nsw i64 %r_V_2, %sext_ln1118_2" [demodulation_FM.cpp:259->demodulation_FM.cpp:429]   --->   Operation 169 'mul' 'r_V_7' <Predicate = true> <Delay = 6.58> <Core = "Mul">   --->   Core 16 'Mul' <Latency = 0> <II = 1> <Delay = 6.58> <FuncUnit> <Opcode : 'mul'> <InPorts = 2> <OutPorts = 1>
ST_13 : Operation 170 [1/1] (1.98ns)   --->   "%ret_V = sub i64 %r_V_6, %r_V_7" [demodulation_FM.cpp:259->demodulation_FM.cpp:429]   --->   Operation 170 'sub' 'ret_V' <Predicate = true> <Delay = 1.98> <Core = "AddSub">   --->   Core 14 'AddSub' <Latency = 0> <II = 1> <Delay = 1.46> <FuncUnit> <Opcode : 'add' 'sub'> <InPorts = 2> <OutPorts = 1>
ST_13 : Operation 171 [1/1] (6.58ns)   --->   "%r_V_8 = mul nsw i64 %r_V, %r_V" [demodulation_FM.cpp:259->demodulation_FM.cpp:429]   --->   Operation 171 'mul' 'r_V_8' <Predicate = true> <Delay = 6.58> <Core = "Mul">   --->   Core 16 'Mul' <Latency = 0> <II = 1> <Delay = 6.58> <FuncUnit> <Opcode : 'mul'> <InPorts = 2> <OutPorts = 1>
ST_13 : Operation 172 [1/1] (6.58ns)   --->   "%r_V_9 = mul nsw i64 %r_V_2, %r_V_2" [demodulation_FM.cpp:259->demodulation_FM.cpp:429]   --->   Operation 172 'mul' 'r_V_9' <Predicate = true> <Delay = 6.58> <Core = "Mul">   --->   Core 16 'Mul' <Latency = 0> <II = 1> <Delay = 6.58> <FuncUnit> <Opcode : 'mul'> <InPorts = 2> <OutPorts = 1>
ST_13 : Operation 173 [1/1] (0.00ns)   --->   "%lhs_V = sext i64 %r_V_8 to i65" [demodulation_FM.cpp:259->demodulation_FM.cpp:429]   --->   Operation 173 'sext' 'lhs_V' <Predicate = true> <Delay = 0.00>
ST_13 : Operation 174 [1/1] (0.00ns)   --->   "%rhs_V = sext i64 %r_V_9 to i65" [demodulation_FM.cpp:259->demodulation_FM.cpp:429]   --->   Operation 174 'sext' 'rhs_V' <Predicate = true> <Delay = 0.00>
ST_13 : Operation 175 [1/1] (1.98ns)   --->   "%ret_V_6 = add nsw i65 %rhs_V, %lhs_V" [demodulation_FM.cpp:259->demodulation_FM.cpp:429]   --->   Operation 175 'add' 'ret_V_6' <Predicate = true> <Delay = 1.98> <Core = "AddSub">   --->   Core 14 'AddSub' <Latency = 0> <II = 1> <Delay = 1.46> <FuncUnit> <Opcode : 'add' 'sub'> <InPorts = 2> <OutPorts = 1>

State 14 <SV = 13> <Delay = 3.04>
ST_14 : Operation 176 [1/1] (0.00ns)   --->   "%tmp = call i96 @_ssdm_op_BitConcatenate.i96.i64.i32(i64 %ret_V, i32 0)" [demodulation_FM.cpp:259->demodulation_FM.cpp:429]   --->   Operation 176 'bitconcatenate' 'tmp' <Predicate = true> <Delay = 0.00>
ST_14 : Operation 177 [1/1] (0.00ns)   --->   "%sext_ln1148 = sext i65 %ret_V_6 to i96" [demodulation_FM.cpp:259->demodulation_FM.cpp:429]   --->   Operation 177 'sext' 'sext_ln1148' <Predicate = true> <Delay = 0.00>
ST_14 : Operation 178 [100/100] (3.04ns)   --->   "%sdiv_ln1148 = sdiv i96 %tmp, %sext_ln1148" [demodulation_FM.cpp:259->demodulation_FM.cpp:429]   --->   Operation 178 'sdiv' 'sdiv_ln1148' <Predicate = true> <Delay = 3.04> <Core = "DivnS_SEQ">   --->   Core 24 'DivnS_SEQ' <Latency = 99> <II = 96> <Delay = 3.04> <FuncUnit> <Opcode : 'sdiv' 'srem' 'udiv' 'urem'> <InPorts = 2> <OutPorts = 1>

State 15 <SV = 14> <Delay = 3.04>
ST_15 : Operation 179 [99/100] (3.04ns)   --->   "%sdiv_ln1148 = sdiv i96 %tmp, %sext_ln1148" [demodulation_FM.cpp:259->demodulation_FM.cpp:429]   --->   Operation 179 'sdiv' 'sdiv_ln1148' <Predicate = true> <Delay = 3.04> <Core = "DivnS_SEQ">   --->   Core 24 'DivnS_SEQ' <Latency = 99> <II = 96> <Delay = 3.04> <FuncUnit> <Opcode : 'sdiv' 'srem' 'udiv' 'urem'> <InPorts = 2> <OutPorts = 1>

State 16 <SV = 15> <Delay = 3.04>
ST_16 : Operation 180 [98/100] (3.04ns)   --->   "%sdiv_ln1148 = sdiv i96 %tmp, %sext_ln1148" [demodulation_FM.cpp:259->demodulation_FM.cpp:429]   --->   Operation 180 'sdiv' 'sdiv_ln1148' <Predicate = true> <Delay = 3.04> <Core = "DivnS_SEQ">   --->   Core 24 'DivnS_SEQ' <Latency = 99> <II = 96> <Delay = 3.04> <FuncUnit> <Opcode : 'sdiv' 'srem' 'udiv' 'urem'> <InPorts = 2> <OutPorts = 1>

State 17 <SV = 16> <Delay = 3.04>
ST_17 : Operation 181 [97/100] (3.04ns)   --->   "%sdiv_ln1148 = sdiv i96 %tmp, %sext_ln1148" [demodulation_FM.cpp:259->demodulation_FM.cpp:429]   --->   Operation 181 'sdiv' 'sdiv_ln1148' <Predicate = true> <Delay = 3.04> <Core = "DivnS_SEQ">   --->   Core 24 'DivnS_SEQ' <Latency = 99> <II = 96> <Delay = 3.04> <FuncUnit> <Opcode : 'sdiv' 'srem' 'udiv' 'urem'> <InPorts = 2> <OutPorts = 1>

State 18 <SV = 17> <Delay = 3.04>
ST_18 : Operation 182 [96/100] (3.04ns)   --->   "%sdiv_ln1148 = sdiv i96 %tmp, %sext_ln1148" [demodulation_FM.cpp:259->demodulation_FM.cpp:429]   --->   Operation 182 'sdiv' 'sdiv_ln1148' <Predicate = true> <Delay = 3.04> <Core = "DivnS_SEQ">   --->   Core 24 'DivnS_SEQ' <Latency = 99> <II = 96> <Delay = 3.04> <FuncUnit> <Opcode : 'sdiv' 'srem' 'udiv' 'urem'> <InPorts = 2> <OutPorts = 1>

State 19 <SV = 18> <Delay = 3.04>
ST_19 : Operation 183 [95/100] (3.04ns)   --->   "%sdiv_ln1148 = sdiv i96 %tmp, %sext_ln1148" [demodulation_FM.cpp:259->demodulation_FM.cpp:429]   --->   Operation 183 'sdiv' 'sdiv_ln1148' <Predicate = true> <Delay = 3.04> <Core = "DivnS_SEQ">   --->   Core 24 'DivnS_SEQ' <Latency = 99> <II = 96> <Delay = 3.04> <FuncUnit> <Opcode : 'sdiv' 'srem' 'udiv' 'urem'> <InPorts = 2> <OutPorts = 1>

State 20 <SV = 19> <Delay = 3.04>
ST_20 : Operation 184 [94/100] (3.04ns)   --->   "%sdiv_ln1148 = sdiv i96 %tmp, %sext_ln1148" [demodulation_FM.cpp:259->demodulation_FM.cpp:429]   --->   Operation 184 'sdiv' 'sdiv_ln1148' <Predicate = true> <Delay = 3.04> <Core = "DivnS_SEQ">   --->   Core 24 'DivnS_SEQ' <Latency = 99> <II = 96> <Delay = 3.04> <FuncUnit> <Opcode : 'sdiv' 'srem' 'udiv' 'urem'> <InPorts = 2> <OutPorts = 1>

State 21 <SV = 20> <Delay = 3.04>
ST_21 : Operation 185 [93/100] (3.04ns)   --->   "%sdiv_ln1148 = sdiv i96 %tmp, %sext_ln1148" [demodulation_FM.cpp:259->demodulation_FM.cpp:429]   --->   Operation 185 'sdiv' 'sdiv_ln1148' <Predicate = true> <Delay = 3.04> <Core = "DivnS_SEQ">   --->   Core 24 'DivnS_SEQ' <Latency = 99> <II = 96> <Delay = 3.04> <FuncUnit> <Opcode : 'sdiv' 'srem' 'udiv' 'urem'> <InPorts = 2> <OutPorts = 1>

State 22 <SV = 21> <Delay = 3.04>
ST_22 : Operation 186 [92/100] (3.04ns)   --->   "%sdiv_ln1148 = sdiv i96 %tmp, %sext_ln1148" [demodulation_FM.cpp:259->demodulation_FM.cpp:429]   --->   Operation 186 'sdiv' 'sdiv_ln1148' <Predicate = true> <Delay = 3.04> <Core = "DivnS_SEQ">   --->   Core 24 'DivnS_SEQ' <Latency = 99> <II = 96> <Delay = 3.04> <FuncUnit> <Opcode : 'sdiv' 'srem' 'udiv' 'urem'> <InPorts = 2> <OutPorts = 1>

State 23 <SV = 22> <Delay = 3.04>
ST_23 : Operation 187 [91/100] (3.04ns)   --->   "%sdiv_ln1148 = sdiv i96 %tmp, %sext_ln1148" [demodulation_FM.cpp:259->demodulation_FM.cpp:429]   --->   Operation 187 'sdiv' 'sdiv_ln1148' <Predicate = true> <Delay = 3.04> <Core = "DivnS_SEQ">   --->   Core 24 'DivnS_SEQ' <Latency = 99> <II = 96> <Delay = 3.04> <FuncUnit> <Opcode : 'sdiv' 'srem' 'udiv' 'urem'> <InPorts = 2> <OutPorts = 1>

State 24 <SV = 23> <Delay = 3.04>
ST_24 : Operation 188 [90/100] (3.04ns)   --->   "%sdiv_ln1148 = sdiv i96 %tmp, %sext_ln1148" [demodulation_FM.cpp:259->demodulation_FM.cpp:429]   --->   Operation 188 'sdiv' 'sdiv_ln1148' <Predicate = true> <Delay = 3.04> <Core = "DivnS_SEQ">   --->   Core 24 'DivnS_SEQ' <Latency = 99> <II = 96> <Delay = 3.04> <FuncUnit> <Opcode : 'sdiv' 'srem' 'udiv' 'urem'> <InPorts = 2> <OutPorts = 1>

State 25 <SV = 24> <Delay = 3.04>
ST_25 : Operation 189 [89/100] (3.04ns)   --->   "%sdiv_ln1148 = sdiv i96 %tmp, %sext_ln1148" [demodulation_FM.cpp:259->demodulation_FM.cpp:429]   --->   Operation 189 'sdiv' 'sdiv_ln1148' <Predicate = true> <Delay = 3.04> <Core = "DivnS_SEQ">   --->   Core 24 'DivnS_SEQ' <Latency = 99> <II = 96> <Delay = 3.04> <FuncUnit> <Opcode : 'sdiv' 'srem' 'udiv' 'urem'> <InPorts = 2> <OutPorts = 1>

State 26 <SV = 25> <Delay = 3.04>
ST_26 : Operation 190 [88/100] (3.04ns)   --->   "%sdiv_ln1148 = sdiv i96 %tmp, %sext_ln1148" [demodulation_FM.cpp:259->demodulation_FM.cpp:429]   --->   Operation 190 'sdiv' 'sdiv_ln1148' <Predicate = true> <Delay = 3.04> <Core = "DivnS_SEQ">   --->   Core 24 'DivnS_SEQ' <Latency = 99> <II = 96> <Delay = 3.04> <FuncUnit> <Opcode : 'sdiv' 'srem' 'udiv' 'urem'> <InPorts = 2> <OutPorts = 1>

State 27 <SV = 26> <Delay = 3.04>
ST_27 : Operation 191 [87/100] (3.04ns)   --->   "%sdiv_ln1148 = sdiv i96 %tmp, %sext_ln1148" [demodulation_FM.cpp:259->demodulation_FM.cpp:429]   --->   Operation 191 'sdiv' 'sdiv_ln1148' <Predicate = true> <Delay = 3.04> <Core = "DivnS_SEQ">   --->   Core 24 'DivnS_SEQ' <Latency = 99> <II = 96> <Delay = 3.04> <FuncUnit> <Opcode : 'sdiv' 'srem' 'udiv' 'urem'> <InPorts = 2> <OutPorts = 1>

State 28 <SV = 27> <Delay = 3.04>
ST_28 : Operation 192 [86/100] (3.04ns)   --->   "%sdiv_ln1148 = sdiv i96 %tmp, %sext_ln1148" [demodulation_FM.cpp:259->demodulation_FM.cpp:429]   --->   Operation 192 'sdiv' 'sdiv_ln1148' <Predicate = true> <Delay = 3.04> <Core = "DivnS_SEQ">   --->   Core 24 'DivnS_SEQ' <Latency = 99> <II = 96> <Delay = 3.04> <FuncUnit> <Opcode : 'sdiv' 'srem' 'udiv' 'urem'> <InPorts = 2> <OutPorts = 1>

State 29 <SV = 28> <Delay = 3.04>
ST_29 : Operation 193 [85/100] (3.04ns)   --->   "%sdiv_ln1148 = sdiv i96 %tmp, %sext_ln1148" [demodulation_FM.cpp:259->demodulation_FM.cpp:429]   --->   Operation 193 'sdiv' 'sdiv_ln1148' <Predicate = true> <Delay = 3.04> <Core = "DivnS_SEQ">   --->   Core 24 'DivnS_SEQ' <Latency = 99> <II = 96> <Delay = 3.04> <FuncUnit> <Opcode : 'sdiv' 'srem' 'udiv' 'urem'> <InPorts = 2> <OutPorts = 1>

State 30 <SV = 29> <Delay = 3.04>
ST_30 : Operation 194 [84/100] (3.04ns)   --->   "%sdiv_ln1148 = sdiv i96 %tmp, %sext_ln1148" [demodulation_FM.cpp:259->demodulation_FM.cpp:429]   --->   Operation 194 'sdiv' 'sdiv_ln1148' <Predicate = true> <Delay = 3.04> <Core = "DivnS_SEQ">   --->   Core 24 'DivnS_SEQ' <Latency = 99> <II = 96> <Delay = 3.04> <FuncUnit> <Opcode : 'sdiv' 'srem' 'udiv' 'urem'> <InPorts = 2> <OutPorts = 1>

State 31 <SV = 30> <Delay = 3.04>
ST_31 : Operation 195 [83/100] (3.04ns)   --->   "%sdiv_ln1148 = sdiv i96 %tmp, %sext_ln1148" [demodulation_FM.cpp:259->demodulation_FM.cpp:429]   --->   Operation 195 'sdiv' 'sdiv_ln1148' <Predicate = true> <Delay = 3.04> <Core = "DivnS_SEQ">   --->   Core 24 'DivnS_SEQ' <Latency = 99> <II = 96> <Delay = 3.04> <FuncUnit> <Opcode : 'sdiv' 'srem' 'udiv' 'urem'> <InPorts = 2> <OutPorts = 1>

State 32 <SV = 31> <Delay = 3.04>
ST_32 : Operation 196 [82/100] (3.04ns)   --->   "%sdiv_ln1148 = sdiv i96 %tmp, %sext_ln1148" [demodulation_FM.cpp:259->demodulation_FM.cpp:429]   --->   Operation 196 'sdiv' 'sdiv_ln1148' <Predicate = true> <Delay = 3.04> <Core = "DivnS_SEQ">   --->   Core 24 'DivnS_SEQ' <Latency = 99> <II = 96> <Delay = 3.04> <FuncUnit> <Opcode : 'sdiv' 'srem' 'udiv' 'urem'> <InPorts = 2> <OutPorts = 1>

State 33 <SV = 32> <Delay = 3.04>
ST_33 : Operation 197 [81/100] (3.04ns)   --->   "%sdiv_ln1148 = sdiv i96 %tmp, %sext_ln1148" [demodulation_FM.cpp:259->demodulation_FM.cpp:429]   --->   Operation 197 'sdiv' 'sdiv_ln1148' <Predicate = true> <Delay = 3.04> <Core = "DivnS_SEQ">   --->   Core 24 'DivnS_SEQ' <Latency = 99> <II = 96> <Delay = 3.04> <FuncUnit> <Opcode : 'sdiv' 'srem' 'udiv' 'urem'> <InPorts = 2> <OutPorts = 1>

State 34 <SV = 33> <Delay = 3.04>
ST_34 : Operation 198 [80/100] (3.04ns)   --->   "%sdiv_ln1148 = sdiv i96 %tmp, %sext_ln1148" [demodulation_FM.cpp:259->demodulation_FM.cpp:429]   --->   Operation 198 'sdiv' 'sdiv_ln1148' <Predicate = true> <Delay = 3.04> <Core = "DivnS_SEQ">   --->   Core 24 'DivnS_SEQ' <Latency = 99> <II = 96> <Delay = 3.04> <FuncUnit> <Opcode : 'sdiv' 'srem' 'udiv' 'urem'> <InPorts = 2> <OutPorts = 1>

State 35 <SV = 34> <Delay = 3.04>
ST_35 : Operation 199 [79/100] (3.04ns)   --->   "%sdiv_ln1148 = sdiv i96 %tmp, %sext_ln1148" [demodulation_FM.cpp:259->demodulation_FM.cpp:429]   --->   Operation 199 'sdiv' 'sdiv_ln1148' <Predicate = true> <Delay = 3.04> <Core = "DivnS_SEQ">   --->   Core 24 'DivnS_SEQ' <Latency = 99> <II = 96> <Delay = 3.04> <FuncUnit> <Opcode : 'sdiv' 'srem' 'udiv' 'urem'> <InPorts = 2> <OutPorts = 1>

State 36 <SV = 35> <Delay = 3.04>
ST_36 : Operation 200 [78/100] (3.04ns)   --->   "%sdiv_ln1148 = sdiv i96 %tmp, %sext_ln1148" [demodulation_FM.cpp:259->demodulation_FM.cpp:429]   --->   Operation 200 'sdiv' 'sdiv_ln1148' <Predicate = true> <Delay = 3.04> <Core = "DivnS_SEQ">   --->   Core 24 'DivnS_SEQ' <Latency = 99> <II = 96> <Delay = 3.04> <FuncUnit> <Opcode : 'sdiv' 'srem' 'udiv' 'urem'> <InPorts = 2> <OutPorts = 1>

State 37 <SV = 36> <Delay = 3.04>
ST_37 : Operation 201 [77/100] (3.04ns)   --->   "%sdiv_ln1148 = sdiv i96 %tmp, %sext_ln1148" [demodulation_FM.cpp:259->demodulation_FM.cpp:429]   --->   Operation 201 'sdiv' 'sdiv_ln1148' <Predicate = true> <Delay = 3.04> <Core = "DivnS_SEQ">   --->   Core 24 'DivnS_SEQ' <Latency = 99> <II = 96> <Delay = 3.04> <FuncUnit> <Opcode : 'sdiv' 'srem' 'udiv' 'urem'> <InPorts = 2> <OutPorts = 1>

State 38 <SV = 37> <Delay = 3.04>
ST_38 : Operation 202 [76/100] (3.04ns)   --->   "%sdiv_ln1148 = sdiv i96 %tmp, %sext_ln1148" [demodulation_FM.cpp:259->demodulation_FM.cpp:429]   --->   Operation 202 'sdiv' 'sdiv_ln1148' <Predicate = true> <Delay = 3.04> <Core = "DivnS_SEQ">   --->   Core 24 'DivnS_SEQ' <Latency = 99> <II = 96> <Delay = 3.04> <FuncUnit> <Opcode : 'sdiv' 'srem' 'udiv' 'urem'> <InPorts = 2> <OutPorts = 1>

State 39 <SV = 38> <Delay = 3.04>
ST_39 : Operation 203 [75/100] (3.04ns)   --->   "%sdiv_ln1148 = sdiv i96 %tmp, %sext_ln1148" [demodulation_FM.cpp:259->demodulation_FM.cpp:429]   --->   Operation 203 'sdiv' 'sdiv_ln1148' <Predicate = true> <Delay = 3.04> <Core = "DivnS_SEQ">   --->   Core 24 'DivnS_SEQ' <Latency = 99> <II = 96> <Delay = 3.04> <FuncUnit> <Opcode : 'sdiv' 'srem' 'udiv' 'urem'> <InPorts = 2> <OutPorts = 1>

State 40 <SV = 39> <Delay = 3.04>
ST_40 : Operation 204 [74/100] (3.04ns)   --->   "%sdiv_ln1148 = sdiv i96 %tmp, %sext_ln1148" [demodulation_FM.cpp:259->demodulation_FM.cpp:429]   --->   Operation 204 'sdiv' 'sdiv_ln1148' <Predicate = true> <Delay = 3.04> <Core = "DivnS_SEQ">   --->   Core 24 'DivnS_SEQ' <Latency = 99> <II = 96> <Delay = 3.04> <FuncUnit> <Opcode : 'sdiv' 'srem' 'udiv' 'urem'> <InPorts = 2> <OutPorts = 1>

State 41 <SV = 40> <Delay = 3.04>
ST_41 : Operation 205 [73/100] (3.04ns)   --->   "%sdiv_ln1148 = sdiv i96 %tmp, %sext_ln1148" [demodulation_FM.cpp:259->demodulation_FM.cpp:429]   --->   Operation 205 'sdiv' 'sdiv_ln1148' <Predicate = true> <Delay = 3.04> <Core = "DivnS_SEQ">   --->   Core 24 'DivnS_SEQ' <Latency = 99> <II = 96> <Delay = 3.04> <FuncUnit> <Opcode : 'sdiv' 'srem' 'udiv' 'urem'> <InPorts = 2> <OutPorts = 1>

State 42 <SV = 41> <Delay = 3.04>
ST_42 : Operation 206 [72/100] (3.04ns)   --->   "%sdiv_ln1148 = sdiv i96 %tmp, %sext_ln1148" [demodulation_FM.cpp:259->demodulation_FM.cpp:429]   --->   Operation 206 'sdiv' 'sdiv_ln1148' <Predicate = true> <Delay = 3.04> <Core = "DivnS_SEQ">   --->   Core 24 'DivnS_SEQ' <Latency = 99> <II = 96> <Delay = 3.04> <FuncUnit> <Opcode : 'sdiv' 'srem' 'udiv' 'urem'> <InPorts = 2> <OutPorts = 1>

State 43 <SV = 42> <Delay = 3.04>
ST_43 : Operation 207 [71/100] (3.04ns)   --->   "%sdiv_ln1148 = sdiv i96 %tmp, %sext_ln1148" [demodulation_FM.cpp:259->demodulation_FM.cpp:429]   --->   Operation 207 'sdiv' 'sdiv_ln1148' <Predicate = true> <Delay = 3.04> <Core = "DivnS_SEQ">   --->   Core 24 'DivnS_SEQ' <Latency = 99> <II = 96> <Delay = 3.04> <FuncUnit> <Opcode : 'sdiv' 'srem' 'udiv' 'urem'> <InPorts = 2> <OutPorts = 1>

State 44 <SV = 43> <Delay = 3.04>
ST_44 : Operation 208 [70/100] (3.04ns)   --->   "%sdiv_ln1148 = sdiv i96 %tmp, %sext_ln1148" [demodulation_FM.cpp:259->demodulation_FM.cpp:429]   --->   Operation 208 'sdiv' 'sdiv_ln1148' <Predicate = true> <Delay = 3.04> <Core = "DivnS_SEQ">   --->   Core 24 'DivnS_SEQ' <Latency = 99> <II = 96> <Delay = 3.04> <FuncUnit> <Opcode : 'sdiv' 'srem' 'udiv' 'urem'> <InPorts = 2> <OutPorts = 1>

State 45 <SV = 44> <Delay = 3.04>
ST_45 : Operation 209 [69/100] (3.04ns)   --->   "%sdiv_ln1148 = sdiv i96 %tmp, %sext_ln1148" [demodulation_FM.cpp:259->demodulation_FM.cpp:429]   --->   Operation 209 'sdiv' 'sdiv_ln1148' <Predicate = true> <Delay = 3.04> <Core = "DivnS_SEQ">   --->   Core 24 'DivnS_SEQ' <Latency = 99> <II = 96> <Delay = 3.04> <FuncUnit> <Opcode : 'sdiv' 'srem' 'udiv' 'urem'> <InPorts = 2> <OutPorts = 1>

State 46 <SV = 45> <Delay = 3.04>
ST_46 : Operation 210 [68/100] (3.04ns)   --->   "%sdiv_ln1148 = sdiv i96 %tmp, %sext_ln1148" [demodulation_FM.cpp:259->demodulation_FM.cpp:429]   --->   Operation 210 'sdiv' 'sdiv_ln1148' <Predicate = true> <Delay = 3.04> <Core = "DivnS_SEQ">   --->   Core 24 'DivnS_SEQ' <Latency = 99> <II = 96> <Delay = 3.04> <FuncUnit> <Opcode : 'sdiv' 'srem' 'udiv' 'urem'> <InPorts = 2> <OutPorts = 1>

State 47 <SV = 46> <Delay = 3.04>
ST_47 : Operation 211 [67/100] (3.04ns)   --->   "%sdiv_ln1148 = sdiv i96 %tmp, %sext_ln1148" [demodulation_FM.cpp:259->demodulation_FM.cpp:429]   --->   Operation 211 'sdiv' 'sdiv_ln1148' <Predicate = true> <Delay = 3.04> <Core = "DivnS_SEQ">   --->   Core 24 'DivnS_SEQ' <Latency = 99> <II = 96> <Delay = 3.04> <FuncUnit> <Opcode : 'sdiv' 'srem' 'udiv' 'urem'> <InPorts = 2> <OutPorts = 1>

State 48 <SV = 47> <Delay = 3.04>
ST_48 : Operation 212 [66/100] (3.04ns)   --->   "%sdiv_ln1148 = sdiv i96 %tmp, %sext_ln1148" [demodulation_FM.cpp:259->demodulation_FM.cpp:429]   --->   Operation 212 'sdiv' 'sdiv_ln1148' <Predicate = true> <Delay = 3.04> <Core = "DivnS_SEQ">   --->   Core 24 'DivnS_SEQ' <Latency = 99> <II = 96> <Delay = 3.04> <FuncUnit> <Opcode : 'sdiv' 'srem' 'udiv' 'urem'> <InPorts = 2> <OutPorts = 1>

State 49 <SV = 48> <Delay = 3.04>
ST_49 : Operation 213 [65/100] (3.04ns)   --->   "%sdiv_ln1148 = sdiv i96 %tmp, %sext_ln1148" [demodulation_FM.cpp:259->demodulation_FM.cpp:429]   --->   Operation 213 'sdiv' 'sdiv_ln1148' <Predicate = true> <Delay = 3.04> <Core = "DivnS_SEQ">   --->   Core 24 'DivnS_SEQ' <Latency = 99> <II = 96> <Delay = 3.04> <FuncUnit> <Opcode : 'sdiv' 'srem' 'udiv' 'urem'> <InPorts = 2> <OutPorts = 1>

State 50 <SV = 49> <Delay = 3.04>
ST_50 : Operation 214 [64/100] (3.04ns)   --->   "%sdiv_ln1148 = sdiv i96 %tmp, %sext_ln1148" [demodulation_FM.cpp:259->demodulation_FM.cpp:429]   --->   Operation 214 'sdiv' 'sdiv_ln1148' <Predicate = true> <Delay = 3.04> <Core = "DivnS_SEQ">   --->   Core 24 'DivnS_SEQ' <Latency = 99> <II = 96> <Delay = 3.04> <FuncUnit> <Opcode : 'sdiv' 'srem' 'udiv' 'urem'> <InPorts = 2> <OutPorts = 1>

State 51 <SV = 50> <Delay = 3.04>
ST_51 : Operation 215 [63/100] (3.04ns)   --->   "%sdiv_ln1148 = sdiv i96 %tmp, %sext_ln1148" [demodulation_FM.cpp:259->demodulation_FM.cpp:429]   --->   Operation 215 'sdiv' 'sdiv_ln1148' <Predicate = true> <Delay = 3.04> <Core = "DivnS_SEQ">   --->   Core 24 'DivnS_SEQ' <Latency = 99> <II = 96> <Delay = 3.04> <FuncUnit> <Opcode : 'sdiv' 'srem' 'udiv' 'urem'> <InPorts = 2> <OutPorts = 1>

State 52 <SV = 51> <Delay = 3.04>
ST_52 : Operation 216 [62/100] (3.04ns)   --->   "%sdiv_ln1148 = sdiv i96 %tmp, %sext_ln1148" [demodulation_FM.cpp:259->demodulation_FM.cpp:429]   --->   Operation 216 'sdiv' 'sdiv_ln1148' <Predicate = true> <Delay = 3.04> <Core = "DivnS_SEQ">   --->   Core 24 'DivnS_SEQ' <Latency = 99> <II = 96> <Delay = 3.04> <FuncUnit> <Opcode : 'sdiv' 'srem' 'udiv' 'urem'> <InPorts = 2> <OutPorts = 1>

State 53 <SV = 52> <Delay = 3.04>
ST_53 : Operation 217 [61/100] (3.04ns)   --->   "%sdiv_ln1148 = sdiv i96 %tmp, %sext_ln1148" [demodulation_FM.cpp:259->demodulation_FM.cpp:429]   --->   Operation 217 'sdiv' 'sdiv_ln1148' <Predicate = true> <Delay = 3.04> <Core = "DivnS_SEQ">   --->   Core 24 'DivnS_SEQ' <Latency = 99> <II = 96> <Delay = 3.04> <FuncUnit> <Opcode : 'sdiv' 'srem' 'udiv' 'urem'> <InPorts = 2> <OutPorts = 1>

State 54 <SV = 53> <Delay = 3.04>
ST_54 : Operation 218 [60/100] (3.04ns)   --->   "%sdiv_ln1148 = sdiv i96 %tmp, %sext_ln1148" [demodulation_FM.cpp:259->demodulation_FM.cpp:429]   --->   Operation 218 'sdiv' 'sdiv_ln1148' <Predicate = true> <Delay = 3.04> <Core = "DivnS_SEQ">   --->   Core 24 'DivnS_SEQ' <Latency = 99> <II = 96> <Delay = 3.04> <FuncUnit> <Opcode : 'sdiv' 'srem' 'udiv' 'urem'> <InPorts = 2> <OutPorts = 1>

State 55 <SV = 54> <Delay = 3.04>
ST_55 : Operation 219 [59/100] (3.04ns)   --->   "%sdiv_ln1148 = sdiv i96 %tmp, %sext_ln1148" [demodulation_FM.cpp:259->demodulation_FM.cpp:429]   --->   Operation 219 'sdiv' 'sdiv_ln1148' <Predicate = true> <Delay = 3.04> <Core = "DivnS_SEQ">   --->   Core 24 'DivnS_SEQ' <Latency = 99> <II = 96> <Delay = 3.04> <FuncUnit> <Opcode : 'sdiv' 'srem' 'udiv' 'urem'> <InPorts = 2> <OutPorts = 1>

State 56 <SV = 55> <Delay = 3.04>
ST_56 : Operation 220 [58/100] (3.04ns)   --->   "%sdiv_ln1148 = sdiv i96 %tmp, %sext_ln1148" [demodulation_FM.cpp:259->demodulation_FM.cpp:429]   --->   Operation 220 'sdiv' 'sdiv_ln1148' <Predicate = true> <Delay = 3.04> <Core = "DivnS_SEQ">   --->   Core 24 'DivnS_SEQ' <Latency = 99> <II = 96> <Delay = 3.04> <FuncUnit> <Opcode : 'sdiv' 'srem' 'udiv' 'urem'> <InPorts = 2> <OutPorts = 1>

State 57 <SV = 56> <Delay = 3.04>
ST_57 : Operation 221 [57/100] (3.04ns)   --->   "%sdiv_ln1148 = sdiv i96 %tmp, %sext_ln1148" [demodulation_FM.cpp:259->demodulation_FM.cpp:429]   --->   Operation 221 'sdiv' 'sdiv_ln1148' <Predicate = true> <Delay = 3.04> <Core = "DivnS_SEQ">   --->   Core 24 'DivnS_SEQ' <Latency = 99> <II = 96> <Delay = 3.04> <FuncUnit> <Opcode : 'sdiv' 'srem' 'udiv' 'urem'> <InPorts = 2> <OutPorts = 1>

State 58 <SV = 57> <Delay = 3.04>
ST_58 : Operation 222 [56/100] (3.04ns)   --->   "%sdiv_ln1148 = sdiv i96 %tmp, %sext_ln1148" [demodulation_FM.cpp:259->demodulation_FM.cpp:429]   --->   Operation 222 'sdiv' 'sdiv_ln1148' <Predicate = true> <Delay = 3.04> <Core = "DivnS_SEQ">   --->   Core 24 'DivnS_SEQ' <Latency = 99> <II = 96> <Delay = 3.04> <FuncUnit> <Opcode : 'sdiv' 'srem' 'udiv' 'urem'> <InPorts = 2> <OutPorts = 1>

State 59 <SV = 58> <Delay = 3.04>
ST_59 : Operation 223 [55/100] (3.04ns)   --->   "%sdiv_ln1148 = sdiv i96 %tmp, %sext_ln1148" [demodulation_FM.cpp:259->demodulation_FM.cpp:429]   --->   Operation 223 'sdiv' 'sdiv_ln1148' <Predicate = true> <Delay = 3.04> <Core = "DivnS_SEQ">   --->   Core 24 'DivnS_SEQ' <Latency = 99> <II = 96> <Delay = 3.04> <FuncUnit> <Opcode : 'sdiv' 'srem' 'udiv' 'urem'> <InPorts = 2> <OutPorts = 1>

State 60 <SV = 59> <Delay = 3.04>
ST_60 : Operation 224 [54/100] (3.04ns)   --->   "%sdiv_ln1148 = sdiv i96 %tmp, %sext_ln1148" [demodulation_FM.cpp:259->demodulation_FM.cpp:429]   --->   Operation 224 'sdiv' 'sdiv_ln1148' <Predicate = true> <Delay = 3.04> <Core = "DivnS_SEQ">   --->   Core 24 'DivnS_SEQ' <Latency = 99> <II = 96> <Delay = 3.04> <FuncUnit> <Opcode : 'sdiv' 'srem' 'udiv' 'urem'> <InPorts = 2> <OutPorts = 1>

State 61 <SV = 60> <Delay = 3.04>
ST_61 : Operation 225 [53/100] (3.04ns)   --->   "%sdiv_ln1148 = sdiv i96 %tmp, %sext_ln1148" [demodulation_FM.cpp:259->demodulation_FM.cpp:429]   --->   Operation 225 'sdiv' 'sdiv_ln1148' <Predicate = true> <Delay = 3.04> <Core = "DivnS_SEQ">   --->   Core 24 'DivnS_SEQ' <Latency = 99> <II = 96> <Delay = 3.04> <FuncUnit> <Opcode : 'sdiv' 'srem' 'udiv' 'urem'> <InPorts = 2> <OutPorts = 1>

State 62 <SV = 61> <Delay = 3.04>
ST_62 : Operation 226 [52/100] (3.04ns)   --->   "%sdiv_ln1148 = sdiv i96 %tmp, %sext_ln1148" [demodulation_FM.cpp:259->demodulation_FM.cpp:429]   --->   Operation 226 'sdiv' 'sdiv_ln1148' <Predicate = true> <Delay = 3.04> <Core = "DivnS_SEQ">   --->   Core 24 'DivnS_SEQ' <Latency = 99> <II = 96> <Delay = 3.04> <FuncUnit> <Opcode : 'sdiv' 'srem' 'udiv' 'urem'> <InPorts = 2> <OutPorts = 1>

State 63 <SV = 62> <Delay = 3.04>
ST_63 : Operation 227 [51/100] (3.04ns)   --->   "%sdiv_ln1148 = sdiv i96 %tmp, %sext_ln1148" [demodulation_FM.cpp:259->demodulation_FM.cpp:429]   --->   Operation 227 'sdiv' 'sdiv_ln1148' <Predicate = true> <Delay = 3.04> <Core = "DivnS_SEQ">   --->   Core 24 'DivnS_SEQ' <Latency = 99> <II = 96> <Delay = 3.04> <FuncUnit> <Opcode : 'sdiv' 'srem' 'udiv' 'urem'> <InPorts = 2> <OutPorts = 1>

State 64 <SV = 63> <Delay = 3.04>
ST_64 : Operation 228 [50/100] (3.04ns)   --->   "%sdiv_ln1148 = sdiv i96 %tmp, %sext_ln1148" [demodulation_FM.cpp:259->demodulation_FM.cpp:429]   --->   Operation 228 'sdiv' 'sdiv_ln1148' <Predicate = true> <Delay = 3.04> <Core = "DivnS_SEQ">   --->   Core 24 'DivnS_SEQ' <Latency = 99> <II = 96> <Delay = 3.04> <FuncUnit> <Opcode : 'sdiv' 'srem' 'udiv' 'urem'> <InPorts = 2> <OutPorts = 1>

State 65 <SV = 64> <Delay = 3.04>
ST_65 : Operation 229 [49/100] (3.04ns)   --->   "%sdiv_ln1148 = sdiv i96 %tmp, %sext_ln1148" [demodulation_FM.cpp:259->demodulation_FM.cpp:429]   --->   Operation 229 'sdiv' 'sdiv_ln1148' <Predicate = true> <Delay = 3.04> <Core = "DivnS_SEQ">   --->   Core 24 'DivnS_SEQ' <Latency = 99> <II = 96> <Delay = 3.04> <FuncUnit> <Opcode : 'sdiv' 'srem' 'udiv' 'urem'> <InPorts = 2> <OutPorts = 1>

State 66 <SV = 65> <Delay = 3.04>
ST_66 : Operation 230 [48/100] (3.04ns)   --->   "%sdiv_ln1148 = sdiv i96 %tmp, %sext_ln1148" [demodulation_FM.cpp:259->demodulation_FM.cpp:429]   --->   Operation 230 'sdiv' 'sdiv_ln1148' <Predicate = true> <Delay = 3.04> <Core = "DivnS_SEQ">   --->   Core 24 'DivnS_SEQ' <Latency = 99> <II = 96> <Delay = 3.04> <FuncUnit> <Opcode : 'sdiv' 'srem' 'udiv' 'urem'> <InPorts = 2> <OutPorts = 1>

State 67 <SV = 66> <Delay = 3.04>
ST_67 : Operation 231 [47/100] (3.04ns)   --->   "%sdiv_ln1148 = sdiv i96 %tmp, %sext_ln1148" [demodulation_FM.cpp:259->demodulation_FM.cpp:429]   --->   Operation 231 'sdiv' 'sdiv_ln1148' <Predicate = true> <Delay = 3.04> <Core = "DivnS_SEQ">   --->   Core 24 'DivnS_SEQ' <Latency = 99> <II = 96> <Delay = 3.04> <FuncUnit> <Opcode : 'sdiv' 'srem' 'udiv' 'urem'> <InPorts = 2> <OutPorts = 1>

State 68 <SV = 67> <Delay = 3.04>
ST_68 : Operation 232 [46/100] (3.04ns)   --->   "%sdiv_ln1148 = sdiv i96 %tmp, %sext_ln1148" [demodulation_FM.cpp:259->demodulation_FM.cpp:429]   --->   Operation 232 'sdiv' 'sdiv_ln1148' <Predicate = true> <Delay = 3.04> <Core = "DivnS_SEQ">   --->   Core 24 'DivnS_SEQ' <Latency = 99> <II = 96> <Delay = 3.04> <FuncUnit> <Opcode : 'sdiv' 'srem' 'udiv' 'urem'> <InPorts = 2> <OutPorts = 1>

State 69 <SV = 68> <Delay = 3.04>
ST_69 : Operation 233 [45/100] (3.04ns)   --->   "%sdiv_ln1148 = sdiv i96 %tmp, %sext_ln1148" [demodulation_FM.cpp:259->demodulation_FM.cpp:429]   --->   Operation 233 'sdiv' 'sdiv_ln1148' <Predicate = true> <Delay = 3.04> <Core = "DivnS_SEQ">   --->   Core 24 'DivnS_SEQ' <Latency = 99> <II = 96> <Delay = 3.04> <FuncUnit> <Opcode : 'sdiv' 'srem' 'udiv' 'urem'> <InPorts = 2> <OutPorts = 1>

State 70 <SV = 69> <Delay = 3.04>
ST_70 : Operation 234 [44/100] (3.04ns)   --->   "%sdiv_ln1148 = sdiv i96 %tmp, %sext_ln1148" [demodulation_FM.cpp:259->demodulation_FM.cpp:429]   --->   Operation 234 'sdiv' 'sdiv_ln1148' <Predicate = true> <Delay = 3.04> <Core = "DivnS_SEQ">   --->   Core 24 'DivnS_SEQ' <Latency = 99> <II = 96> <Delay = 3.04> <FuncUnit> <Opcode : 'sdiv' 'srem' 'udiv' 'urem'> <InPorts = 2> <OutPorts = 1>

State 71 <SV = 70> <Delay = 3.04>
ST_71 : Operation 235 [43/100] (3.04ns)   --->   "%sdiv_ln1148 = sdiv i96 %tmp, %sext_ln1148" [demodulation_FM.cpp:259->demodulation_FM.cpp:429]   --->   Operation 235 'sdiv' 'sdiv_ln1148' <Predicate = true> <Delay = 3.04> <Core = "DivnS_SEQ">   --->   Core 24 'DivnS_SEQ' <Latency = 99> <II = 96> <Delay = 3.04> <FuncUnit> <Opcode : 'sdiv' 'srem' 'udiv' 'urem'> <InPorts = 2> <OutPorts = 1>

State 72 <SV = 71> <Delay = 3.04>
ST_72 : Operation 236 [42/100] (3.04ns)   --->   "%sdiv_ln1148 = sdiv i96 %tmp, %sext_ln1148" [demodulation_FM.cpp:259->demodulation_FM.cpp:429]   --->   Operation 236 'sdiv' 'sdiv_ln1148' <Predicate = true> <Delay = 3.04> <Core = "DivnS_SEQ">   --->   Core 24 'DivnS_SEQ' <Latency = 99> <II = 96> <Delay = 3.04> <FuncUnit> <Opcode : 'sdiv' 'srem' 'udiv' 'urem'> <InPorts = 2> <OutPorts = 1>

State 73 <SV = 72> <Delay = 3.04>
ST_73 : Operation 237 [41/100] (3.04ns)   --->   "%sdiv_ln1148 = sdiv i96 %tmp, %sext_ln1148" [demodulation_FM.cpp:259->demodulation_FM.cpp:429]   --->   Operation 237 'sdiv' 'sdiv_ln1148' <Predicate = true> <Delay = 3.04> <Core = "DivnS_SEQ">   --->   Core 24 'DivnS_SEQ' <Latency = 99> <II = 96> <Delay = 3.04> <FuncUnit> <Opcode : 'sdiv' 'srem' 'udiv' 'urem'> <InPorts = 2> <OutPorts = 1>

State 74 <SV = 73> <Delay = 3.04>
ST_74 : Operation 238 [40/100] (3.04ns)   --->   "%sdiv_ln1148 = sdiv i96 %tmp, %sext_ln1148" [demodulation_FM.cpp:259->demodulation_FM.cpp:429]   --->   Operation 238 'sdiv' 'sdiv_ln1148' <Predicate = true> <Delay = 3.04> <Core = "DivnS_SEQ">   --->   Core 24 'DivnS_SEQ' <Latency = 99> <II = 96> <Delay = 3.04> <FuncUnit> <Opcode : 'sdiv' 'srem' 'udiv' 'urem'> <InPorts = 2> <OutPorts = 1>

State 75 <SV = 74> <Delay = 3.04>
ST_75 : Operation 239 [39/100] (3.04ns)   --->   "%sdiv_ln1148 = sdiv i96 %tmp, %sext_ln1148" [demodulation_FM.cpp:259->demodulation_FM.cpp:429]   --->   Operation 239 'sdiv' 'sdiv_ln1148' <Predicate = true> <Delay = 3.04> <Core = "DivnS_SEQ">   --->   Core 24 'DivnS_SEQ' <Latency = 99> <II = 96> <Delay = 3.04> <FuncUnit> <Opcode : 'sdiv' 'srem' 'udiv' 'urem'> <InPorts = 2> <OutPorts = 1>

State 76 <SV = 75> <Delay = 3.04>
ST_76 : Operation 240 [38/100] (3.04ns)   --->   "%sdiv_ln1148 = sdiv i96 %tmp, %sext_ln1148" [demodulation_FM.cpp:259->demodulation_FM.cpp:429]   --->   Operation 240 'sdiv' 'sdiv_ln1148' <Predicate = true> <Delay = 3.04> <Core = "DivnS_SEQ">   --->   Core 24 'DivnS_SEQ' <Latency = 99> <II = 96> <Delay = 3.04> <FuncUnit> <Opcode : 'sdiv' 'srem' 'udiv' 'urem'> <InPorts = 2> <OutPorts = 1>

State 77 <SV = 76> <Delay = 3.04>
ST_77 : Operation 241 [37/100] (3.04ns)   --->   "%sdiv_ln1148 = sdiv i96 %tmp, %sext_ln1148" [demodulation_FM.cpp:259->demodulation_FM.cpp:429]   --->   Operation 241 'sdiv' 'sdiv_ln1148' <Predicate = true> <Delay = 3.04> <Core = "DivnS_SEQ">   --->   Core 24 'DivnS_SEQ' <Latency = 99> <II = 96> <Delay = 3.04> <FuncUnit> <Opcode : 'sdiv' 'srem' 'udiv' 'urem'> <InPorts = 2> <OutPorts = 1>

State 78 <SV = 77> <Delay = 3.04>
ST_78 : Operation 242 [36/100] (3.04ns)   --->   "%sdiv_ln1148 = sdiv i96 %tmp, %sext_ln1148" [demodulation_FM.cpp:259->demodulation_FM.cpp:429]   --->   Operation 242 'sdiv' 'sdiv_ln1148' <Predicate = true> <Delay = 3.04> <Core = "DivnS_SEQ">   --->   Core 24 'DivnS_SEQ' <Latency = 99> <II = 96> <Delay = 3.04> <FuncUnit> <Opcode : 'sdiv' 'srem' 'udiv' 'urem'> <InPorts = 2> <OutPorts = 1>

State 79 <SV = 78> <Delay = 3.04>
ST_79 : Operation 243 [35/100] (3.04ns)   --->   "%sdiv_ln1148 = sdiv i96 %tmp, %sext_ln1148" [demodulation_FM.cpp:259->demodulation_FM.cpp:429]   --->   Operation 243 'sdiv' 'sdiv_ln1148' <Predicate = true> <Delay = 3.04> <Core = "DivnS_SEQ">   --->   Core 24 'DivnS_SEQ' <Latency = 99> <II = 96> <Delay = 3.04> <FuncUnit> <Opcode : 'sdiv' 'srem' 'udiv' 'urem'> <InPorts = 2> <OutPorts = 1>

State 80 <SV = 79> <Delay = 3.04>
ST_80 : Operation 244 [34/100] (3.04ns)   --->   "%sdiv_ln1148 = sdiv i96 %tmp, %sext_ln1148" [demodulation_FM.cpp:259->demodulation_FM.cpp:429]   --->   Operation 244 'sdiv' 'sdiv_ln1148' <Predicate = true> <Delay = 3.04> <Core = "DivnS_SEQ">   --->   Core 24 'DivnS_SEQ' <Latency = 99> <II = 96> <Delay = 3.04> <FuncUnit> <Opcode : 'sdiv' 'srem' 'udiv' 'urem'> <InPorts = 2> <OutPorts = 1>

State 81 <SV = 80> <Delay = 3.04>
ST_81 : Operation 245 [33/100] (3.04ns)   --->   "%sdiv_ln1148 = sdiv i96 %tmp, %sext_ln1148" [demodulation_FM.cpp:259->demodulation_FM.cpp:429]   --->   Operation 245 'sdiv' 'sdiv_ln1148' <Predicate = true> <Delay = 3.04> <Core = "DivnS_SEQ">   --->   Core 24 'DivnS_SEQ' <Latency = 99> <II = 96> <Delay = 3.04> <FuncUnit> <Opcode : 'sdiv' 'srem' 'udiv' 'urem'> <InPorts = 2> <OutPorts = 1>

State 82 <SV = 81> <Delay = 3.04>
ST_82 : Operation 246 [32/100] (3.04ns)   --->   "%sdiv_ln1148 = sdiv i96 %tmp, %sext_ln1148" [demodulation_FM.cpp:259->demodulation_FM.cpp:429]   --->   Operation 246 'sdiv' 'sdiv_ln1148' <Predicate = true> <Delay = 3.04> <Core = "DivnS_SEQ">   --->   Core 24 'DivnS_SEQ' <Latency = 99> <II = 96> <Delay = 3.04> <FuncUnit> <Opcode : 'sdiv' 'srem' 'udiv' 'urem'> <InPorts = 2> <OutPorts = 1>

State 83 <SV = 82> <Delay = 3.04>
ST_83 : Operation 247 [31/100] (3.04ns)   --->   "%sdiv_ln1148 = sdiv i96 %tmp, %sext_ln1148" [demodulation_FM.cpp:259->demodulation_FM.cpp:429]   --->   Operation 247 'sdiv' 'sdiv_ln1148' <Predicate = true> <Delay = 3.04> <Core = "DivnS_SEQ">   --->   Core 24 'DivnS_SEQ' <Latency = 99> <II = 96> <Delay = 3.04> <FuncUnit> <Opcode : 'sdiv' 'srem' 'udiv' 'urem'> <InPorts = 2> <OutPorts = 1>

State 84 <SV = 83> <Delay = 3.04>
ST_84 : Operation 248 [30/100] (3.04ns)   --->   "%sdiv_ln1148 = sdiv i96 %tmp, %sext_ln1148" [demodulation_FM.cpp:259->demodulation_FM.cpp:429]   --->   Operation 248 'sdiv' 'sdiv_ln1148' <Predicate = true> <Delay = 3.04> <Core = "DivnS_SEQ">   --->   Core 24 'DivnS_SEQ' <Latency = 99> <II = 96> <Delay = 3.04> <FuncUnit> <Opcode : 'sdiv' 'srem' 'udiv' 'urem'> <InPorts = 2> <OutPorts = 1>

State 85 <SV = 84> <Delay = 3.04>
ST_85 : Operation 249 [29/100] (3.04ns)   --->   "%sdiv_ln1148 = sdiv i96 %tmp, %sext_ln1148" [demodulation_FM.cpp:259->demodulation_FM.cpp:429]   --->   Operation 249 'sdiv' 'sdiv_ln1148' <Predicate = true> <Delay = 3.04> <Core = "DivnS_SEQ">   --->   Core 24 'DivnS_SEQ' <Latency = 99> <II = 96> <Delay = 3.04> <FuncUnit> <Opcode : 'sdiv' 'srem' 'udiv' 'urem'> <InPorts = 2> <OutPorts = 1>

State 86 <SV = 85> <Delay = 3.04>
ST_86 : Operation 250 [28/100] (3.04ns)   --->   "%sdiv_ln1148 = sdiv i96 %tmp, %sext_ln1148" [demodulation_FM.cpp:259->demodulation_FM.cpp:429]   --->   Operation 250 'sdiv' 'sdiv_ln1148' <Predicate = true> <Delay = 3.04> <Core = "DivnS_SEQ">   --->   Core 24 'DivnS_SEQ' <Latency = 99> <II = 96> <Delay = 3.04> <FuncUnit> <Opcode : 'sdiv' 'srem' 'udiv' 'urem'> <InPorts = 2> <OutPorts = 1>

State 87 <SV = 86> <Delay = 3.04>
ST_87 : Operation 251 [27/100] (3.04ns)   --->   "%sdiv_ln1148 = sdiv i96 %tmp, %sext_ln1148" [demodulation_FM.cpp:259->demodulation_FM.cpp:429]   --->   Operation 251 'sdiv' 'sdiv_ln1148' <Predicate = true> <Delay = 3.04> <Core = "DivnS_SEQ">   --->   Core 24 'DivnS_SEQ' <Latency = 99> <II = 96> <Delay = 3.04> <FuncUnit> <Opcode : 'sdiv' 'srem' 'udiv' 'urem'> <InPorts = 2> <OutPorts = 1>

State 88 <SV = 87> <Delay = 3.04>
ST_88 : Operation 252 [26/100] (3.04ns)   --->   "%sdiv_ln1148 = sdiv i96 %tmp, %sext_ln1148" [demodulation_FM.cpp:259->demodulation_FM.cpp:429]   --->   Operation 252 'sdiv' 'sdiv_ln1148' <Predicate = true> <Delay = 3.04> <Core = "DivnS_SEQ">   --->   Core 24 'DivnS_SEQ' <Latency = 99> <II = 96> <Delay = 3.04> <FuncUnit> <Opcode : 'sdiv' 'srem' 'udiv' 'urem'> <InPorts = 2> <OutPorts = 1>

State 89 <SV = 88> <Delay = 3.04>
ST_89 : Operation 253 [25/100] (3.04ns)   --->   "%sdiv_ln1148 = sdiv i96 %tmp, %sext_ln1148" [demodulation_FM.cpp:259->demodulation_FM.cpp:429]   --->   Operation 253 'sdiv' 'sdiv_ln1148' <Predicate = true> <Delay = 3.04> <Core = "DivnS_SEQ">   --->   Core 24 'DivnS_SEQ' <Latency = 99> <II = 96> <Delay = 3.04> <FuncUnit> <Opcode : 'sdiv' 'srem' 'udiv' 'urem'> <InPorts = 2> <OutPorts = 1>

State 90 <SV = 89> <Delay = 3.04>
ST_90 : Operation 254 [24/100] (3.04ns)   --->   "%sdiv_ln1148 = sdiv i96 %tmp, %sext_ln1148" [demodulation_FM.cpp:259->demodulation_FM.cpp:429]   --->   Operation 254 'sdiv' 'sdiv_ln1148' <Predicate = true> <Delay = 3.04> <Core = "DivnS_SEQ">   --->   Core 24 'DivnS_SEQ' <Latency = 99> <II = 96> <Delay = 3.04> <FuncUnit> <Opcode : 'sdiv' 'srem' 'udiv' 'urem'> <InPorts = 2> <OutPorts = 1>

State 91 <SV = 90> <Delay = 3.04>
ST_91 : Operation 255 [23/100] (3.04ns)   --->   "%sdiv_ln1148 = sdiv i96 %tmp, %sext_ln1148" [demodulation_FM.cpp:259->demodulation_FM.cpp:429]   --->   Operation 255 'sdiv' 'sdiv_ln1148' <Predicate = true> <Delay = 3.04> <Core = "DivnS_SEQ">   --->   Core 24 'DivnS_SEQ' <Latency = 99> <II = 96> <Delay = 3.04> <FuncUnit> <Opcode : 'sdiv' 'srem' 'udiv' 'urem'> <InPorts = 2> <OutPorts = 1>

State 92 <SV = 91> <Delay = 3.04>
ST_92 : Operation 256 [22/100] (3.04ns)   --->   "%sdiv_ln1148 = sdiv i96 %tmp, %sext_ln1148" [demodulation_FM.cpp:259->demodulation_FM.cpp:429]   --->   Operation 256 'sdiv' 'sdiv_ln1148' <Predicate = true> <Delay = 3.04> <Core = "DivnS_SEQ">   --->   Core 24 'DivnS_SEQ' <Latency = 99> <II = 96> <Delay = 3.04> <FuncUnit> <Opcode : 'sdiv' 'srem' 'udiv' 'urem'> <InPorts = 2> <OutPorts = 1>

State 93 <SV = 92> <Delay = 3.04>
ST_93 : Operation 257 [21/100] (3.04ns)   --->   "%sdiv_ln1148 = sdiv i96 %tmp, %sext_ln1148" [demodulation_FM.cpp:259->demodulation_FM.cpp:429]   --->   Operation 257 'sdiv' 'sdiv_ln1148' <Predicate = true> <Delay = 3.04> <Core = "DivnS_SEQ">   --->   Core 24 'DivnS_SEQ' <Latency = 99> <II = 96> <Delay = 3.04> <FuncUnit> <Opcode : 'sdiv' 'srem' 'udiv' 'urem'> <InPorts = 2> <OutPorts = 1>

State 94 <SV = 93> <Delay = 3.04>
ST_94 : Operation 258 [20/100] (3.04ns)   --->   "%sdiv_ln1148 = sdiv i96 %tmp, %sext_ln1148" [demodulation_FM.cpp:259->demodulation_FM.cpp:429]   --->   Operation 258 'sdiv' 'sdiv_ln1148' <Predicate = true> <Delay = 3.04> <Core = "DivnS_SEQ">   --->   Core 24 'DivnS_SEQ' <Latency = 99> <II = 96> <Delay = 3.04> <FuncUnit> <Opcode : 'sdiv' 'srem' 'udiv' 'urem'> <InPorts = 2> <OutPorts = 1>

State 95 <SV = 94> <Delay = 3.04>
ST_95 : Operation 259 [19/100] (3.04ns)   --->   "%sdiv_ln1148 = sdiv i96 %tmp, %sext_ln1148" [demodulation_FM.cpp:259->demodulation_FM.cpp:429]   --->   Operation 259 'sdiv' 'sdiv_ln1148' <Predicate = true> <Delay = 3.04> <Core = "DivnS_SEQ">   --->   Core 24 'DivnS_SEQ' <Latency = 99> <II = 96> <Delay = 3.04> <FuncUnit> <Opcode : 'sdiv' 'srem' 'udiv' 'urem'> <InPorts = 2> <OutPorts = 1>

State 96 <SV = 95> <Delay = 3.04>
ST_96 : Operation 260 [18/100] (3.04ns)   --->   "%sdiv_ln1148 = sdiv i96 %tmp, %sext_ln1148" [demodulation_FM.cpp:259->demodulation_FM.cpp:429]   --->   Operation 260 'sdiv' 'sdiv_ln1148' <Predicate = true> <Delay = 3.04> <Core = "DivnS_SEQ">   --->   Core 24 'DivnS_SEQ' <Latency = 99> <II = 96> <Delay = 3.04> <FuncUnit> <Opcode : 'sdiv' 'srem' 'udiv' 'urem'> <InPorts = 2> <OutPorts = 1>

State 97 <SV = 96> <Delay = 3.04>
ST_97 : Operation 261 [17/100] (3.04ns)   --->   "%sdiv_ln1148 = sdiv i96 %tmp, %sext_ln1148" [demodulation_FM.cpp:259->demodulation_FM.cpp:429]   --->   Operation 261 'sdiv' 'sdiv_ln1148' <Predicate = true> <Delay = 3.04> <Core = "DivnS_SEQ">   --->   Core 24 'DivnS_SEQ' <Latency = 99> <II = 96> <Delay = 3.04> <FuncUnit> <Opcode : 'sdiv' 'srem' 'udiv' 'urem'> <InPorts = 2> <OutPorts = 1>

State 98 <SV = 97> <Delay = 3.04>
ST_98 : Operation 262 [16/100] (3.04ns)   --->   "%sdiv_ln1148 = sdiv i96 %tmp, %sext_ln1148" [demodulation_FM.cpp:259->demodulation_FM.cpp:429]   --->   Operation 262 'sdiv' 'sdiv_ln1148' <Predicate = true> <Delay = 3.04> <Core = "DivnS_SEQ">   --->   Core 24 'DivnS_SEQ' <Latency = 99> <II = 96> <Delay = 3.04> <FuncUnit> <Opcode : 'sdiv' 'srem' 'udiv' 'urem'> <InPorts = 2> <OutPorts = 1>

State 99 <SV = 98> <Delay = 3.04>
ST_99 : Operation 263 [15/100] (3.04ns)   --->   "%sdiv_ln1148 = sdiv i96 %tmp, %sext_ln1148" [demodulation_FM.cpp:259->demodulation_FM.cpp:429]   --->   Operation 263 'sdiv' 'sdiv_ln1148' <Predicate = true> <Delay = 3.04> <Core = "DivnS_SEQ">   --->   Core 24 'DivnS_SEQ' <Latency = 99> <II = 96> <Delay = 3.04> <FuncUnit> <Opcode : 'sdiv' 'srem' 'udiv' 'urem'> <InPorts = 2> <OutPorts = 1>

State 100 <SV = 99> <Delay = 3.04>
ST_100 : Operation 264 [14/100] (3.04ns)   --->   "%sdiv_ln1148 = sdiv i96 %tmp, %sext_ln1148" [demodulation_FM.cpp:259->demodulation_FM.cpp:429]   --->   Operation 264 'sdiv' 'sdiv_ln1148' <Predicate = true> <Delay = 3.04> <Core = "DivnS_SEQ">   --->   Core 24 'DivnS_SEQ' <Latency = 99> <II = 96> <Delay = 3.04> <FuncUnit> <Opcode : 'sdiv' 'srem' 'udiv' 'urem'> <InPorts = 2> <OutPorts = 1>

State 101 <SV = 100> <Delay = 3.04>
ST_101 : Operation 265 [13/100] (3.04ns)   --->   "%sdiv_ln1148 = sdiv i96 %tmp, %sext_ln1148" [demodulation_FM.cpp:259->demodulation_FM.cpp:429]   --->   Operation 265 'sdiv' 'sdiv_ln1148' <Predicate = true> <Delay = 3.04> <Core = "DivnS_SEQ">   --->   Core 24 'DivnS_SEQ' <Latency = 99> <II = 96> <Delay = 3.04> <FuncUnit> <Opcode : 'sdiv' 'srem' 'udiv' 'urem'> <InPorts = 2> <OutPorts = 1>

State 102 <SV = 101> <Delay = 3.04>
ST_102 : Operation 266 [12/100] (3.04ns)   --->   "%sdiv_ln1148 = sdiv i96 %tmp, %sext_ln1148" [demodulation_FM.cpp:259->demodulation_FM.cpp:429]   --->   Operation 266 'sdiv' 'sdiv_ln1148' <Predicate = true> <Delay = 3.04> <Core = "DivnS_SEQ">   --->   Core 24 'DivnS_SEQ' <Latency = 99> <II = 96> <Delay = 3.04> <FuncUnit> <Opcode : 'sdiv' 'srem' 'udiv' 'urem'> <InPorts = 2> <OutPorts = 1>

State 103 <SV = 102> <Delay = 3.04>
ST_103 : Operation 267 [11/100] (3.04ns)   --->   "%sdiv_ln1148 = sdiv i96 %tmp, %sext_ln1148" [demodulation_FM.cpp:259->demodulation_FM.cpp:429]   --->   Operation 267 'sdiv' 'sdiv_ln1148' <Predicate = true> <Delay = 3.04> <Core = "DivnS_SEQ">   --->   Core 24 'DivnS_SEQ' <Latency = 99> <II = 96> <Delay = 3.04> <FuncUnit> <Opcode : 'sdiv' 'srem' 'udiv' 'urem'> <InPorts = 2> <OutPorts = 1>

State 104 <SV = 103> <Delay = 3.04>
ST_104 : Operation 268 [10/100] (3.04ns)   --->   "%sdiv_ln1148 = sdiv i96 %tmp, %sext_ln1148" [demodulation_FM.cpp:259->demodulation_FM.cpp:429]   --->   Operation 268 'sdiv' 'sdiv_ln1148' <Predicate = true> <Delay = 3.04> <Core = "DivnS_SEQ">   --->   Core 24 'DivnS_SEQ' <Latency = 99> <II = 96> <Delay = 3.04> <FuncUnit> <Opcode : 'sdiv' 'srem' 'udiv' 'urem'> <InPorts = 2> <OutPorts = 1>

State 105 <SV = 104> <Delay = 3.04>
ST_105 : Operation 269 [9/100] (3.04ns)   --->   "%sdiv_ln1148 = sdiv i96 %tmp, %sext_ln1148" [demodulation_FM.cpp:259->demodulation_FM.cpp:429]   --->   Operation 269 'sdiv' 'sdiv_ln1148' <Predicate = true> <Delay = 3.04> <Core = "DivnS_SEQ">   --->   Core 24 'DivnS_SEQ' <Latency = 99> <II = 96> <Delay = 3.04> <FuncUnit> <Opcode : 'sdiv' 'srem' 'udiv' 'urem'> <InPorts = 2> <OutPorts = 1>

State 106 <SV = 105> <Delay = 3.04>
ST_106 : Operation 270 [8/100] (3.04ns)   --->   "%sdiv_ln1148 = sdiv i96 %tmp, %sext_ln1148" [demodulation_FM.cpp:259->demodulation_FM.cpp:429]   --->   Operation 270 'sdiv' 'sdiv_ln1148' <Predicate = true> <Delay = 3.04> <Core = "DivnS_SEQ">   --->   Core 24 'DivnS_SEQ' <Latency = 99> <II = 96> <Delay = 3.04> <FuncUnit> <Opcode : 'sdiv' 'srem' 'udiv' 'urem'> <InPorts = 2> <OutPorts = 1>

State 107 <SV = 106> <Delay = 3.04>
ST_107 : Operation 271 [7/100] (3.04ns)   --->   "%sdiv_ln1148 = sdiv i96 %tmp, %sext_ln1148" [demodulation_FM.cpp:259->demodulation_FM.cpp:429]   --->   Operation 271 'sdiv' 'sdiv_ln1148' <Predicate = true> <Delay = 3.04> <Core = "DivnS_SEQ">   --->   Core 24 'DivnS_SEQ' <Latency = 99> <II = 96> <Delay = 3.04> <FuncUnit> <Opcode : 'sdiv' 'srem' 'udiv' 'urem'> <InPorts = 2> <OutPorts = 1>

State 108 <SV = 107> <Delay = 3.04>
ST_108 : Operation 272 [6/100] (3.04ns)   --->   "%sdiv_ln1148 = sdiv i96 %tmp, %sext_ln1148" [demodulation_FM.cpp:259->demodulation_FM.cpp:429]   --->   Operation 272 'sdiv' 'sdiv_ln1148' <Predicate = true> <Delay = 3.04> <Core = "DivnS_SEQ">   --->   Core 24 'DivnS_SEQ' <Latency = 99> <II = 96> <Delay = 3.04> <FuncUnit> <Opcode : 'sdiv' 'srem' 'udiv' 'urem'> <InPorts = 2> <OutPorts = 1>

State 109 <SV = 108> <Delay = 3.04>
ST_109 : Operation 273 [5/100] (3.04ns)   --->   "%sdiv_ln1148 = sdiv i96 %tmp, %sext_ln1148" [demodulation_FM.cpp:259->demodulation_FM.cpp:429]   --->   Operation 273 'sdiv' 'sdiv_ln1148' <Predicate = true> <Delay = 3.04> <Core = "DivnS_SEQ">   --->   Core 24 'DivnS_SEQ' <Latency = 99> <II = 96> <Delay = 3.04> <FuncUnit> <Opcode : 'sdiv' 'srem' 'udiv' 'urem'> <InPorts = 2> <OutPorts = 1>

State 110 <SV = 109> <Delay = 3.04>
ST_110 : Operation 274 [4/100] (3.04ns)   --->   "%sdiv_ln1148 = sdiv i96 %tmp, %sext_ln1148" [demodulation_FM.cpp:259->demodulation_FM.cpp:429]   --->   Operation 274 'sdiv' 'sdiv_ln1148' <Predicate = true> <Delay = 3.04> <Core = "DivnS_SEQ">   --->   Core 24 'DivnS_SEQ' <Latency = 99> <II = 96> <Delay = 3.04> <FuncUnit> <Opcode : 'sdiv' 'srem' 'udiv' 'urem'> <InPorts = 2> <OutPorts = 1>

State 111 <SV = 110> <Delay = 3.04>
ST_111 : Operation 275 [3/100] (3.04ns)   --->   "%sdiv_ln1148 = sdiv i96 %tmp, %sext_ln1148" [demodulation_FM.cpp:259->demodulation_FM.cpp:429]   --->   Operation 275 'sdiv' 'sdiv_ln1148' <Predicate = true> <Delay = 3.04> <Core = "DivnS_SEQ">   --->   Core 24 'DivnS_SEQ' <Latency = 99> <II = 96> <Delay = 3.04> <FuncUnit> <Opcode : 'sdiv' 'srem' 'udiv' 'urem'> <InPorts = 2> <OutPorts = 1>

State 112 <SV = 111> <Delay = 3.04>
ST_112 : Operation 276 [2/100] (3.04ns)   --->   "%sdiv_ln1148 = sdiv i96 %tmp, %sext_ln1148" [demodulation_FM.cpp:259->demodulation_FM.cpp:429]   --->   Operation 276 'sdiv' 'sdiv_ln1148' <Predicate = true> <Delay = 3.04> <Core = "DivnS_SEQ">   --->   Core 24 'DivnS_SEQ' <Latency = 99> <II = 96> <Delay = 3.04> <FuncUnit> <Opcode : 'sdiv' 'srem' 'udiv' 'urem'> <InPorts = 2> <OutPorts = 1>

State 113 <SV = 112> <Delay = 5.71>
ST_113 : Operation 277 [1/100] (3.04ns)   --->   "%sdiv_ln1148 = sdiv i96 %tmp, %sext_ln1148" [demodulation_FM.cpp:259->demodulation_FM.cpp:429]   --->   Operation 277 'sdiv' 'sdiv_ln1148' <Predicate = true> <Delay = 3.04> <Core = "DivnS_SEQ">   --->   Core 24 'DivnS_SEQ' <Latency = 99> <II = 96> <Delay = 3.04> <FuncUnit> <Opcode : 'sdiv' 'srem' 'udiv' 'urem'> <InPorts = 2> <OutPorts = 1>
ST_113 : Operation 278 [1/1] (0.00ns)   --->   "%trunc_ln = call i32 @_ssdm_op_PartSelect.i32.i96.i32.i32(i96 %sdiv_ln1148, i32 16, i32 47)" [demodulation_FM.cpp:259->demodulation_FM.cpp:429]   --->   Operation 278 'partselect' 'trunc_ln' <Predicate = true> <Delay = 0.00>
ST_113 : Operation 279 [1/1] (0.00ns)   --->   "%y_demod_nd_V_addr_1 = getelementptr [12500 x i32]* %y_demod_nd_V, i64 0, i64 %zext_ln255" [demodulation_FM.cpp:259->demodulation_FM.cpp:429]   --->   Operation 279 'getelementptr' 'y_demod_nd_V_addr_1' <Predicate = true> <Delay = 0.00>
ST_113 : Operation 280 [1/1] (2.66ns)   --->   "store i32 %trunc_ln, i32* %y_demod_nd_V_addr_1, align 4" [demodulation_FM.cpp:259->demodulation_FM.cpp:429]   --->   Operation 280 'store' <Predicate = true> <Delay = 2.66> <Core = "RAM">   --->   Core 37 'RAM' <Latency = 1> <II = 1> <Delay = 2.66> <Storage> <Opcode : 'load' 'store'> <Ports = 2> <Width = 32> <Depth = 1250> <RAM>
ST_113 : Operation 281 [1/1] (0.00ns)   --->   "br label %0" [demodulation_FM.cpp:252->demodulation_FM.cpp:429]   --->   Operation 281 'br' <Predicate = true> <Delay = 0.00>

State 114 <SV = 11> <Delay = 2.66>
ST_114 : Operation 282 [1/1] (0.00ns)   --->   "%n_0_i = phi i14 [ %n, %._crit_edge.i ], [ 0, %demodulation.exit.preheader ]"   --->   Operation 282 'phi' 'n_0_i' <Predicate = true> <Delay = 0.00>
ST_114 : Operation 283 [1/1] (0.00ns)   --->   "%phi_mul = phi i29 [ %add_ln233, %._crit_edge.i ], [ 0, %demodulation.exit.preheader ]" [demodulation_FM.cpp:233->demodulation_FM.cpp:460]   --->   Operation 283 'phi' 'phi_mul' <Predicate = true> <Delay = 0.00>
ST_114 : Operation 284 [1/1] (0.00ns)   --->   "%phi_urem = phi i14 [ %select_ln230, %._crit_edge.i ], [ 0, %demodulation.exit.preheader ]" [demodulation_FM.cpp:230->demodulation_FM.cpp:460]   --->   Operation 284 'phi' 'phi_urem' <Predicate = true> <Delay = 0.00>
ST_114 : Operation 285 [1/1] (1.42ns)   --->   "%icmp_ln230 = icmp eq i14 %n_0_i, -3884" [demodulation_FM.cpp:230->demodulation_FM.cpp:460]   --->   Operation 285 'icmp' 'icmp_ln230' <Predicate = true> <Delay = 1.42> <Core = "Cmp">   --->   Core 25 'Cmp' <Latency = 0> <II = 1> <Delay = 1.42> <FuncUnit> <Opcode : 'icmp'> <InPorts = 2> <OutPorts = 1>
ST_114 : Operation 286 [1/1] (0.00ns)   --->   "%empty_21 = call i32 (...)* @_ssdm_op_SpecLoopTripCount(i64 12500, i64 12500, i64 12500)"   --->   Operation 286 'speclooptripcount' 'empty_21' <Predicate = true> <Delay = 0.00>
ST_114 : Operation 287 [1/1] (1.46ns)   --->   "%n = add i14 %n_0_i, 1" [demodulation_FM.cpp:230->demodulation_FM.cpp:460]   --->   Operation 287 'add' 'n' <Predicate = true> <Delay = 1.46> <Core = "AddSub">   --->   Core 14 'AddSub' <Latency = 0> <II = 1> <Delay = 1.46> <FuncUnit> <Opcode : 'add' 'sub'> <InPorts = 2> <OutPorts = 1>
ST_114 : Operation 288 [1/1] (0.00ns)   --->   "br i1 %icmp_ln230, label %decimation2.exit, label %1" [demodulation_FM.cpp:230->demodulation_FM.cpp:460]   --->   Operation 288 'br' <Predicate = true> <Delay = 0.00>
ST_114 : Operation 289 [1/1] (0.00ns)   --->   "%zext_ln232 = zext i14 %n_0_i to i64" [demodulation_FM.cpp:232->demodulation_FM.cpp:460]   --->   Operation 289 'zext' 'zext_ln232' <Predicate = (!icmp_ln230)> <Delay = 0.00>
ST_114 : Operation 290 [1/1] (0.00ns)   --->   "%y_demod_nd_V_addr_2 = getelementptr [12500 x i32]* %y_demod_nd_V, i64 0, i64 %zext_ln232" [demodulation_FM.cpp:232->demodulation_FM.cpp:460]   --->   Operation 290 'getelementptr' 'y_demod_nd_V_addr_2' <Predicate = (!icmp_ln230)> <Delay = 0.00>
ST_114 : Operation 291 [2/2] (2.66ns)   --->   "%value_V = load i32* %y_demod_nd_V_addr_2, align 4" [demodulation_FM.cpp:232->demodulation_FM.cpp:460]   --->   Operation 291 'load' 'value_V' <Predicate = (!icmp_ln230)> <Delay = 2.66> <Core = "RAM">   --->   Core 37 'RAM' <Latency = 1> <II = 1> <Delay = 2.66> <Storage> <Opcode : 'load' 'store'> <Ports = 2> <Width = 32> <Depth = 1250> <RAM>
ST_114 : Operation 292 [1/1] (0.00ns)   --->   "ret i32 0" [demodulation_FM.cpp:486]   --->   Operation 292 'ret' <Predicate = (icmp_ln230)> <Delay = 0.00>

State 115 <SV = 12> <Delay = 5.32>
ST_115 : Operation 293 [1/2] (2.66ns)   --->   "%value_V = load i32* %y_demod_nd_V_addr_2, align 4" [demodulation_FM.cpp:232->demodulation_FM.cpp:460]   --->   Operation 293 'load' 'value_V' <Predicate = true> <Delay = 2.66> <Core = "RAM">   --->   Core 37 'RAM' <Latency = 1> <II = 1> <Delay = 2.66> <Storage> <Opcode : 'load' 'store'> <Ports = 2> <Width = 32> <Depth = 1250> <RAM>
ST_115 : Operation 294 [1/1] (0.00ns)   --->   "%trunc_ln233 = trunc i14 %phi_urem to i4" [demodulation_FM.cpp:233->demodulation_FM.cpp:460]   --->   Operation 294 'trunc' 'trunc_ln233' <Predicate = true> <Delay = 0.00>
ST_115 : Operation 295 [1/1] (1.08ns)   --->   "%icmp_ln233 = icmp eq i4 %trunc_ln233, 0" [demodulation_FM.cpp:233->demodulation_FM.cpp:460]   --->   Operation 295 'icmp' 'icmp_ln233' <Predicate = true> <Delay = 1.08> <Core = "Cmp">   --->   Core 25 'Cmp' <Latency = 0> <II = 1> <Delay = 1.42> <FuncUnit> <Opcode : 'icmp'> <InPorts = 2> <OutPorts = 1>
ST_115 : Operation 296 [1/1] (1.72ns)   --->   "%add_ln233 = add i29 26215, %phi_mul" [demodulation_FM.cpp:233->demodulation_FM.cpp:460]   --->   Operation 296 'add' 'add_ln233' <Predicate = true> <Delay = 1.72> <Core = "AddSub">   --->   Core 14 'AddSub' <Latency = 0> <II = 1> <Delay = 1.46> <FuncUnit> <Opcode : 'add' 'sub'> <InPorts = 2> <OutPorts = 1>
ST_115 : Operation 297 [1/1] (0.00ns)   --->   "br i1 %icmp_ln233, label %2, label %._crit_edge.i" [demodulation_FM.cpp:233->demodulation_FM.cpp:460]   --->   Operation 297 'br' <Predicate = true> <Delay = 0.00>
ST_115 : Operation 298 [1/1] (0.00ns)   --->   "%tmp_14 = call i11 @_ssdm_op_PartSelect.i11.i29.i32.i32(i29 %phi_mul, i32 18, i32 28)" [demodulation_FM.cpp:235->demodulation_FM.cpp:460]   --->   Operation 298 'partselect' 'tmp_14' <Predicate = (icmp_ln233)> <Delay = 0.00>
ST_115 : Operation 299 [1/1] (0.00ns)   --->   "%zext_ln236 = zext i11 %tmp_14 to i64" [demodulation_FM.cpp:236->demodulation_FM.cpp:460]   --->   Operation 299 'zext' 'zext_ln236' <Predicate = (icmp_ln233)> <Delay = 0.00>
ST_115 : Operation 300 [1/1] (0.00ns)   --->   "%y_demod_d_V_addr = getelementptr [1250 x i32]* %y_demod_d_V, i64 0, i64 %zext_ln236" [demodulation_FM.cpp:236->demodulation_FM.cpp:460]   --->   Operation 300 'getelementptr' 'y_demod_d_V_addr' <Predicate = (icmp_ln233)> <Delay = 0.00>
ST_115 : Operation 301 [1/1] (2.66ns)   --->   "store i32 %value_V, i32* %y_demod_d_V_addr, align 4" [demodulation_FM.cpp:236->demodulation_FM.cpp:460]   --->   Operation 301 'store' <Predicate = (icmp_ln233)> <Delay = 2.66> <Core = "RAM">   --->   Core 37 'RAM' <Latency = 1> <II = 1> <Delay = 2.66> <Storage> <Opcode : 'load' 'store'> <Ports = 2> <Width = 32> <Depth = 1250> <RAM>
ST_115 : Operation 302 [1/1] (0.00ns)   --->   "br label %._crit_edge.i" [demodulation_FM.cpp:237->demodulation_FM.cpp:460]   --->   Operation 302 'br' <Predicate = (icmp_ln233)> <Delay = 0.00>
ST_115 : Operation 303 [1/1] (1.46ns)   --->   "%add_ln230_1 = add i14 %phi_urem, 1" [demodulation_FM.cpp:230->demodulation_FM.cpp:460]   --->   Operation 303 'add' 'add_ln230_1' <Predicate = true> <Delay = 1.46> <Core = "AddSub">   --->   Core 14 'AddSub' <Latency = 0> <II = 1> <Delay = 1.46> <FuncUnit> <Opcode : 'add' 'sub'> <InPorts = 2> <OutPorts = 1>
ST_115 : Operation 304 [1/1] (1.42ns)   --->   "%icmp_ln230_1 = icmp ult i14 %add_ln230_1, 10" [demodulation_FM.cpp:230->demodulation_FM.cpp:460]   --->   Operation 304 'icmp' 'icmp_ln230_1' <Predicate = true> <Delay = 1.42> <Core = "Cmp">   --->   Core 25 'Cmp' <Latency = 0> <II = 1> <Delay = 1.42> <FuncUnit> <Opcode : 'icmp'> <InPorts = 2> <OutPorts = 1>
ST_115 : Operation 305 [1/1] (0.88ns)   --->   "%select_ln230 = select i1 %icmp_ln230_1, i14 %add_ln230_1, i14 0" [demodulation_FM.cpp:230->demodulation_FM.cpp:460]   --->   Operation 305 'select' 'select_ln230' <Predicate = true> <Delay = 0.88> <Core = "Sel">   --->   Core 26 'Sel' <Latency = 0> <II = 1> <Delay = 0.88> <FuncUnit> <Opcode : 'select'> <InPorts = 3> <OutPorts = 1>
ST_115 : Operation 306 [1/1] (0.00ns)   --->   "br label %demodulation.exit" [demodulation_FM.cpp:230->demodulation_FM.cpp:460]   --->   Operation 306 'br' <Predicate = true> <Delay = 0.00>


============================================================
+ Verbose Summary: Timing violations
============================================================
Target clock period: 10ns, clock uncertainty: 1.25ns.

 <State 1>: 0ns
The critical path consists of the following:

 <State 2>: 0ns
The critical path consists of the following:

 <State 3>: 1.06ns
The critical path consists of the following:
	'call' operation ('call_ln357', demodulation_FM.cpp:357) to 'fir' [23]  (1.06 ns)

 <State 4>: 0ns
The critical path consists of the following:

 <State 5>: 1.06ns
The critical path consists of the following:
	'call' operation ('call_ln358', demodulation_FM.cpp:358) to 'fir' [24]  (1.06 ns)

 <State 6>: 0ns
The critical path consists of the following:

 <State 7>: 1.06ns
The critical path consists of the following:
	'call' operation ('call_ln394', demodulation_FM.cpp:394) to 'decimation1' [26]  (1.06 ns)

 <State 8>: 0ns
The critical path consists of the following:

 <State 9>: 2.66ns
The critical path consists of the following:
	'getelementptr' operation ('y_Q_d_V_addr', demodulation_FM.cpp:243->demodulation_FM.cpp:429) [28]  (0 ns)
	'load' operation ('ary_i_value_0.V', demodulation_FM.cpp:249->demodulation_FM.cpp:429) on array 'y_Q_d_V' [32]  (2.66 ns)

 <State 10>: 2.66ns
The critical path consists of the following:
	'getelementptr' operation ('y_demod_nd_V_addr', demodulation_FM.cpp:243->demodulation_FM.cpp:429) [27]  (0 ns)
	'store' operation ('store_ln247', demodulation_FM.cpp:247->demodulation_FM.cpp:429) of constant 0 on array 'ary.V', demodulation_FM.cpp:428 [30]  (2.66 ns)

 <State 11>: 2.66ns
The critical path consists of the following:
	'phi' operation ('q') with incoming values : ('q', demodulation_FM.cpp:252->demodulation_FM.cpp:429) [37]  (0 ns)
	'getelementptr' operation ('y_I_d_V_addr_1', demodulation_FM.cpp:255->demodulation_FM.cpp:429) [43]  (0 ns)
	'load' operation ('ary_r_value_1.V', demodulation_FM.cpp:255->demodulation_FM.cpp:429) on array 'y_I_d_V' [44]  (2.66 ns)

 <State 12>: 4.45ns
The critical path consists of the following:
	'load' operation ('ary_r_value_1.V', demodulation_FM.cpp:255->demodulation_FM.cpp:429) on array 'y_I_d_V' [44]  (2.66 ns)
	'sub' operation ('dii.V', demodulation_FM.cpp:257->demodulation_FM.cpp:429) [47]  (1.78 ns)

 <State 13>: 8.57ns
The critical path consists of the following:
	'mul' operation ('r.V', demodulation_FM.cpp:259->demodulation_FM.cpp:429) [51]  (6.58 ns)
	'sub' operation ('ret.V', demodulation_FM.cpp:259->demodulation_FM.cpp:429) [55]  (1.99 ns)

 <State 14>: 3.05ns
The critical path consists of the following:
	'sdiv' operation ('sdiv_ln1148', demodulation_FM.cpp:259->demodulation_FM.cpp:429) [63]  (3.05 ns)

 <State 15>: 3.05ns
The critical path consists of the following:
	'sdiv' operation ('sdiv_ln1148', demodulation_FM.cpp:259->demodulation_FM.cpp:429) [63]  (3.05 ns)

 <State 16>: 3.05ns
The critical path consists of the following:
	'sdiv' operation ('sdiv_ln1148', demodulation_FM.cpp:259->demodulation_FM.cpp:429) [63]  (3.05 ns)

 <State 17>: 3.05ns
The critical path consists of the following:
	'sdiv' operation ('sdiv_ln1148', demodulation_FM.cpp:259->demodulation_FM.cpp:429) [63]  (3.05 ns)

 <State 18>: 3.05ns
The critical path consists of the following:
	'sdiv' operation ('sdiv_ln1148', demodulation_FM.cpp:259->demodulation_FM.cpp:429) [63]  (3.05 ns)

 <State 19>: 3.05ns
The critical path consists of the following:
	'sdiv' operation ('sdiv_ln1148', demodulation_FM.cpp:259->demodulation_FM.cpp:429) [63]  (3.05 ns)

 <State 20>: 3.05ns
The critical path consists of the following:
	'sdiv' operation ('sdiv_ln1148', demodulation_FM.cpp:259->demodulation_FM.cpp:429) [63]  (3.05 ns)

 <State 21>: 3.05ns
The critical path consists of the following:
	'sdiv' operation ('sdiv_ln1148', demodulation_FM.cpp:259->demodulation_FM.cpp:429) [63]  (3.05 ns)

 <State 22>: 3.05ns
The critical path consists of the following:
	'sdiv' operation ('sdiv_ln1148', demodulation_FM.cpp:259->demodulation_FM.cpp:429) [63]  (3.05 ns)

 <State 23>: 3.05ns
The critical path consists of the following:
	'sdiv' operation ('sdiv_ln1148', demodulation_FM.cpp:259->demodulation_FM.cpp:429) [63]  (3.05 ns)

 <State 24>: 3.05ns
The critical path consists of the following:
	'sdiv' operation ('sdiv_ln1148', demodulation_FM.cpp:259->demodulation_FM.cpp:429) [63]  (3.05 ns)

 <State 25>: 3.05ns
The critical path consists of the following:
	'sdiv' operation ('sdiv_ln1148', demodulation_FM.cpp:259->demodulation_FM.cpp:429) [63]  (3.05 ns)

 <State 26>: 3.05ns
The critical path consists of the following:
	'sdiv' operation ('sdiv_ln1148', demodulation_FM.cpp:259->demodulation_FM.cpp:429) [63]  (3.05 ns)

 <State 27>: 3.05ns
The critical path consists of the following:
	'sdiv' operation ('sdiv_ln1148', demodulation_FM.cpp:259->demodulation_FM.cpp:429) [63]  (3.05 ns)

 <State 28>: 3.05ns
The critical path consists of the following:
	'sdiv' operation ('sdiv_ln1148', demodulation_FM.cpp:259->demodulation_FM.cpp:429) [63]  (3.05 ns)

 <State 29>: 3.05ns
The critical path consists of the following:
	'sdiv' operation ('sdiv_ln1148', demodulation_FM.cpp:259->demodulation_FM.cpp:429) [63]  (3.05 ns)

 <State 30>: 3.05ns
The critical path consists of the following:
	'sdiv' operation ('sdiv_ln1148', demodulation_FM.cpp:259->demodulation_FM.cpp:429) [63]  (3.05 ns)

 <State 31>: 3.05ns
The critical path consists of the following:
	'sdiv' operation ('sdiv_ln1148', demodulation_FM.cpp:259->demodulation_FM.cpp:429) [63]  (3.05 ns)

 <State 32>: 3.05ns
The critical path consists of the following:
	'sdiv' operation ('sdiv_ln1148', demodulation_FM.cpp:259->demodulation_FM.cpp:429) [63]  (3.05 ns)

 <State 33>: 3.05ns
The critical path consists of the following:
	'sdiv' operation ('sdiv_ln1148', demodulation_FM.cpp:259->demodulation_FM.cpp:429) [63]  (3.05 ns)

 <State 34>: 3.05ns
The critical path consists of the following:
	'sdiv' operation ('sdiv_ln1148', demodulation_FM.cpp:259->demodulation_FM.cpp:429) [63]  (3.05 ns)

 <State 35>: 3.05ns
The critical path consists of the following:
	'sdiv' operation ('sdiv_ln1148', demodulation_FM.cpp:259->demodulation_FM.cpp:429) [63]  (3.05 ns)

 <State 36>: 3.05ns
The critical path consists of the following:
	'sdiv' operation ('sdiv_ln1148', demodulation_FM.cpp:259->demodulation_FM.cpp:429) [63]  (3.05 ns)

 <State 37>: 3.05ns
The critical path consists of the following:
	'sdiv' operation ('sdiv_ln1148', demodulation_FM.cpp:259->demodulation_FM.cpp:429) [63]  (3.05 ns)

 <State 38>: 3.05ns
The critical path consists of the following:
	'sdiv' operation ('sdiv_ln1148', demodulation_FM.cpp:259->demodulation_FM.cpp:429) [63]  (3.05 ns)

 <State 39>: 3.05ns
The critical path consists of the following:
	'sdiv' operation ('sdiv_ln1148', demodulation_FM.cpp:259->demodulation_FM.cpp:429) [63]  (3.05 ns)

 <State 40>: 3.05ns
The critical path consists of the following:
	'sdiv' operation ('sdiv_ln1148', demodulation_FM.cpp:259->demodulation_FM.cpp:429) [63]  (3.05 ns)

 <State 41>: 3.05ns
The critical path consists of the following:
	'sdiv' operation ('sdiv_ln1148', demodulation_FM.cpp:259->demodulation_FM.cpp:429) [63]  (3.05 ns)

 <State 42>: 3.05ns
The critical path consists of the following:
	'sdiv' operation ('sdiv_ln1148', demodulation_FM.cpp:259->demodulation_FM.cpp:429) [63]  (3.05 ns)

 <State 43>: 3.05ns
The critical path consists of the following:
	'sdiv' operation ('sdiv_ln1148', demodulation_FM.cpp:259->demodulation_FM.cpp:429) [63]  (3.05 ns)

 <State 44>: 3.05ns
The critical path consists of the following:
	'sdiv' operation ('sdiv_ln1148', demodulation_FM.cpp:259->demodulation_FM.cpp:429) [63]  (3.05 ns)

 <State 45>: 3.05ns
The critical path consists of the following:
	'sdiv' operation ('sdiv_ln1148', demodulation_FM.cpp:259->demodulation_FM.cpp:429) [63]  (3.05 ns)

 <State 46>: 3.05ns
The critical path consists of the following:
	'sdiv' operation ('sdiv_ln1148', demodulation_FM.cpp:259->demodulation_FM.cpp:429) [63]  (3.05 ns)

 <State 47>: 3.05ns
The critical path consists of the following:
	'sdiv' operation ('sdiv_ln1148', demodulation_FM.cpp:259->demodulation_FM.cpp:429) [63]  (3.05 ns)

 <State 48>: 3.05ns
The critical path consists of the following:
	'sdiv' operation ('sdiv_ln1148', demodulation_FM.cpp:259->demodulation_FM.cpp:429) [63]  (3.05 ns)

 <State 49>: 3.05ns
The critical path consists of the following:
	'sdiv' operation ('sdiv_ln1148', demodulation_FM.cpp:259->demodulation_FM.cpp:429) [63]  (3.05 ns)

 <State 50>: 3.05ns
The critical path consists of the following:
	'sdiv' operation ('sdiv_ln1148', demodulation_FM.cpp:259->demodulation_FM.cpp:429) [63]  (3.05 ns)

 <State 51>: 3.05ns
The critical path consists of the following:
	'sdiv' operation ('sdiv_ln1148', demodulation_FM.cpp:259->demodulation_FM.cpp:429) [63]  (3.05 ns)

 <State 52>: 3.05ns
The critical path consists of the following:
	'sdiv' operation ('sdiv_ln1148', demodulation_FM.cpp:259->demodulation_FM.cpp:429) [63]  (3.05 ns)

 <State 53>: 3.05ns
The critical path consists of the following:
	'sdiv' operation ('sdiv_ln1148', demodulation_FM.cpp:259->demodulation_FM.cpp:429) [63]  (3.05 ns)

 <State 54>: 3.05ns
The critical path consists of the following:
	'sdiv' operation ('sdiv_ln1148', demodulation_FM.cpp:259->demodulation_FM.cpp:429) [63]  (3.05 ns)

 <State 55>: 3.05ns
The critical path consists of the following:
	'sdiv' operation ('sdiv_ln1148', demodulation_FM.cpp:259->demodulation_FM.cpp:429) [63]  (3.05 ns)

 <State 56>: 3.05ns
The critical path consists of the following:
	'sdiv' operation ('sdiv_ln1148', demodulation_FM.cpp:259->demodulation_FM.cpp:429) [63]  (3.05 ns)

 <State 57>: 3.05ns
The critical path consists of the following:
	'sdiv' operation ('sdiv_ln1148', demodulation_FM.cpp:259->demodulation_FM.cpp:429) [63]  (3.05 ns)

 <State 58>: 3.05ns
The critical path consists of the following:
	'sdiv' operation ('sdiv_ln1148', demodulation_FM.cpp:259->demodulation_FM.cpp:429) [63]  (3.05 ns)

 <State 59>: 3.05ns
The critical path consists of the following:
	'sdiv' operation ('sdiv_ln1148', demodulation_FM.cpp:259->demodulation_FM.cpp:429) [63]  (3.05 ns)

 <State 60>: 3.05ns
The critical path consists of the following:
	'sdiv' operation ('sdiv_ln1148', demodulation_FM.cpp:259->demodulation_FM.cpp:429) [63]  (3.05 ns)

 <State 61>: 3.05ns
The critical path consists of the following:
	'sdiv' operation ('sdiv_ln1148', demodulation_FM.cpp:259->demodulation_FM.cpp:429) [63]  (3.05 ns)

 <State 62>: 3.05ns
The critical path consists of the following:
	'sdiv' operation ('sdiv_ln1148', demodulation_FM.cpp:259->demodulation_FM.cpp:429) [63]  (3.05 ns)

 <State 63>: 3.05ns
The critical path consists of the following:
	'sdiv' operation ('sdiv_ln1148', demodulation_FM.cpp:259->demodulation_FM.cpp:429) [63]  (3.05 ns)

 <State 64>: 3.05ns
The critical path consists of the following:
	'sdiv' operation ('sdiv_ln1148', demodulation_FM.cpp:259->demodulation_FM.cpp:429) [63]  (3.05 ns)

 <State 65>: 3.05ns
The critical path consists of the following:
	'sdiv' operation ('sdiv_ln1148', demodulation_FM.cpp:259->demodulation_FM.cpp:429) [63]  (3.05 ns)

 <State 66>: 3.05ns
The critical path consists of the following:
	'sdiv' operation ('sdiv_ln1148', demodulation_FM.cpp:259->demodulation_FM.cpp:429) [63]  (3.05 ns)

 <State 67>: 3.05ns
The critical path consists of the following:
	'sdiv' operation ('sdiv_ln1148', demodulation_FM.cpp:259->demodulation_FM.cpp:429) [63]  (3.05 ns)

 <State 68>: 3.05ns
The critical path consists of the following:
	'sdiv' operation ('sdiv_ln1148', demodulation_FM.cpp:259->demodulation_FM.cpp:429) [63]  (3.05 ns)

 <State 69>: 3.05ns
The critical path consists of the following:
	'sdiv' operation ('sdiv_ln1148', demodulation_FM.cpp:259->demodulation_FM.cpp:429) [63]  (3.05 ns)

 <State 70>: 3.05ns
The critical path consists of the following:
	'sdiv' operation ('sdiv_ln1148', demodulation_FM.cpp:259->demodulation_FM.cpp:429) [63]  (3.05 ns)

 <State 71>: 3.05ns
The critical path consists of the following:
	'sdiv' operation ('sdiv_ln1148', demodulation_FM.cpp:259->demodulation_FM.cpp:429) [63]  (3.05 ns)

 <State 72>: 3.05ns
The critical path consists of the following:
	'sdiv' operation ('sdiv_ln1148', demodulation_FM.cpp:259->demodulation_FM.cpp:429) [63]  (3.05 ns)

 <State 73>: 3.05ns
The critical path consists of the following:
	'sdiv' operation ('sdiv_ln1148', demodulation_FM.cpp:259->demodulation_FM.cpp:429) [63]  (3.05 ns)

 <State 74>: 3.05ns
The critical path consists of the following:
	'sdiv' operation ('sdiv_ln1148', demodulation_FM.cpp:259->demodulation_FM.cpp:429) [63]  (3.05 ns)

 <State 75>: 3.05ns
The critical path consists of the following:
	'sdiv' operation ('sdiv_ln1148', demodulation_FM.cpp:259->demodulation_FM.cpp:429) [63]  (3.05 ns)

 <State 76>: 3.05ns
The critical path consists of the following:
	'sdiv' operation ('sdiv_ln1148', demodulation_FM.cpp:259->demodulation_FM.cpp:429) [63]  (3.05 ns)

 <State 77>: 3.05ns
The critical path consists of the following:
	'sdiv' operation ('sdiv_ln1148', demodulation_FM.cpp:259->demodulation_FM.cpp:429) [63]  (3.05 ns)

 <State 78>: 3.05ns
The critical path consists of the following:
	'sdiv' operation ('sdiv_ln1148', demodulation_FM.cpp:259->demodulation_FM.cpp:429) [63]  (3.05 ns)

 <State 79>: 3.05ns
The critical path consists of the following:
	'sdiv' operation ('sdiv_ln1148', demodulation_FM.cpp:259->demodulation_FM.cpp:429) [63]  (3.05 ns)

 <State 80>: 3.05ns
The critical path consists of the following:
	'sdiv' operation ('sdiv_ln1148', demodulation_FM.cpp:259->demodulation_FM.cpp:429) [63]  (3.05 ns)

 <State 81>: 3.05ns
The critical path consists of the following:
	'sdiv' operation ('sdiv_ln1148', demodulation_FM.cpp:259->demodulation_FM.cpp:429) [63]  (3.05 ns)

 <State 82>: 3.05ns
The critical path consists of the following:
	'sdiv' operation ('sdiv_ln1148', demodulation_FM.cpp:259->demodulation_FM.cpp:429) [63]  (3.05 ns)

 <State 83>: 3.05ns
The critical path consists of the following:
	'sdiv' operation ('sdiv_ln1148', demodulation_FM.cpp:259->demodulation_FM.cpp:429) [63]  (3.05 ns)

 <State 84>: 3.05ns
The critical path consists of the following:
	'sdiv' operation ('sdiv_ln1148', demodulation_FM.cpp:259->demodulation_FM.cpp:429) [63]  (3.05 ns)

 <State 85>: 3.05ns
The critical path consists of the following:
	'sdiv' operation ('sdiv_ln1148', demodulation_FM.cpp:259->demodulation_FM.cpp:429) [63]  (3.05 ns)

 <State 86>: 3.05ns
The critical path consists of the following:
	'sdiv' operation ('sdiv_ln1148', demodulation_FM.cpp:259->demodulation_FM.cpp:429) [63]  (3.05 ns)

 <State 87>: 3.05ns
The critical path consists of the following:
	'sdiv' operation ('sdiv_ln1148', demodulation_FM.cpp:259->demodulation_FM.cpp:429) [63]  (3.05 ns)

 <State 88>: 3.05ns
The critical path consists of the following:
	'sdiv' operation ('sdiv_ln1148', demodulation_FM.cpp:259->demodulation_FM.cpp:429) [63]  (3.05 ns)

 <State 89>: 3.05ns
The critical path consists of the following:
	'sdiv' operation ('sdiv_ln1148', demodulation_FM.cpp:259->demodulation_FM.cpp:429) [63]  (3.05 ns)

 <State 90>: 3.05ns
The critical path consists of the following:
	'sdiv' operation ('sdiv_ln1148', demodulation_FM.cpp:259->demodulation_FM.cpp:429) [63]  (3.05 ns)

 <State 91>: 3.05ns
The critical path consists of the following:
	'sdiv' operation ('sdiv_ln1148', demodulation_FM.cpp:259->demodulation_FM.cpp:429) [63]  (3.05 ns)

 <State 92>: 3.05ns
The critical path consists of the following:
	'sdiv' operation ('sdiv_ln1148', demodulation_FM.cpp:259->demodulation_FM.cpp:429) [63]  (3.05 ns)

 <State 93>: 3.05ns
The critical path consists of the following:
	'sdiv' operation ('sdiv_ln1148', demodulation_FM.cpp:259->demodulation_FM.cpp:429) [63]  (3.05 ns)

 <State 94>: 3.05ns
The critical path consists of the following:
	'sdiv' operation ('sdiv_ln1148', demodulation_FM.cpp:259->demodulation_FM.cpp:429) [63]  (3.05 ns)

 <State 95>: 3.05ns
The critical path consists of the following:
	'sdiv' operation ('sdiv_ln1148', demodulation_FM.cpp:259->demodulation_FM.cpp:429) [63]  (3.05 ns)

 <State 96>: 3.05ns
The critical path consists of the following:
	'sdiv' operation ('sdiv_ln1148', demodulation_FM.cpp:259->demodulation_FM.cpp:429) [63]  (3.05 ns)

 <State 97>: 3.05ns
The critical path consists of the following:
	'sdiv' operation ('sdiv_ln1148', demodulation_FM.cpp:259->demodulation_FM.cpp:429) [63]  (3.05 ns)

 <State 98>: 3.05ns
The critical path consists of the following:
	'sdiv' operation ('sdiv_ln1148', demodulation_FM.cpp:259->demodulation_FM.cpp:429) [63]  (3.05 ns)

 <State 99>: 3.05ns
The critical path consists of the following:
	'sdiv' operation ('sdiv_ln1148', demodulation_FM.cpp:259->demodulation_FM.cpp:429) [63]  (3.05 ns)

 <State 100>: 3.05ns
The critical path consists of the following:
	'sdiv' operation ('sdiv_ln1148', demodulation_FM.cpp:259->demodulation_FM.cpp:429) [63]  (3.05 ns)

 <State 101>: 3.05ns
The critical path consists of the following:
	'sdiv' operation ('sdiv_ln1148', demodulation_FM.cpp:259->demodulation_FM.cpp:429) [63]  (3.05 ns)

 <State 102>: 3.05ns
The critical path consists of the following:
	'sdiv' operation ('sdiv_ln1148', demodulation_FM.cpp:259->demodulation_FM.cpp:429) [63]  (3.05 ns)

 <State 103>: 3.05ns
The critical path consists of the following:
	'sdiv' operation ('sdiv_ln1148', demodulation_FM.cpp:259->demodulation_FM.cpp:429) [63]  (3.05 ns)

 <State 104>: 3.05ns
The critical path consists of the following:
	'sdiv' operation ('sdiv_ln1148', demodulation_FM.cpp:259->demodulation_FM.cpp:429) [63]  (3.05 ns)

 <State 105>: 3.05ns
The critical path consists of the following:
	'sdiv' operation ('sdiv_ln1148', demodulation_FM.cpp:259->demodulation_FM.cpp:429) [63]  (3.05 ns)

 <State 106>: 3.05ns
The critical path consists of the following:
	'sdiv' operation ('sdiv_ln1148', demodulation_FM.cpp:259->demodulation_FM.cpp:429) [63]  (3.05 ns)

 <State 107>: 3.05ns
The critical path consists of the following:
	'sdiv' operation ('sdiv_ln1148', demodulation_FM.cpp:259->demodulation_FM.cpp:429) [63]  (3.05 ns)

 <State 108>: 3.05ns
The critical path consists of the following:
	'sdiv' operation ('sdiv_ln1148', demodulation_FM.cpp:259->demodulation_FM.cpp:429) [63]  (3.05 ns)

 <State 109>: 3.05ns
The critical path consists of the following:
	'sdiv' operation ('sdiv_ln1148', demodulation_FM.cpp:259->demodulation_FM.cpp:429) [63]  (3.05 ns)

 <State 110>: 3.05ns
The critical path consists of the following:
	'sdiv' operation ('sdiv_ln1148', demodulation_FM.cpp:259->demodulation_FM.cpp:429) [63]  (3.05 ns)

 <State 111>: 3.05ns
The critical path consists of the following:
	'sdiv' operation ('sdiv_ln1148', demodulation_FM.cpp:259->demodulation_FM.cpp:429) [63]  (3.05 ns)

 <State 112>: 3.05ns
The critical path consists of the following:
	'sdiv' operation ('sdiv_ln1148', demodulation_FM.cpp:259->demodulation_FM.cpp:429) [63]  (3.05 ns)

 <State 113>: 5.71ns
The critical path consists of the following:
	'sdiv' operation ('sdiv_ln1148', demodulation_FM.cpp:259->demodulation_FM.cpp:429) [63]  (3.05 ns)
	'store' operation ('store_ln259', demodulation_FM.cpp:259->demodulation_FM.cpp:429) of variable 'trunc_ln', demodulation_FM.cpp:259->demodulation_FM.cpp:429 on array 'ary.V', demodulation_FM.cpp:428 [66]  (2.66 ns)

 <State 114>: 2.66ns
The critical path consists of the following:
	'phi' operation ('n') with incoming values : ('n', demodulation_FM.cpp:230->demodulation_FM.cpp:460) [72]  (0 ns)
	'getelementptr' operation ('y_demod_nd_V_addr_2', demodulation_FM.cpp:232->demodulation_FM.cpp:460) [81]  (0 ns)
	'load' operation ('value.V', demodulation_FM.cpp:232->demodulation_FM.cpp:460) on array 'ary.V', demodulation_FM.cpp:428 [82]  (2.66 ns)

 <State 115>: 5.33ns
The critical path consists of the following:
	'load' operation ('value.V', demodulation_FM.cpp:232->demodulation_FM.cpp:460) on array 'ary.V', demodulation_FM.cpp:428 [82]  (2.66 ns)
	'store' operation ('store_ln236', demodulation_FM.cpp:236->demodulation_FM.cpp:460) of variable 'value.V', demodulation_FM.cpp:232->demodulation_FM.cpp:460 on array 'y_demod_d_V' [91]  (2.66 ns)


============================================================
+ Verbose Summary: Binding
============================================================
N/A
* FSMD analyzer results:
  - Output states:
 - Input state : 
  - Chain level:
	State 1
	State 2
	State 3
	State 4
	State 5
	State 6
	State 7
	State 8
	State 9
	State 10
	State 11
	State 12
	State 13
	State 14
	State 15
	State 16
	State 17
	State 18
	State 19
	State 20
	State 21
	State 22
	State 23
	State 24
	State 25
	State 26
	State 27
	State 28
	State 29
	State 30
	State 31
	State 32
	State 33
	State 34
	State 35
	State 36
	State 37
	State 38
	State 39
	State 40
	State 41
	State 42
	State 43
	State 44
	State 45
	State 46
	State 47
	State 48
	State 49
	State 50
	State 51
	State 52
	State 53
	State 54
	State 55
	State 56
	State 57
	State 58
	State 59
	State 60
	State 61
	State 62
	State 63
	State 64
	State 65
	State 66
	State 67
	State 68
	State 69
	State 70
	State 71
	State 72
	State 73
	State 74
	State 75
	State 76
	State 77
	State 78
	State 79
	State 80
	State 81
	State 82
	State 83
	State 84
	State 85
	State 86
	State 87
	State 88
	State 89
	State 90
	State 91
	State 92
	State 93
	State 94
	State 95
	State 96
	State 97
	State 98
	State 99
	State 100
	State 101
	State 102
	State 103
	State 104
	State 105
	State 106
	State 107
	State 108
	State 109
	State 110
	State 111
	State 112
	State 113
	State 114
	State 115


============================================================
+ Verbose Summary: Datapath Resource usage 
============================================================
N/A
