

================================================================
== Vivado HLS Report for 'fir'
================================================================
* Date:           Tue Apr 28 17:38:41 2020

* Version:        2019.2 (Build 2704478 on Wed Nov 06 22:10:23 MST 2019)
* Project:        demodulationFM
* Solution:       solution1
* Product family: kintex7
* Target device:  xc7k70t-fbv676-1


================================================================
== Performance Estimates
================================================================
+ Timing: 
    * Summary: 
    +--------+----------+----------+------------+
    |  Clock |  Target  | Estimated| Uncertainty|
    +--------+----------+----------+------------+
    |ap_clk  | 10.00 ns | 8.367 ns |   1.25 ns  |
    +--------+----------+----------+------------+

+ Latency: 
    * Summary: 
    +---------+---------+-----------+-----------+---------+---------+---------+
    |  Latency (cycles) |   Latency (absolute)  |      Interval     | Pipeline|
    |   min   |   max   |    min    |    max    |   min   |   max   |   Type  |
    +---------+---------+-----------+-----------+---------+---------+---------+
    |  9597088|  9597088| 95.971 ms | 95.971 ms |  9597088|  9597088|   none  |
    +---------+---------+-----------+-----------+---------+---------+---------+

    + Detail: 
        * Instance: 
        N/A

        * Loop: 
        +----------+---------+---------+----------+-----------+-----------+-------+----------+
        |          |  Latency (cycles) | Iteration|  Initiation Interval  |  Trip |          |
        | Loop Name|   min   |   max   |  Latency |  achieved |   target  | Count | Pipelined|
        +----------+---------+---------+----------+-----------+-----------+-------+----------+
        |- Loop 1  |       62|       62|         2|          -|          -|     31|    no    |
        |- Loop 2  |  9597024|  9597024|        96|          -|          -|  99969|    no    |
        | + HConv  |       93|       93|         3|          -|          -|     31|    no    |
        +----------+---------+---------+----------+-----------+-----------+-------+----------+

============================================================
+ Verbose Summary: Synthesis Manager
============================================================
InlineROM: 1
ExposeGlobal: 0
============================================================
+ Verbose Summary: CDFG Model
============================================================
IsTopModel: 0
ResetActiveHigh: 1
IsCombinational: 0
IsDatapathOnly: 0
HasWiredReturn: 1
HasMFsm: 0
HasVarLatency: 1
IsPipeline: 0
IsRtlPipelined: 0
IsInstanceOverlapped: 0
IsDontTouch: 0
HasImplIP: 0
IsGatedGlobalClock: 0


============================================================
+ Verbose Summary: Schedule
============================================================
* Number of FSM states : 8
* Pipeline : 0
* Dataflow Pipeline: 0

* FSM state transitions: 
1 --> 2 
2 --> 3 4 
3 --> 2 
4 --> 5 
5 --> 6 
6 --> 7 4 
7 --> 8 
8 --> 6 

* FSM state operations: 

State 1 <SV = 0> <Delay = 1.06>
ST_1 : Operation 9 [1/1] (0.00ns)   --->   "%hwin_V = alloca [31 x i32], align 4" [demodulation_FM.cpp:5]   --->   Operation 9 'alloca' 'hwin_V' <Predicate = true> <Delay = 0.00> <Core = "RAM">   --->   Core 37 'RAM' <Latency = 1> <II = 1> <Delay = 2.66> <Storage> <Opcode : 'load' 'store'> <Ports = 2> <Width = 32> <Depth = 100000> <RAM>
ST_1 : Operation 10 [1/1] (1.06ns)   --->   "br label %1" [demodulation_FM.cpp:39]   --->   Operation 10 'br' <Predicate = true> <Delay = 1.06>

State 2 <SV = 1> <Delay = 2.66>
ST_2 : Operation 11 [1/1] (0.00ns)   --->   "%j_0 = phi i5 [ 0, %0 ], [ %j, %2 ]"   --->   Operation 11 'phi' 'j_0' <Predicate = true> <Delay = 0.00>
ST_2 : Operation 12 [1/1] (1.11ns)   --->   "%icmp_ln39 = icmp eq i5 %j_0, -1" [demodulation_FM.cpp:39]   --->   Operation 12 'icmp' 'icmp_ln39' <Predicate = true> <Delay = 1.11> <Core = "Cmp">   --->   Core 25 'Cmp' <Latency = 0> <II = 1> <Delay = 1.11> <FuncUnit> <Opcode : 'icmp'> <InPorts = 2> <OutPorts = 1>
ST_2 : Operation 13 [1/1] (0.00ns)   --->   "%empty = call i32 (...)* @_ssdm_op_SpecLoopTripCount(i64 31, i64 31, i64 31)"   --->   Operation 13 'speclooptripcount' 'empty' <Predicate = true> <Delay = 0.00>
ST_2 : Operation 14 [1/1] (1.33ns)   --->   "%j = add i5 %j_0, 1" [demodulation_FM.cpp:39]   --->   Operation 14 'add' 'j' <Predicate = true> <Delay = 1.33> <Core = "AddSub">   --->   Core 14 'AddSub' <Latency = 0> <II = 1> <Delay = 1.50> <FuncUnit> <Opcode : 'add' 'sub'> <InPorts = 2> <OutPorts = 1>
ST_2 : Operation 15 [1/1] (0.00ns)   --->   "br i1 %icmp_ln39, label %.preheader.preheader, label %2" [demodulation_FM.cpp:39]   --->   Operation 15 'br' <Predicate = true> <Delay = 0.00>
ST_2 : Operation 16 [1/1] (0.00ns)   --->   "%zext_ln41 = zext i5 %j_0 to i64" [demodulation_FM.cpp:41]   --->   Operation 16 'zext' 'zext_ln41' <Predicate = (!icmp_ln39)> <Delay = 0.00>
ST_2 : Operation 17 [1/1] (0.00ns)   --->   "%x_V_addr = getelementptr [100000 x i32]* %x_V, i64 0, i64 %zext_ln41" [demodulation_FM.cpp:41]   --->   Operation 17 'getelementptr' 'x_V_addr' <Predicate = (!icmp_ln39)> <Delay = 0.00>
ST_2 : Operation 18 [2/2] (2.66ns)   --->   "%x_V_load = load i32* %x_V_addr, align 4" [demodulation_FM.cpp:41]   --->   Operation 18 'load' 'x_V_load' <Predicate = (!icmp_ln39)> <Delay = 2.66> <Core = "RAM">   --->   Core 37 'RAM' <Latency = 1> <II = 1> <Delay = 2.66> <Storage> <Opcode : 'load' 'store'> <Ports = 2> <Width = 32> <Depth = 100000> <RAM>
ST_2 : Operation 19 [1/1] (1.06ns)   --->   "br label %.preheader" [demodulation_FM.cpp:44]   --->   Operation 19 'br' <Predicate = (icmp_ln39)> <Delay = 1.06>

State 3 <SV = 2> <Delay = 5.32>
ST_3 : Operation 20 [1/2] (2.66ns)   --->   "%x_V_load = load i32* %x_V_addr, align 4" [demodulation_FM.cpp:41]   --->   Operation 20 'load' 'x_V_load' <Predicate = true> <Delay = 2.66> <Core = "RAM">   --->   Core 37 'RAM' <Latency = 1> <II = 1> <Delay = 2.66> <Storage> <Opcode : 'load' 'store'> <Ports = 2> <Width = 32> <Depth = 100000> <RAM>
ST_3 : Operation 21 [1/1] (0.00ns)   --->   "%y_V_addr = getelementptr [100000 x i32]* %y_V, i64 0, i64 %zext_ln41" [demodulation_FM.cpp:41]   --->   Operation 21 'getelementptr' 'y_V_addr' <Predicate = true> <Delay = 0.00>
ST_3 : Operation 22 [1/1] (2.66ns)   --->   "store i32 %x_V_load, i32* %y_V_addr, align 4" [demodulation_FM.cpp:41]   --->   Operation 22 'store' <Predicate = true> <Delay = 2.66> <Core = "RAM">   --->   Core 37 'RAM' <Latency = 1> <II = 1> <Delay = 2.66> <Storage> <Opcode : 'load' 'store'> <Ports = 2> <Width = 32> <Depth = 100000> <RAM>
ST_3 : Operation 23 [1/1] (0.00ns)   --->   "%hwin_V_addr = getelementptr [31 x i32]* %hwin_V, i64 0, i64 %zext_ln41" [demodulation_FM.cpp:42]   --->   Operation 23 'getelementptr' 'hwin_V_addr' <Predicate = true> <Delay = 0.00>
ST_3 : Operation 24 [1/1] (1.42ns)   --->   "store i32 %x_V_load, i32* %hwin_V_addr, align 4" [demodulation_FM.cpp:42]   --->   Operation 24 'store' <Predicate = true> <Delay = 1.42> <Core = "RAM">   --->   Core 37 'RAM' <Latency = 1> <II = 1> <Delay = 2.66> <Storage> <Opcode : 'load' 'store'> <Ports = 2> <Width = 32> <Depth = 100000> <RAM>
ST_3 : Operation 25 [1/1] (0.00ns)   --->   "br label %1" [demodulation_FM.cpp:39]   --->   Operation 25 'br' <Predicate = true> <Delay = 0.00>

State 4 <SV = 2> <Delay = 2.66>
ST_4 : Operation 26 [1/1] (0.00ns)   --->   "%l_0 = phi i17 [ %l, %4 ], [ 31, %.preheader.preheader ]"   --->   Operation 26 'phi' 'l_0' <Predicate = true> <Delay = 0.00>
ST_4 : Operation 27 [1/1] (1.50ns)   --->   "%icmp_ln44 = icmp eq i17 %l_0, -31072" [demodulation_FM.cpp:44]   --->   Operation 27 'icmp' 'icmp_ln44' <Predicate = true> <Delay = 1.50> <Core = "Cmp">   --->   Core 25 'Cmp' <Latency = 0> <II = 1> <Delay = 1.11> <FuncUnit> <Opcode : 'icmp'> <InPorts = 2> <OutPorts = 1>
ST_4 : Operation 28 [1/1] (0.00ns)   --->   "%empty_19 = call i32 (...)* @_ssdm_op_SpecLoopTripCount(i64 99969, i64 99969, i64 99969)"   --->   Operation 28 'speclooptripcount' 'empty_19' <Predicate = true> <Delay = 0.00>
ST_4 : Operation 29 [1/1] (0.00ns)   --->   "br i1 %icmp_ln44, label %5, label %_ZN8ap_fixedILi32ELi16EL9ap_q_mode5EL9ap_o_mode3ELi0EEC1Ei.exit" [demodulation_FM.cpp:44]   --->   Operation 29 'br' <Predicate = true> <Delay = 0.00>
ST_4 : Operation 30 [1/1] (0.00ns)   --->   "%zext_ln46 = zext i17 %l_0 to i64" [demodulation_FM.cpp:46]   --->   Operation 30 'zext' 'zext_ln46' <Predicate = (!icmp_ln44)> <Delay = 0.00>
ST_4 : Operation 31 [1/1] (0.00ns)   --->   "%x_V_addr_1 = getelementptr [100000 x i32]* %x_V, i64 0, i64 %zext_ln46" [demodulation_FM.cpp:46]   --->   Operation 31 'getelementptr' 'x_V_addr_1' <Predicate = (!icmp_ln44)> <Delay = 0.00>
ST_4 : Operation 32 [2/2] (2.66ns)   --->   "%in_val_V = load i32* %x_V_addr_1, align 4" [demodulation_FM.cpp:46]   --->   Operation 32 'load' 'in_val_V' <Predicate = (!icmp_ln44)> <Delay = 2.66> <Core = "RAM">   --->   Core 37 'RAM' <Latency = 1> <II = 1> <Delay = 2.66> <Storage> <Opcode : 'load' 'store'> <Ports = 2> <Width = 32> <Depth = 100000> <RAM>
ST_4 : Operation 33 [1/1] (0.00ns)   --->   "ret void" [demodulation_FM.cpp:55]   --->   Operation 33 'ret' <Predicate = (icmp_ln44)> <Delay = 0.00>

State 5 <SV = 3> <Delay = 2.66>
ST_5 : Operation 34 [1/2] (2.66ns)   --->   "%in_val_V = load i32* %x_V_addr_1, align 4" [demodulation_FM.cpp:46]   --->   Operation 34 'load' 'in_val_V' <Predicate = true> <Delay = 2.66> <Core = "RAM">   --->   Core 37 'RAM' <Latency = 1> <II = 1> <Delay = 2.66> <Storage> <Opcode : 'load' 'store'> <Ports = 2> <Width = 32> <Depth = 100000> <RAM>
ST_5 : Operation 35 [1/1] (1.06ns)   --->   "br label %3" [demodulation_FM.cpp:48]   --->   Operation 35 'br' <Predicate = true> <Delay = 1.06>

State 6 <SV = 4> <Delay = 2.76>
ST_6 : Operation 36 [1/1] (0.00ns)   --->   "%p_Val2_s = phi i32 [ 0, %_ZN8ap_fixedILi32ELi16EL9ap_q_mode5EL9ap_o_mode3ELi0EEC1Ei.exit ], [ %out_val_V, %_ifconv ]"   --->   Operation 36 'phi' 'p_Val2_s' <Predicate = true> <Delay = 0.00>
ST_6 : Operation 37 [1/1] (0.00ns)   --->   "%i_0 = phi i5 [ 0, %_ZN8ap_fixedILi32ELi16EL9ap_q_mode5EL9ap_o_mode3ELi0EEC1Ei.exit ], [ %i, %_ifconv ]"   --->   Operation 37 'phi' 'i_0' <Predicate = true> <Delay = 0.00>
ST_6 : Operation 38 [1/1] (1.11ns)   --->   "%icmp_ln48 = icmp eq i5 %i_0, -1" [demodulation_FM.cpp:48]   --->   Operation 38 'icmp' 'icmp_ln48' <Predicate = true> <Delay = 1.11> <Core = "Cmp">   --->   Core 25 'Cmp' <Latency = 0> <II = 1> <Delay = 1.11> <FuncUnit> <Opcode : 'icmp'> <InPorts = 2> <OutPorts = 1>
ST_6 : Operation 39 [1/1] (0.00ns)   --->   "%empty_20 = call i32 (...)* @_ssdm_op_SpecLoopTripCount(i64 31, i64 31, i64 31)"   --->   Operation 39 'speclooptripcount' 'empty_20' <Predicate = true> <Delay = 0.00>
ST_6 : Operation 40 [1/1] (1.33ns)   --->   "%i = add i5 %i_0, 1" [demodulation_FM.cpp:49]   --->   Operation 40 'add' 'i' <Predicate = true> <Delay = 1.33> <Core = "AddSub">   --->   Core 14 'AddSub' <Latency = 0> <II = 1> <Delay = 1.50> <FuncUnit> <Opcode : 'add' 'sub'> <InPorts = 2> <OutPorts = 1>
ST_6 : Operation 41 [1/1] (0.00ns)   --->   "br i1 %icmp_ln48, label %4, label %_ifconv" [demodulation_FM.cpp:48]   --->   Operation 41 'br' <Predicate = true> <Delay = 0.00>
ST_6 : Operation 42 [1/1] (0.00ns)   --->   "%zext_ln49 = zext i5 %i_0 to i64" [demodulation_FM.cpp:49]   --->   Operation 42 'zext' 'zext_ln49' <Predicate = (!icmp_ln48)> <Delay = 0.00>
ST_6 : Operation 43 [1/1] (1.11ns)   --->   "%icmp_ln49 = icmp ult i5 %i_0, -2" [demodulation_FM.cpp:49]   --->   Operation 43 'icmp' 'icmp_ln49' <Predicate = (!icmp_ln48)> <Delay = 1.11> <Core = "Cmp">   --->   Core 25 'Cmp' <Latency = 0> <II = 1> <Delay = 1.11> <FuncUnit> <Opcode : 'icmp'> <InPorts = 2> <OutPorts = 1>
ST_6 : Operation 44 [1/1] (0.00ns)   --->   "%zext_ln49_1 = zext i5 %i to i64" [demodulation_FM.cpp:49]   --->   Operation 44 'zext' 'zext_ln49_1' <Predicate = (!icmp_ln48)> <Delay = 0.00>
ST_6 : Operation 45 [1/1] (0.00ns)   --->   "%hwin_V_addr_1 = getelementptr [31 x i32]* %hwin_V, i64 0, i64 %zext_ln49_1" [demodulation_FM.cpp:49]   --->   Operation 45 'getelementptr' 'hwin_V_addr_1' <Predicate = (!icmp_ln48)> <Delay = 0.00>
ST_6 : Operation 46 [2/2] (1.42ns)   --->   "%hwin_V_load = load i32* %hwin_V_addr_1, align 4" [demodulation_FM.cpp:49]   --->   Operation 46 'load' 'hwin_V_load' <Predicate = (!icmp_ln48)> <Delay = 1.42> <Core = "RAM">   --->   Core 37 'RAM' <Latency = 1> <II = 1> <Delay = 2.66> <Storage> <Opcode : 'load' 'store'> <Ports = 2> <Width = 32> <Depth = 100000> <RAM>
ST_6 : Operation 47 [1/1] (0.00ns)   --->   "%coef_addr = getelementptr [31 x i12]* @coef, i64 0, i64 %zext_ln49" [demodulation_FM.cpp:50]   --->   Operation 47 'getelementptr' 'coef_addr' <Predicate = (!icmp_ln48)> <Delay = 0.00>
ST_6 : Operation 48 [2/2] (2.66ns)   --->   "%coef_load = load i12* %coef_addr, align 2" [demodulation_FM.cpp:50]   --->   Operation 48 'load' 'coef_load' <Predicate = (!icmp_ln48)> <Delay = 2.66> <Core = "ROM_nP">   --->   Core 52 'ROM_nP' <Latency = 1> <II = 1> <Delay = 2.66> <Storage> <Opcode : 'load'> <Ports = 0> <Width = 12> <Depth = 31> <ROM>
ST_6 : Operation 49 [1/1] (0.00ns)   --->   "%y_V_addr_1 = getelementptr [100000 x i32]* %y_V, i64 0, i64 %zext_ln46" [demodulation_FM.cpp:53]   --->   Operation 49 'getelementptr' 'y_V_addr_1' <Predicate = (icmp_ln48)> <Delay = 0.00>
ST_6 : Operation 50 [1/1] (2.66ns)   --->   "store i32 %p_Val2_s, i32* %y_V_addr_1, align 4" [demodulation_FM.cpp:53]   --->   Operation 50 'store' <Predicate = (icmp_ln48)> <Delay = 2.66> <Core = "RAM">   --->   Core 37 'RAM' <Latency = 1> <II = 1> <Delay = 2.66> <Storage> <Opcode : 'load' 'store'> <Ports = 2> <Width = 32> <Depth = 100000> <RAM>
ST_6 : Operation 51 [1/1] (1.50ns)   --->   "%l = add i17 %l_0, 1" [demodulation_FM.cpp:44]   --->   Operation 51 'add' 'l' <Predicate = (icmp_ln48)> <Delay = 1.50> <Core = "AddSub">   --->   Core 14 'AddSub' <Latency = 0> <II = 1> <Delay = 1.50> <FuncUnit> <Opcode : 'add' 'sub'> <InPorts = 2> <OutPorts = 1>
ST_6 : Operation 52 [1/1] (0.00ns)   --->   "br label %.preheader" [demodulation_FM.cpp:44]   --->   Operation 52 'br' <Predicate = (icmp_ln48)> <Delay = 0.00>

State 7 <SV = 5> <Delay = 3.48>
ST_7 : Operation 53 [1/2] (1.42ns)   --->   "%hwin_V_load = load i32* %hwin_V_addr_1, align 4" [demodulation_FM.cpp:49]   --->   Operation 53 'load' 'hwin_V_load' <Predicate = true> <Delay = 1.42> <Core = "RAM">   --->   Core 37 'RAM' <Latency = 1> <II = 1> <Delay = 2.66> <Storage> <Opcode : 'load' 'store'> <Ports = 2> <Width = 32> <Depth = 100000> <RAM>
ST_7 : Operation 54 [1/1] (0.63ns)   --->   "%select_ln49 = select i1 %icmp_ln49, i32 %hwin_V_load, i32 %in_val_V" [demodulation_FM.cpp:49]   --->   Operation 54 'select' 'select_ln49' <Predicate = true> <Delay = 0.63> <Core = "Sel">   --->   Core 26 'Sel' <Latency = 0> <II = 1> <Delay = 0.63> <FuncUnit> <Opcode : 'select'> <InPorts = 3> <OutPorts = 1>
ST_7 : Operation 55 [1/1] (0.00ns)   --->   "%hwin_V_addr_2 = getelementptr [31 x i32]* %hwin_V, i64 0, i64 %zext_ln49" [demodulation_FM.cpp:49]   --->   Operation 55 'getelementptr' 'hwin_V_addr_2' <Predicate = true> <Delay = 0.00>
ST_7 : Operation 56 [1/1] (1.42ns)   --->   "store i32 %select_ln49, i32* %hwin_V_addr_2, align 4" [demodulation_FM.cpp:49]   --->   Operation 56 'store' <Predicate = true> <Delay = 1.42> <Core = "RAM">   --->   Core 37 'RAM' <Latency = 1> <II = 1> <Delay = 2.66> <Storage> <Opcode : 'load' 'store'> <Ports = 2> <Width = 32> <Depth = 100000> <RAM>
ST_7 : Operation 57 [1/2] (2.66ns)   --->   "%coef_load = load i12* %coef_addr, align 2" [demodulation_FM.cpp:50]   --->   Operation 57 'load' 'coef_load' <Predicate = true> <Delay = 2.66> <Core = "ROM_nP">   --->   Core 52 'ROM_nP' <Latency = 1> <II = 1> <Delay = 2.66> <Storage> <Opcode : 'load'> <Ports = 0> <Width = 12> <Depth = 31> <ROM>

State 8 <SV = 6> <Delay = 8.36>
ST_8 : Operation 58 [1/1] (0.00ns)   --->   "call void (...)* @_ssdm_op_SpecLoopName([6 x i8]* @p_str) nounwind" [demodulation_FM.cpp:48]   --->   Operation 58 'specloopname' <Predicate = true> <Delay = 0.00>
ST_8 : Operation 59 [1/1] (0.00ns)   --->   "%sext_ln1116 = sext i32 %select_ln49 to i44" [demodulation_FM.cpp:50]   --->   Operation 59 'sext' 'sext_ln1116' <Predicate = true> <Delay = 0.00>
ST_8 : Operation 60 [1/1] (0.00ns)   --->   "%zext_ln1118 = zext i12 %coef_load to i44" [demodulation_FM.cpp:50]   --->   Operation 60 'zext' 'zext_ln1118' <Predicate = true> <Delay = 0.00>
ST_8 : Operation 61 [1/1] (6.58ns)   --->   "%r_V = mul i44 %zext_ln1118, %sext_ln1116" [demodulation_FM.cpp:50]   --->   Operation 61 'mul' 'r_V' <Predicate = true> <Delay = 6.58> <Core = "Mul">   --->   Core 16 'Mul' <Latency = 0> <II = 1> <Delay = 6.58> <FuncUnit> <Opcode : 'mul'> <InPorts = 2> <OutPorts = 1>
ST_8 : Operation 62 [1/1] (0.00ns)   --->   "%lhs_V = call i48 @_ssdm_op_BitConcatenate.i48.i32.i16(i32 %p_Val2_s, i16 0)" [demodulation_FM.cpp:50]   --->   Operation 62 'bitconcatenate' 'lhs_V' <Predicate = true> <Delay = 0.00>
ST_8 : Operation 63 [1/1] (0.00ns)   --->   "%sext_ln1192 = sext i44 %r_V to i48" [demodulation_FM.cpp:50]   --->   Operation 63 'sext' 'sext_ln1192' <Predicate = true> <Delay = 0.00>
ST_8 : Operation 64 [1/1] (1.78ns)   --->   "%ret_V = add i48 %sext_ln1192, %lhs_V" [demodulation_FM.cpp:50]   --->   Operation 64 'add' 'ret_V' <Predicate = true> <Delay = 1.78> <Core = "AddSub">   --->   Core 14 'AddSub' <Latency = 0> <II = 1> <Delay = 1.50> <FuncUnit> <Opcode : 'add' 'sub'> <InPorts = 2> <OutPorts = 1>
ST_8 : Operation 65 [1/1] (0.00ns)   --->   "%out_val_V = call i32 @_ssdm_op_PartSelect.i32.i48.i32.i32(i48 %ret_V, i32 16, i32 47)" [demodulation_FM.cpp:50]   --->   Operation 65 'partselect' 'out_val_V' <Predicate = true> <Delay = 0.00>
ST_8 : Operation 66 [1/1] (0.00ns)   --->   "br label %3" [demodulation_FM.cpp:48]   --->   Operation 66 'br' <Predicate = true> <Delay = 0.00>


============================================================
+ Verbose Summary: Timing violations
============================================================
Target clock period: 10ns, clock uncertainty: 1.25ns.

 <State 1>: 1.06ns
The critical path consists of the following:
	multiplexor before 'phi' operation ('j') with incoming values : ('j', demodulation_FM.cpp:39) [8]  (1.06 ns)

 <State 2>: 2.66ns
The critical path consists of the following:
	'phi' operation ('j') with incoming values : ('j', demodulation_FM.cpp:39) [8]  (0 ns)
	'getelementptr' operation ('x_V_addr', demodulation_FM.cpp:41) [15]  (0 ns)
	'load' operation ('x_V_load', demodulation_FM.cpp:41) on array 'x_V' [16]  (2.66 ns)

 <State 3>: 5.33ns
The critical path consists of the following:
	'load' operation ('x_V_load', demodulation_FM.cpp:41) on array 'x_V' [16]  (2.66 ns)
	'store' operation ('store_ln41', demodulation_FM.cpp:41) of variable 'x_V_load', demodulation_FM.cpp:41 on array 'y_V' [18]  (2.66 ns)

 <State 4>: 2.66ns
The critical path consists of the following:
	'phi' operation ('l') with incoming values : ('l', demodulation_FM.cpp:44) [25]  (0 ns)
	'getelementptr' operation ('x_V_addr_1', demodulation_FM.cpp:46) [31]  (0 ns)
	'load' operation ('in_val.V', demodulation_FM.cpp:46) on array 'x_V' [32]  (2.66 ns)

 <State 5>: 2.66ns
The critical path consists of the following:
	'load' operation ('in_val.V', demodulation_FM.cpp:46) on array 'x_V' [32]  (2.66 ns)

 <State 6>: 2.76ns
The critical path consists of the following:
	'phi' operation ('i') with incoming values : ('i', demodulation_FM.cpp:49) [36]  (0 ns)
	'add' operation ('i', demodulation_FM.cpp:49) [39]  (1.34 ns)
	'getelementptr' operation ('hwin_V_addr_1', demodulation_FM.cpp:49) [46]  (0 ns)
	'load' operation ('hwin_V_load', demodulation_FM.cpp:49) on array 'hwin.V', demodulation_FM.cpp:5 [47]  (1.43 ns)

 <State 7>: 3.48ns
The critical path consists of the following:
	'load' operation ('hwin_V_load', demodulation_FM.cpp:49) on array 'hwin.V', demodulation_FM.cpp:5 [47]  (1.43 ns)
	'select' operation ('select_ln49', demodulation_FM.cpp:49) [48]  (0.631 ns)
	'store' operation ('store_ln49', demodulation_FM.cpp:49) of variable 'select_ln49', demodulation_FM.cpp:49 on array 'hwin.V', demodulation_FM.cpp:5 [50]  (1.43 ns)

 <State 8>: 8.37ns
The critical path consists of the following:
	'mul' operation ('r.V', demodulation_FM.cpp:50) [55]  (6.58 ns)
	'add' operation ('ret.V', demodulation_FM.cpp:50) [58]  (1.79 ns)


============================================================
+ Verbose Summary: Binding
============================================================
N/A
* FSMD analyzer results:
  - Output states:
 - Input state : 
  - Chain level:
	State 1
	State 2
	State 3
	State 4
	State 5
	State 6
	State 7
	State 8


============================================================
+ Verbose Summary: Datapath Resource usage 
============================================================
N/A
